adc.c:46:13:adc_cb	0	static
adc.c:113:13:adc_routing_cb	8	static
adc.c:158:5:adc_set_callback	0	static
adc.c:162:5:adc_set_buffer	0	static
adc.c:167:5:adc_set_double_buffer	0	static
adc.c:172:6:adc_is_present	8	static
adc.c:176:5:adc_channel_count	0	static
adc.c:180:5:adc_single_sample	0	static
adc.c:184:5:adc_continuous_sample	0	static
adc.c:188:5:adc_buffered_sample	0	static
adc.c:192:5:adc_continuous_buffered_sample	0	static
adc.c:196:5:adc_stop_sampling	0	static
adc.c:203:5:adc_set_single_sample_callback	0	static
adc.c:209:5:adc_set_continuous_sample_callback	0	static
adc.c:215:5:adc_set_buffered_sample_callback	0	static
adc.c:221:5:adc_set_continuous_buffered_sample_callback	0	static
adc.c:230:5:adc_sample_sync	32	static
adc.c:251:5:adc_sample_buffer_sync	40	static
