ltc294x.c:13:13:ltc294x_cb	0	static
ltc294x.c:22:5:ltc294x_set_callback	0	static
ltc294x.c:26:5:ltc294x_read_status	0	static
ltc294x.c:30:5:ltc294x_configure	16	static
ltc294x.c:64:5:ltc294x_reset_charge	0	static
ltc294x.c:68:5:ltc294x_set_high_threshold	0	static
ltc294x.c:72:5:ltc294x_set_low_threshold	0	static
ltc294x.c:76:5:ltc294x_get_charge	0	static
ltc294x.c:80:5:ltc294x_get_voltage	0	static
ltc294x.c:84:5:ltc294x_get_current	0	static
ltc294x.c:88:5:ltc294x_shutdown	0	static
ltc294x.c:92:5:ltc294x_set_model	0	static
ltc294x.c:98:5:ltc294x_read_status_sync	16	static
ltc294x.c:114:5:ltc294x_configure_sync	32	static
ltc294x.c:133:5:ltc294x_reset_charge_sync	16	static
ltc294x.c:149:5:ltc294x_set_high_threshold_sync	16	static
ltc294x.c:165:5:ltc294x_set_low_threshold_sync	16	static
ltc294x.c:181:5:ltc294x_get_charge_sync	8	static
ltc294x.c:197:5:ltc294x_get_voltage_sync	8	static
ltc294x.c:213:5:ltc294x_get_current_sync	8	static
ltc294x.c:229:5:ltc294x_shutdown_sync	16	static
ltc294x.c:245:5:ltc294x_convert_to_coulomb_uah	32	static
ltc294x.c:253:5:ltc294x_convert_to_voltage_mv	8	static
ltc294x.c:257:5:ltc294x_convert_to_current_ua	16	static
