tock.c:21:5:tock_enqueue	20	static
tock.c:43:6:yield	20	static
tock.c:37:6:yield_for	8	static
tock.c:80:5:subscribe	0	static
tock.c:96:5:command	0	static
tock.c:111:5:allow	0	static
tock.c:126:7:memop	0	static
tock.c:139:7:tock_app_memory_begins_at	0	static
tock.c:143:7:tock_app_memory_ends_at	0	static
tock.c:147:7:tock_app_flash_begins_at	0	static
tock.c:151:7:tock_app_flash_ends_at	0	static
tock.c:155:7:tock_app_grant_begins_at	0	static
tock.c:161:5:tock_app_number_writeable_flash_regions	0	static
tock.c:166:7:tock_app_writeable_flash_region_begins_at	0	static
tock.c:170:7:tock_app_writeable_flash_region_ends_at	0	static
tock.c:174:6:driver_exists	8	static
tock.c:179:13:tock_strerror	0	static
tock.c:213:6:tock_expect	16	static
