bmi160.c:2793:15:null_ptr_check	0	static
bmi160.c:5003:13:unpack_accel_data.isra.3	12	static
bmi160.c:4921:13:unpack_accel_frame.isra.4	16	static
bmi160.c:5131:13:unpack_gyro_frame.isra.7	16	static
bmi160.c:5441:13:unpack_aux_data.isra.9	0	static
bmi160.c:5348:13:unpack_aux_frame.isra.10	16	static
bmi160.c:5527:13:check_frame_validity.isra.11	8	static
bmi160.c:5544:13:move_next_frame.isra.12	0	static
bmi160.c:5560:13:unpack_sensortime_frame.isra.13	16	static
bmi160.c:5584:13:unpack_skipped_frame.isra.14	0	static
bmi160.c:1356:8:bmi160_get_regs	16	static
bmi160.c:5600:15:get_foc_status	16	static
bmi160.c:1381:8:bmi160_set_regs	32	static
bmi160.c:3451:15:map_feature_interrupt	24	static
bmi160.c:3494:15:map_hardware_interrupt	24	static
bmi160.c:2777:15:set_intr_pin_config	32	static
bmi160.c:1462:8:bmi160_soft_reset	24	static
bmi160.c:1422:8:bmi160_init	24	static
bmi160.c:1518:8:bmi160_set_power_mode	24	static
bmi160.c:1492:8:bmi160_set_sens_conf	24	static
bmi160.c:1537:8:bmi160_get_power_mode	16	static
bmi160.c:1562:8:bmi160_get_sensor_data	40	static
bmi160.c:1616:8:bmi160_set_int_config	32	static
bmi160.c:1685:8:bmi160_set_step_counter	24	static
bmi160.c:1713:8:bmi160_read_step_counter	16	static
bmi160.c:1741:8:bmi160_aux_read	72	static
bmi160.c:1766:8:bmi160_aux_write	40	static
bmi160.c:1864:8:bmi160_config_aux_mode	24	static
bmi160.c:1798:8:bmi160_aux_init	24	static
bmi160.c:1824:8:bmi160_set_aux_auto_mode	24	static
bmi160.c:1888:8:bmi160_read_aux_data_auto_mode	8	static
bmi160.c:1913:8:bmi160_perform_self_test	56	static
bmi160.c:1969:8:bmi160_get_fifo_data	24	static
bmi160.c:2016:8:bmi160_set_fifo_flush	16	static
bmi160.c:2034:8:bmi160_set_fifo_config	32	static
bmi160.c:2081:8:bmi160_set_fifo_down	24	static
bmi160.c:2107:8:bmi160_set_fifo_wm	16	static
bmi160.c:2128:8:bmi160_extract_accel	48	static
bmi160.c:2167:8:bmi160_extract_gyro	48	static
bmi160.c:2206:8:bmi160_extract_aux	48	static
bmi160.c:2293:8:bmi160_get_offsets	24	static
bmi160.c:2249:8:bmi160_start_foc	48	static
bmi160.c:2350:8:bmi160_set_offsets	24	static
bmi160.c:2394:8:bmi160_update_nvm	24	static
bmi160.c:2429:8:bmi160_get_int_status	16	static
