bmm150.c:1010:15:null_ptr_check	0	static
bmm150.c:1543:16:compensate_x	16	static
bmm150.c:1598:16:compensate_y	16	static
bmm150.c:1651:16:compensate_z	24	static
bmm150.c:557:8:bmm150_set_regs	24	static
bmm150.c:1169:15:set_z_rep	16	static
bmm150.c:579:8:bmm150_get_regs	24	static
bmm150.c:1028:15:set_power_control_bit	24	static
bmm150.c:1128:15:suspend_to_sleep_mode	16	static
bmm150.c:520:8:bmm150_init	56	static
bmm150.c:1103:15:write_op_mode	24	static
bmm150.c:1189:15:set_odr.part.4	24	static
bmm150.c:1213:15:set_odr_xyz_rep	16	static
bmm150.c:1235:15:set_control_measurement_xyz.part.6	24	static
bmm150.c:1909:15:set_adv_self_test_current	24	static
bmm150.c:604:8:bmm150_soft_reset	24	static
bmm150.c:627:8:bmm150_set_op_mode	8	static
bmm150.c:682:8:bmm150_get_op_mode	24	static
bmm150.c:708:8:bmm150_set_presetmode	8	static
bmm150.c:764:8:bmm150_set_sensor_settings	48	static
bmm150.c:797:8:bmm150_get_sensor_settings	32	static
bmm150.c:822:8:bmm150_read_mag_data	40	static
bmm150.c:1853:15:adv_self_test_measurement	16	static
bmm150.c:876:8:bmm150_perform_self_test	40	static
bmm150.c:925:8:bmm150_get_interrupt_status	24	static
bmm150.c:958:8:bmm150_aux_mag_data	32	static
