Archive member included to satisfy reference by file (symbol)

../../libtock/build/cortex-m0/libtock.a(alarm_timer.o)
                              build/cortex-m0/bme280_port.o (delay_ms)
../../libtock/build/cortex-m0/libtock.a(crt0.o)
                              (_start)
../../libtock/build/cortex-m0/libtock.a(tock.o)
                              ../../libtock/build/cortex-m0/libtock.a(alarm_timer.o) (tock_enqueue)
../../libtock/build/cortex-m0/libtock.a(console.o)
                              build/cortex-m0/bme280_port.o (putnstr)
../../libtock/build/cortex-m0/libtock.a(i2c_master.o)
                              build/cortex-m0/bosch_port.o (i2c_master_write)
../../libtock/build/cortex-m0/libtock.a(alarm_internal.o)
                              ../../libtock/build/cortex-m0/libtock.a(alarm_timer.o) (alarm_internal_subscribe)
../../newlib/libc.a(lib_a-exit.o)
                              ../../libtock/build/cortex-m0/libtock.a(tock.o) (exit)
../../newlib/libc.a(lib_a-impure.o)
                              ../../newlib/libc.a(lib_a-exit.o) (_global_impure_ptr)
../../newlib/libc.a(lib_a-itoa.o)
                              build/cortex-m0/bme280_port.o (itoa)
../../newlib/libc.a(lib_a-malloc.o)
                              build/cortex-m0/bosch_port.o (malloc)
../../newlib/libc.a(lib_a-memcpy-stub.o)
                              build/cortex-m0/bosch_port.o (memcpy)
../../newlib/libc.a(lib_a-memset.o)
                              build/cortex-m0/bme280.o (memset)
../../newlib/libc.a(lib_a-nano-freer.o)
                              ../../newlib/libc.a(lib_a-malloc.o) (_free_r)
../../newlib/libc.a(lib_a-nano-mallocr.o)
                              ../../newlib/libc.a(lib_a-malloc.o) (_malloc_r)
../../newlib/libc.a(lib_a-printf.o)
                              ../../libtock/build/cortex-m0/libtock.a(tock.o) (printf)
../../newlib/libc.a(lib_a-sbrkr.o)
                              ../../newlib/libc.a(lib_a-nano-mallocr.o) (_sbrk_r)
../../newlib/libc.a(lib_a-strncpy.o)
                              ../../libtock/build/cortex-m0/libtock.a(console.o) (strncpy)
../../newlib/libc.a(lib_a-utoa.o)
                              ../../newlib/libc.a(lib_a-itoa.o) (__utoa)
../../newlib/libc.a(lib_a-findfp.o)
                              ../../newlib/libc.a(lib_a-printf.o) (__sinit)
../../newlib/libc.a(lib_a-fwalk.o)
                              ../../newlib/libc.a(lib_a-findfp.o) (_fwalk)
../../newlib/libc.a(lib_a-mlock.o)
                              ../../newlib/libc.a(lib_a-nano-freer.o) (__malloc_lock)
../../newlib/libc.a(lib_a-nano-vfprintf.o)
                              ../../newlib/libc.a(lib_a-printf.o) (_vfprintf_r)
../../newlib/libc.a(lib_a-reent.o)
                              ../../newlib/libc.a(lib_a-sbrkr.o) (errno)
../../newlib/libc.a(lib_a-stdio.o)
                              ../../newlib/libc.a(lib_a-findfp.o) (__sread)
../../newlib/libc.a(lib_a-wbuf.o)
                              ../../newlib/libc.a(lib_a-nano-vfprintf.o) (__swbuf_r)
../../newlib/libc.a(lib_a-writer.o)
                              ../../newlib/libc.a(lib_a-stdio.o) (_write_r)
../../newlib/libc.a(lib_a-wsetup.o)
                              ../../newlib/libc.a(lib_a-nano-vfprintf.o) (__swsetup_r)
../../newlib/libc.a(lib_a-closer.o)
                              ../../newlib/libc.a(lib_a-stdio.o) (_close_r)
../../newlib/libc.a(lib_a-fflush.o)
                              ../../newlib/libc.a(lib_a-findfp.o) (_fflush_r)
../../newlib/libc.a(lib_a-fvwrite.o)
                              ../../newlib/libc.a(lib_a-nano-vfprintf.o) (__sfvwrite_r)
../../newlib/libc.a(lib_a-lseekr.o)
                              ../../newlib/libc.a(lib_a-stdio.o) (_lseek_r)
../../newlib/libc.a(lib_a-makebuf.o)
                              ../../newlib/libc.a(lib_a-wsetup.o) (__smakebuf_r)
../../newlib/libc.a(lib_a-memchr-stub.o)
                              ../../newlib/libc.a(lib_a-nano-vfprintf.o) (memchr)
../../newlib/libc.a(lib_a-memmove.o)
                              ../../newlib/libc.a(lib_a-fvwrite.o) (memmove)
../../newlib/libc.a(lib_a-nano-reallocr.o)
                              ../../newlib/libc.a(lib_a-fvwrite.o) (_realloc_r)
../../newlib/libc.a(lib_a-nano-vfprintf_i.o)
                              ../../newlib/libc.a(lib_a-nano-vfprintf.o) (_printf_i)
../../newlib/libc.a(lib_a-readr.o)
                              ../../newlib/libc.a(lib_a-stdio.o) (_read_r)
../../newlib/libc.a(lib_a-fstatr.o)
                              ../../newlib/libc.a(lib_a-makebuf.o) (_fstat_r)
../../newlib/libc.a(lib_a-isattyr.o)
                              ../../newlib/libc.a(lib_a-makebuf.o) (_isatty_r)
../../newlib/libc.a(lib_a-nano-msizer.o)
                              ../../newlib/libc.a(lib_a-nano-reallocr.o) (_malloc_usable_size_r)
../../libc++/libgcc.a(_thumb1_case_uqi.o)
                              build/cortex-m0/bmi160.o (__gnu_thumb1_case_uqi)
../../libc++/libgcc.a(_thumb1_case_uhi.o)
[...]
Memory Configuration

Name             Origin             Length             Attributes
FLASH            0x0000000080000000 0x0000000000040000 xr
SRAM             0x0000000000000000 0x0000000000010000 xrw
*default*        0x0000000000000000 0xffffffffffffffff

Linker script and memory map

                0x0000000000000800                STACK_SIZE = 0x800
                0x0000000000000400                APP_HEAP_SIZE = 0x400
                0x0000000000000400                KERNEL_HEAP_SIZE = 0x400
START GROUP
LOAD build/cortex-m0/bosch_port.o
LOAD build/cortex-m0/bme280.o
LOAD build/cortex-m0/bme280_port.o
LOAD build/cortex-m0/bmi160.o
LOAD build/cortex-m0/bmi160_port.o
LOAD build/cortex-m0/bmm150.o
LOAD build/cortex-m0/bmm150_port.o
LOAD build/cortex-m0/opt3001.o
LOAD build/cortex-m0/main.o
LOAD ../../libtock/build/cortex-m0/libtock.a
LOAD ../../newlib/libc.a
LOAD ../../newlib/libm.a
LOAD ../../libc++/libstdc++.a
LOAD ../../libc++/libsupc++.a
LOAD ../../libc++/libgcc.a
END GROUP
                0x0000000000040000                PROG_LENGTH = 0x40000
                0x0000000000010000                RAM_LENGTH = 0x10000

.crt0_header    0x0000000080000000       0x28
                0x0000000080000000                _beginning = .
                0x0000000080000000        0x4 LONG 0x2ec4 (LOADADDR (.got) - _beginning)
                0x0000000080000004        0x4 LONG 0x0 _got
                0x0000000080000008        0x4 LONG 0xe4 SIZEOF (.got)
                0x000000008000000c        0x4 LONG 0x2fa8 (LOADADDR (.data) - _beginning)
                0x0000000080000010        0x4 LONG 0xe4 _data
                0x0000000080000014        0x4 LONG 0x88 SIZEOF (.data)
                0x0000000080000018        0x4 LONG 0x16c _bss
                0x000000008000001c        0x4 LONG 0x220 SIZEOF (.bss)
                0x0000000080000020        0x4 LONG 0x3030 (LOADADDR (.endflash) - _beginning)
                0x0000000080000024        0x4 LONG 0x800 STACK_SIZE

.wfr.app_state  0x0000000080000028        0x0
 *(.app_state)
                0x0000000080000028                . = ALIGN (0x4)

.text           0x0000000080000028     0x2e9c
                0x0000000080000028                . = ALIGN (0x4)
                0x0000000080000028                _text = .
 *(.start)
 .start         0x0000000080000028       0xba ../../libtock/build/cortex-m0/libtock.a(crt0.o)
                0x0000000080000028                _start
 *(.text*)
 .text.tock_i2c_write
                0x00000000800000e2       0x3a build/cortex-m0/bosch_port.o
                0x00000000800000e2                tock_i2c_write
 .text.tock_i2c_read
                0x000000008000011c       0x14 build/cortex-m0/bosch_port.o
                0x000000008000011c                tock_i2c_read
 .text.null_ptr_check
                0x0000000080000130       0x1e build/cortex-m0/bme280.o
 .text.bme280_get_regs
                0x000000008000014e       0x34 build/cortex-m0/bme280.o
                0x000000008000014e                bme280_get_regs
 .text.bme280_set_regs
                0x0000000080000182       0x90 build/cortex-m0/bme280.o
                0x0000000080000182                bme280_set_regs
 .text.set_osr_humidity_settings.isra.8
                0x0000000080000212       0x4a build/cortex-m0/bme280.o
 .text.set_osr_press_temp_settings
                0x000000008000025c       0x5c build/cortex-m0/bme280.o
 .text.set_filter_standby_settings
                0x00000000800002b8       0x5c build/cortex-m0/bme280.o
 .text.bme280_get_sensor_mode
                0x0000000080000314       0x26 build/cortex-m0/bme280.o
                0x0000000080000314                bme280_get_sensor_mode
 .text.bme280_soft_reset
                0x000000008000033a       0x36 build/cortex-m0/bme280.o
                0x000000008000033a                bme280_soft_reset
 .text.bme280_init
                0x0000000080000370      0x13a build/cortex-m0/bme280.o
                0x0000000080000370                bme280_init
 .text.put_device_to_sleep
                0x00000000800004aa       0x68 build/cortex-m0/bme280.o
 .text.bme280_set_sensor_settings
                0x0000000080000512       0x76 build/cortex-m0/bme280.o
                0x0000000080000512                bme280_set_sensor_settings
 .text.bme280_set_sensor_mode
                0x0000000080000588       0x66 build/cortex-m0/bme280.o
                0x0000000080000588                bme280_set_sensor_mode
 .text.bme280_parse_sensor_data
                0x00000000800005ee       0x34 build/cortex-m0/bme280.o
                0x00000000800005ee                bme280_parse_sensor_data
 *fill*         0x0000000080000622        0x2 ff
 .text.bme280_compensate_data
                0x0000000080000624      0x360 build/cortex-m0/bme280.o
                0x0000000080000624                bme280_compensate_data
 .text.bme280_get_sensor_data
                0x0000000080000984       0x60 build/cortex-m0/bme280.o
                0x0000000080000984                bme280_get_sensor_data
 .text.bme280_port_init
                0x00000000800009e4       0x38 build/cortex-m0/bme280_port.o
                0x00000000800009e4                bme280_port_init
 .text.print_sensor_data
                0x0000000080000a1c       0x9c build/cortex-m0/bme280_port.o
                0x0000000080000a1c                print_sensor_data
 .text.null_ptr_check
                0x0000000080000ab8       0x1e build/cortex-m0/bmi160.o
 .text.bmi160_get_regs
                0x0000000080000ad6       0x3a build/cortex-m0/bmi160.o
                0x0000000080000ad6                bmi160_get_regs
 .text.bmi160_set_regs
                0x0000000080000b10       0x78 build/cortex-m0/bmi160.o
                0x0000000080000b10                bmi160_set_regs
 .text.bmi160_soft_reset
                0x0000000080000b88       0x64 build/cortex-m0/bmi160.o
                0x0000000080000b88                bmi160_soft_reset
 .text.bmi160_init
                0x0000000080000bec       0x6e build/cortex-m0/bmi160.o
                0x0000000080000bec                bmi160_init
 .text.bmi160_set_power_mode
                0x0000000080000c5a       0xfa build/cortex-m0/bmi160.o
                0x0000000080000c5a                bmi160_set_power_mode
 .text.bmi160_set_sens_conf
                0x0000000080000d54      0x17a build/cortex-m0/bmi160.o
                0x0000000080000d54                bmi160_set_sens_conf
 .text.bmi160_get_sensor_data
                0x0000000080000ece      0x19e build/cortex-m0/bmi160.o
                0x0000000080000ece                bmi160_get_sensor_data
 .text.bmi160_aux_read
                0x000000008000106c       0xe2 build/cortex-m0/bmi160.o
                0x000000008000106c                bmi160_aux_read
 .text.bmi160_aux_write
                0x000000008000114e       0x80 build/cortex-m0/bmi160.o
                0x000000008000114e                bmi160_aux_write
 .text.bmi160_config_aux_mode
                0x00000000800011ce       0x58 build/cortex-m0/bmi160.o
                0x00000000800011ce                bmi160_config_aux_mode
 .text.bmi160_aux_init
                0x0000000080001226       0x72 build/cortex-m0/bmi160.o
                0x0000000080001226                bmi160_aux_init
 .text.bmi160_port_init
                0x0000000080001298       0x38 build/cortex-m0/bmi160_port.o
                0x0000000080001298                bmi160_port_init
 .text.print_data
                0x00000000800012d0       0x90 build/cortex-m0/bmi160_port.o
                0x00000000800012d0                print_data
 .text.bmi160_print_data
                0x0000000080001360       0x70 build/cortex-m0/bmi160_port.o
                0x0000000080001360                bmi160_print_data
 .text.null_ptr_check
                0x00000000800013d0       0x1e build/cortex-m0/bmm150.o
 *fill*         0x00000000800013ee        0x2 ff
 .text.compensate_x
                0x00000000800013f0       0x94 build/cortex-m0/bmm150.o
 .text.compensate_y
                0x0000000080001484       0x94 build/cortex-m0/bmm150.o
 .text.compensate_z
                0x0000000080001518       0x84 build/cortex-m0/bmm150.o
 .text.bmm150_set_regs
                0x000000008000159c       0x30 build/cortex-m0/bmm150.o
                0x000000008000159c                bmm150_set_regs
 .text.set_z_rep
                0x00000000800015cc       0x24 build/cortex-m0/bmm150.o
 .text.bmm150_get_regs
                0x00000000800015f0       0x36 build/cortex-m0/bmm150.o
                0x00000000800015f0                bmm150_get_regs
 .text.set_power_control_bit
                0x0000000080001626       0x48 build/cortex-m0/bmm150.o
 .text.suspend_to_sleep_mode
                0x000000008000166e       0x28 build/cortex-m0/bmm150.o
 .text.bmm150_init
                0x0000000080001696       0xd2 build/cortex-m0/bmm150.o
                0x0000000080001696                bmm150_init
 .text.write_op_mode
                0x0000000080001768       0x42 build/cortex-m0/bmm150.o
 .text.set_odr.part.4
                0x00000000800017aa       0x3a build/cortex-m0/bmm150.o
 .text.set_odr_xyz_rep
                0x00000000800017e4       0x42 build/cortex-m0/bmm150.o
 .text.bmm150_set_op_mode
                0x0000000080001826       0x60 build/cortex-m0/bmm150.o
                0x0000000080001826                bmm150_set_op_mode
 .text.bmm150_set_presetmode
                0x0000000080001886       0x62 build/cortex-m0/bmm150.o
                0x0000000080001886                bmm150_set_presetmode
 .text.bmm150_read_mag_data
                0x00000000800018e8       0x8c build/cortex-m0/bmm150.o
                0x00000000800018e8                bmm150_read_mag_data
 .text.bmm150_print_data
                0x0000000080001974       0xb8 build/cortex-m0/bmm150_port.o
                0x0000000080001974                bmm150_print_data
 .text.convertToLux
                0x0000000080001a2c       0x34 build/cortex-m0/opt3001.o
 .text.OPT3001_readRegister
                0x0000000080001a60       0x28 build/cortex-m0/opt3001.o
                0x0000000080001a60                OPT3001_readRegister
 .text.OPT3001_getLux
                0x0000000080001a88       0x22 build/cortex-m0/opt3001.o
                0x0000000080001a88                OPT3001_getLux
 .text.OPT3001_writeRegister
                0x0000000080001aaa       0x22 build/cortex-m0/opt3001.o
                0x0000000080001aaa                OPT3001_writeRegister
 .text.OPT3001_init
                0x0000000080001acc       0x48 build/cortex-m0/opt3001.o
                0x0000000080001acc                OPT3001_init
 .text.user_aux_read
                0x0000000080001b14       0x20 build/cortex-m0/main.o
                0x0000000080001b14                user_aux_read
 .text.user_aux_write
                0x0000000080001b34       0x20 build/cortex-m0/main.o
                0x0000000080001b34                user_aux_write
 .text.bme280_setup
                0x0000000080001b54       0x14 build/cortex-m0/main.o
                0x0000000080001b54                bme280_setup
 .text.bme280_get_sample_forced_mode
                0x0000000080001b68       0x4e build/cortex-m0/main.o
                0x0000000080001b68                bme280_get_sample_forced_mode
 *fill*         0x0000000080001bb6        0x2 ff
 .text.bmi160_setup
                0x0000000080001bb8       0x60 build/cortex-m0/main.o
                0x0000000080001bb8                bmi160_setup
 .text.bmi160_get_all_with_time
                0x0000000080001c18       0x24 build/cortex-m0/main.o
                0x0000000080001c18                bmi160_get_all_with_time
 .text.bmm150_port_init
                0x0000000080001c3c       0x38 build/cortex-m0/main.o
                0x0000000080001c3c                bmm150_port_init
 .text.bmm150_setup
                0x0000000080001c74       0x1c build/cortex-m0/main.o
                0x0000000080001c74                bmm150_setup
 .text.bmm150_get_data
                0x0000000080001c90       0x16 build/cortex-m0/main.o
                0x0000000080001c90                bmm150_get_data
 *fill*         0x0000000080001ca6        0x2 ff
 .text.opt3001_print_lux
                0x0000000080001ca8       0x68 build/cortex-m0/main.o
                0x0000000080001ca8                opt3001_print_lux
 .text.opt3001_get_lux
                0x0000000080001d10       0x1a build/cortex-m0/main.o
                0x0000000080001d10                opt3001_get_lux
 *fill*         0x0000000080001d2a        0x2 ff
 .text.startup.main
                0x0000000080001d2c      0x110 build/cortex-m0/main.o
                0x0000000080001d2c                main
 .text.delay_cb.6300
                0x0000000080001e3c        0x6 ../../libtock/build/cortex-m0/libtock.a(alarm_timer.o)
 .text.alarm_read
                0x0000000080001e42       0x10 ../../libtock/build/cortex-m0/libtock.a(alarm_timer.o)
                0x0000000080001e42                alarm_read
 *fill*         0x0000000080001e52        0x2 ff
 .text.alarm_at
                0x0000000080001e54       0x80 ../../libtock/build/cortex-m0/libtock.a(alarm_timer.o)
                0x0000000080001e54                alarm_at
 .text.callback
                0x0000000080001ed4       0x60 ../../libtock/build/cortex-m0/libtock.a(alarm_timer.o)
 .text.timer_in
                0x0000000080001f34       0x50 ../../libtock/build/cortex-m0/libtock.a(alarm_timer.o)
                0x0000000080001f34                timer_in
 .text.delay_ms
                0x0000000080001f84       0x30 ../../libtock/build/cortex-m0/libtock.a(alarm_timer.o)
                0x0000000080001f84                delay_ms
 .text.tock_enqueue
                0x0000000080001fb4       0x6c ../../libtock/build/cortex-m0/libtock.a(tock.o)
                0x0000000080001fb4                tock_enqueue
 .text.yield    0x0000000080002020       0x5c ../../libtock/build/cortex-m0/libtock.a(tock.o)
                0x0000000080002020                yield
 .text.yield_for
                0x000000008000207c       0x12 ../../libtock/build/cortex-m0/libtock.a(tock.o)
                0x000000008000207c                yield_for
 .text.subscribe
                0x000000008000208e        0x4 ../../libtock/build/cortex-m0/libtock.a(tock.o)
                0x000000008000208e                subscribe
 .text.command  0x0000000080002092        0x4 ../../libtock/build/cortex-m0/libtock.a(tock.o)
                0x0000000080002092                command
 .text.allow    0x0000000080002096        0x4 ../../libtock/build/cortex-m0/libtock.a(tock.o)
                0x0000000080002096                allow
 .text.memop    0x000000008000209a        0x4 ../../libtock/build/cortex-m0/libtock.a(tock.o)
                0x000000008000209a                memop
 .text.putnstr_async
                0x000000008000209e       0x36 ../../libtock/build/cortex-m0/libtock.a(console.o)
                0x000000008000209e                putnstr_async
 .text.putnstr  0x00000000800020d4       0xa0 ../../libtock/build/cortex-m0/libtock.a(console.o)
                0x00000000800020d4                putnstr
 .text.putstr_cb
                0x0000000080002174       0x48 ../../libtock/build/cortex-m0/libtock.a(console.o)
 .text.i2c_master_cb
                0x00000000800021bc       0x18 ../../libtock/build/cortex-m0/libtock.a(i2c_master.o)
 .text.i2c_master_write
                0x00000000800021d4       0x60 ../../libtock/build/cortex-m0/libtock.a(i2c_master.o)
                0x00000000800021d4                i2c_master_write
 .text.i2c_master_write_read
                0x0000000080002234       0x6c ../../libtock/build/cortex-m0/libtock.a(i2c_master.o)
                0x0000000080002234                i2c_master_write_read
 .text.alarm_internal_subscribe
                0x00000000800022a0       0x10 ../../libtock/build/cortex-m0/libtock.a(alarm_internal.o)
                0x00000000800022a0                alarm_internal_subscribe
 .text.alarm_internal_set
                0x00000000800022b0       0x10 ../../libtock/build/cortex-m0/libtock.a(alarm_internal.o)
                0x00000000800022b0                alarm_internal_set
 .text.alarm_internal_frequency
                0x00000000800022c0       0x10 ../../libtock/build/cortex-m0/libtock.a(alarm_internal.o)
                0x00000000800022c0                alarm_internal_frequency
 .text.__itoa   0x00000000800022d0       0x30 ../../newlib/libc.a(lib_a-itoa.o)
                0x00000000800022d0                __itoa
 .text.itoa     0x0000000080002300        0x8 ../../newlib/libc.a(lib_a-itoa.o)
                0x0000000080002300                itoa
 .text.malloc   0x0000000080002308       0x1c ../../newlib/libc.a(lib_a-malloc.o)
                0x0000000080002308                malloc
 .text.free     0x0000000080002324       0x1c ../../newlib/libc.a(lib_a-malloc.o)
                0x0000000080002324                free
 .text.memcpy   0x0000000080002340       0x12 ../../newlib/libc.a(lib_a-memcpy-stub.o)
                0x0000000080002340                memcpy
 .text.memset   0x0000000080002352       0x10 ../../newlib/libc.a(lib_a-memset.o)
                0x0000000080002352                memset
 *fill*         0x0000000080002362        0x2 ff
 .text._free_r  0x0000000080002364       0xa0 ../../newlib/libc.a(lib_a-nano-freer.o)
                0x0000000080002364                _free_r
 .text._malloc_r
                0x0000000080002404       0xcc ../../newlib/libc.a(lib_a-nano-mallocr.o)
                0x0000000080002404                _malloc_r
 .text._sbrk_r  0x00000000800024d0       0x30 ../../newlib/libc.a(lib_a-sbrkr.o)
                0x00000000800024d0                _sbrk_r
 .text.strncpy  0x0000000080002500       0x2a ../../newlib/libc.a(lib_a-strncpy.o)
                0x0000000080002500                strncpy
 *fill*         0x000000008000252a        0x2 ff
 .text.__utoa   0x000000008000252c       0x84 ../../newlib/libc.a(lib_a-utoa.o)
                0x000000008000252c                __utoa
 .text.__malloc_lock
                0x00000000800025b0        0x2 ../../newlib/libc.a(lib_a-mlock.o)
                0x00000000800025b0                __malloc_lock
 .text.__malloc_unlock
                0x00000000800025b2        0x2 ../../newlib/libc.a(lib_a-mlock.o)
                0x00000000800025b2                __malloc_unlock
 .text          0x00000000800025b4       0x14 ../../libc++/libgcc.a(_thumb1_case_uqi.o)
                0x00000000800025b4                __gnu_thumb1_case_uqi
 .text          0x00000000800025c8       0x9c ../../libc++/libgcc.a(_udivsi3.o)
                0x00000000800025c8                __udivsi3
                0x00000000800025c8                __aeabi_uidiv
                0x0000000080002650                __aeabi_uidivmod
 .text          0x0000000080002664       0xc0 ../../libc++/libgcc.a(_divsi3.o)
                0x0000000080002664                __aeabi_idiv
                0x0000000080002664                __divsi3
                0x0000000080002710                __aeabi_idivmod
 .text          0x0000000080002724        0x4 ../../libc++/libgcc.a(_dvmd_tls.o)
                0x0000000080002724                __aeabi_ldiv0
                0x0000000080002724                __aeabi_idiv0
 .text          0x0000000080002728       0x48 ../../libc++/libgcc.a(_aeabi_ldivmod.o)
                0x0000000080002728                __aeabi_ldivmod
 .text.__muldi3
                0x0000000080002770       0x44 ../../libc++/libgcc.a(_muldi3.o)
                0x0000000080002770                __aeabi_lmul
                0x0000000080002770                __muldi3
 .text.__gnu_ldivmod_helper
                0x00000000800027b4       0x36 ../../libc++/libgcc.a(bpabi.o)
                0x00000000800027b4                __gnu_ldivmod_helper
 *fill*         0x00000000800027ea        0x2 ff
 .text.__aeabi_fmul
                0x00000000800027ec      0x1d8 ../../libc++/libgcc.a(mulsf3.o)
                0x00000000800027ec                __aeabi_fmul
 .text.__aeabi_f2iz
                0x00000000800029c4       0x3c ../../libc++/libgcc.a(fixsfsi.o)
                0x00000000800029c4                __aeabi_f2iz
 .text.__aeabi_i2f
                0x0000000080002a00       0x84 ../../libc++/libgcc.a(floatsisf.o)
                0x0000000080002a00                __aeabi_i2f
 .text          0x0000000080002a84       0x3c ../../libc++/libgcc.a(_clzsi2.o)
                0x0000000080002a84                __clzsi2
 .text.__divdi3
                0x0000000080002ac0      0x11e ../../libc++/libgcc.a(_divdi3.o)
                0x0000000080002ac0                __divdi3
 *fill*         0x0000000080002bde        0x2 ff
 .text          0x0000000080002be0       0x18 ../../libc++/libgcc.a(_lshrdi3.o)
                0x0000000080002be0                __aeabi_llsr
                0x0000000080002be0                __lshrdi3
 .text          0x0000000080002bf8       0x18 ../../libc++/libgcc.a(_ashldi3.o)
                0x0000000080002bf8                __ashldi3
                0x0000000080002bf8                __aeabi_llsl
 .text          0x0000000080002c10       0x18 ../../libc++/libgcc.a(_clzdi2.o)
                0x0000000080002c10                __clzdi2
 .text._sbrk    0x0000000080002c28       0x1e ../../libtock/build/cortex-m0/libtock.a(sys.o)
                0x0000000080002c28                _sbrk
 *fill*         0x0000000080002c46        0x2 ff
 .text.__errno  0x0000000080002c48       0x18 ../../newlib/libc.a(lib_a-errno.o)
                0x0000000080002c48                __errno
 *(.rodata*)
 .rodata.print_sensor_data.str1.1
                0x0000000080002c60       0x48 build/cortex-m0/bme280_port.o
                                         0x4b (size before relaxing)
 .rodata.bmi160_print_data.str1.1
                0x0000000080002ca8       0x1c build/cortex-m0/bmi160_port.o
                                         0x1f (size before relaxing)
 .rodata.print_data.str1.1
                0x0000000080002cc4       0x30 build/cortex-m0/bmi160_port.o
 .rodata.bmm150_print_data.str1.1
                0x0000000080002cf4        0xe build/cortex-m0/bmm150_port.o
                                         0x41 (size before relaxing)
 .rodata.OPT3001_defaultParams
                0x0000000080002d02        0xc build/cortex-m0/opt3001.o
                0x0000000080002d02                OPT3001_defaultParams
 .rodata.bmi160_setup.str1.1
                0x0000000080002d0e       0x2c build/cortex-m0/main.o
 .rodata.main.str1.1
                0x0000000080002d3a       0xd2 build/cortex-m0/main.o
 .rodata.opt3001_print_lux.str1.1
                0x0000000080002e0c       0x30 build/cortex-m0/main.o
                                         0x33 (size before relaxing)
 .rodata.__utoa.str1.1
                0x0000000080002e3c       0x25 ../../newlib/libc.a(lib_a-utoa.o)
 *fill*         0x0000000080002e61        0x3 ff
 .rodata.__sf_fake_stderr
                0x0000000080002e64       0x20 ../../newlib/libc.a(lib_a-findfp.o)
                0x0000000080002e64                __sf_fake_stderr
 .rodata.__sf_fake_stdin
                0x0000000080002e84       0x20 ../../newlib/libc.a(lib_a-findfp.o)
                0x0000000080002e84                __sf_fake_stdin
 .rodata.__sf_fake_stdout
                0x0000000080002ea4       0x20 ../../newlib/libc.a(lib_a-findfp.o)
                0x0000000080002ea4                __sf_fake_stdout
 *(.syscalls)
                0x0000000080002ec4                _etext = .
 *(.ARM.extab*)
                0x0000000080002ec4                . = ALIGN (0x4)

.glue_7         0x0000000080002ec4        0x0
 .glue_7        0x0000000080002ec4        0x0 linker stubs

.glue_7t        0x0000000080002ec4        0x0
 .glue_7t       0x0000000080002ec4        0x0 linker stubs

.vfp11_veneer   0x0000000080002ec4        0x0
 .vfp11_veneer  0x0000000080002ec4        0x0 linker stubs

.v4_bx          0x0000000080002ec4        0x0
 .v4_bx         0x0000000080002ec4        0x0 linker stubs

.iplt           0x0000000080002ec4        0x0
 .iplt          0x0000000080002ec4        0x0 build/cortex-m0/bosch_port.o

.got            0x0000000000000000       0xe4 load address 0x0000000080002ec4
                0x0000000000000000                . = ALIGN (0x4)
                0x0000000000000000                _got = .
 *(.got*)
 .got           0x0000000000000000       0xd8 build/cortex-m0/bosch_port.o
 .got.plt       0x00000000000000d8        0xc build/cortex-m0/bosch_port.o
                0x00000000000000d8                _GLOBAL_OFFSET_TABLE_
 *(.got.plt*)
                0x00000000000000e4                . = ALIGN (0x4)

.data           0x00000000000000e4       0x88 load address 0x0000000080002fa8
                0x00000000000000e4                . = ALIGN (0x4)
                0x00000000000000e4                _data = .
 *(.data*)
 .data          0x00000000000000e4        0x0 build/cortex-m0/bosch_port.o
 .data          0x00000000000000e4        0x0 build/cortex-m0/bme280.o
 .data          0x00000000000000e4        0x0 build/cortex-m0/bme280_port.o
 .data          0x00000000000000e4        0x0 build/cortex-m0/bmi160.o
 .data          0x00000000000000e4        0x0 build/cortex-m0/bmi160_port.o
 .data          0x00000000000000e4        0x0 build/cortex-m0/bmm150.o
 .data          0x00000000000000e4        0x0 build/cortex-m0/bmm150_port.o
 .data          0x00000000000000e4        0x0 build/cortex-m0/opt3001.o
 .data          0x00000000000000e4        0x0 build/cortex-m0/main.o
 .data.hello    0x00000000000000e4       0x18 build/cortex-m0/main.o
                0x00000000000000e4                hello
 .data          0x00000000000000fc        0x0 ../../libtock/build/cortex-m0/libtock.a(alarm_timer.o)
 .data          0x00000000000000fc        0x0 ../../libtock/build/cortex-m0/libtock.a(crt0.o)
 .data          0x00000000000000fc        0x0 ../../libtock/build/cortex-m0/libtock.a(tock.o)
 .data          0x00000000000000fc        0x0 ../../libtock/build/cortex-m0/libtock.a(console.o)
 .data.getnstr_data
                0x00000000000000fc        0x8 ../../libtock/build/cortex-m0/libtock.a(console.o)
 .data          0x0000000000000104        0x0 ../../libtock/build/cortex-m0/libtock.a(i2c_master.o)
 .data          0x0000000000000104        0x0 ../../libtock/build/cortex-m0/libtock.a(alarm_internal.o)
 .data          0x0000000000000104        0x0 ../../newlib/libc.a(lib_a-exit.o)
 .data          0x0000000000000104        0x0 ../../newlib/libc.a(lib_a-impure.o)
 .data.rel.impure_data
                0x0000000000000104       0x60 ../../newlib/libc.a(lib_a-impure.o)
 .data.rel.local._impure_ptr
                0x0000000000000164        0x4 ../../newlib/libc.a(lib_a-impure.o)
                0x0000000000000164                _impure_ptr
 .data.rel.ro.local._global_impure_ptr
                0x0000000000000168        0x4 ../../newlib/libc.a(lib_a-impure.o)
                0x0000000000000168                _global_impure_ptr
 .data          0x000000000000016c        0x0 ../../newlib/libc.a(lib_a-itoa.o)
 .data          0x000000000000016c        0x0 ../../newlib/libc.a(lib_a-malloc.o)
 .data          0x000000000000016c        0x0 ../../newlib/libc.a(lib_a-memcpy-stub.o)
 .data          0x000000000000016c        0x0 ../../newlib/libc.a(lib_a-memset.o)
 .data          0x000000000000016c        0x0 ../../newlib/libc.a(lib_a-nano-freer.o)
 .data          0x000000000000016c        0x0 ../../newlib/libc.a(lib_a-nano-mallocr.o)
 .data          0x000000000000016c        0x0 ../../newlib/libc.a(lib_a-printf.o)
 .data          0x000000000000016c        0x0 ../../newlib/libc.a(lib_a-sbrkr.o)
 .data          0x000000000000016c        0x0 ../../newlib/libc.a(lib_a-strncpy.o)
 .data          0x000000000000016c        0x0 ../../newlib/libc.a(lib_a-utoa.o)
 .data          0x000000000000016c        0x0 ../../newlib/libc.a(lib_a-findfp.o)
 .data          0x000000000000016c        0x0 ../../newlib/libc.a(lib_a-fwalk.o)
 .data          0x000000000000016c        0x0 ../../newlib/libc.a(lib_a-mlock.o)
 .data          0x000000000000016c        0x0 ../../newlib/libc.a(lib_a-nano-vfprintf.o)
 .data          0x000000000000016c        0x0 ../../newlib/libc.a(lib_a-reent.o)
 .data          0x000000000000016c        0x0 ../../newlib/libc.a(lib_a-stdio.o)
 .data          0x000000000000016c        0x0 ../../newlib/libc.a(lib_a-wbuf.o)
 .data          0x000000000000016c        0x0 ../../newlib/libc.a(lib_a-writer.o)
 .data          0x000000000000016c        0x0 ../../newlib/libc.a(lib_a-wsetup.o)
 .data          0x000000000000016c        0x0 ../../newlib/libc.a(lib_a-closer.o)
 .data          0x000000000000016c        0x0 ../../newlib/libc.a(lib_a-fflush.o)
 .data          0x000000000000016c        0x0 ../../newlib/libc.a(lib_a-fvwrite.o)
 .data          0x000000000000016c        0x0 ../../newlib/libc.a(lib_a-lseekr.o)
 .data          0x000000000000016c        0x0 ../../newlib/libc.a(lib_a-makebuf.o)
 .data          0x000000000000016c        0x0 ../../newlib/libc.a(lib_a-memchr-stub.o)
 .data          0x000000000000016c        0x0 ../../newlib/libc.a(lib_a-memmove.o)
 .data          0x000000000000016c        0x0 ../../newlib/libc.a(lib_a-nano-reallocr.o)
 .data          0x000000000000016c        0x0 ../../newlib/libc.a(lib_a-nano-vfprintf_i.o)
 .data          0x000000000000016c        0x0 ../../newlib/libc.a(lib_a-readr.o)
 .data          0x000000000000016c        0x0 ../../newlib/libc.a(lib_a-fstatr.o)
 .data          0x000000000000016c        0x0 ../../newlib/libc.a(lib_a-isattyr.o)
 .data          0x000000000000016c        0x0 ../../newlib/libc.a(lib_a-nano-msizer.o)
 .data          0x000000000000016c        0x0 ../../libc++/libgcc.a(_thumb1_case_uqi.o)
 .data          0x000000000000016c        0x0 ../../libc++/libgcc.a(_thumb1_case_uhi.o)
 .data          0x000000000000016c        0x0 ../../libc++/libgcc.a(_udivsi3.o)
 .data          0x000000000000016c        0x0 ../../libc++/libgcc.a(_divsi3.o)
 .data          0x000000000000016c        0x0 ../../libc++/libgcc.a(_dvmd_tls.o)
 .data          0x000000000000016c        0x0 ../../libc++/libgcc.a(_arm_cmpsf2.o)
 .data          0x000000000000016c        0x0 ../../libc++/libgcc.a(_aeabi_ldivmod.o)
 .data          0x000000000000016c        0x0 ../../libc++/libgcc.a(_muldi3.o)
 .data          0x000000000000016c        0x0 ../../libc++/libgcc.a(_fixunssfsi.o)
 .data          0x000000000000016c        0x0 ../../libc++/libgcc.a(bpabi.o)
 .data          0x000000000000016c        0x0 ../../libc++/libgcc.a(divsf3.o)
 .data          0x000000000000016c        0x0 ../../libc++/libgcc.a(eqsf2.o)
 .data          0x000000000000016c        0x0 ../../libc++/libgcc.a(gesf2.o)
 .data          0x000000000000016c        0x0 ../../libc++/libgcc.a(lesf2.o)
 .data          0x000000000000016c        0x0 ../../libc++/libgcc.a(mulsf3.o)
 .data          0x000000000000016c        0x0 ../../libc++/libgcc.a(subsf3.o)
 .data          0x000000000000016c        0x0 ../../libc++/libgcc.a(fixsfsi.o)
 .data          0x000000000000016c        0x0 ../../libc++/libgcc.a(floatsisf.o)
 .data          0x000000000000016c        0x0 ../../libc++/libgcc.a(_clzsi2.o)
 .data          0x000000000000016c        0x0 ../../libc++/libgcc.a(_divdi3.o)
 .data          0x000000000000016c        0x0 ../../libc++/libgcc.a(_lshrdi3.o)
 .data          0x000000000000016c        0x0 ../../libc++/libgcc.a(_ashldi3.o)
 .data          0x000000000000016c        0x0 ../../libc++/libgcc.a(_clzdi2.o)
 .data          0x000000000000016c        0x0 ../../libtock/build/cortex-m0/libtock.a(sys.o)
 .data          0x000000000000016c        0x0 ../../newlib/libc.a(lib_a-errno.o)
                0x000000000000016c                . = ALIGN (0x4)

.igot.plt       0x000000000000016c        0x0 load address 0x0000000080003030
 .igot.plt      0x000000000000016c        0x0 build/cortex-m0/bosch_port.o

.bss            0x000000000000016c      0x220 load address 0x0000000080003030
                0x000000000000016c                . = ALIGN (0x4)
                0x000000000000016c                _bss = .
 *(.bss*)
 .bss           0x000000000000016c        0x0 build/cortex-m0/bosch_port.o
 .bss           0x000000000000016c        0x0 build/cortex-m0/bme280.o
 .bss           0x000000000000016c        0x0 build/cortex-m0/bme280_port.o
 .bss           0x000000000000016c        0x0 build/cortex-m0/bmi160.o
 .bss           0x000000000000016c        0x0 build/cortex-m0/bmi160_port.o
 .bss           0x000000000000016c        0x0 build/cortex-m0/bmm150.o
 .bss           0x000000000000016c        0x0 build/cortex-m0/bmm150_port.o
 .bss           0x000000000000016c        0x0 build/cortex-m0/opt3001.o
 .bss           0x000000000000016c        0x0 build/cortex-m0/main.o
 .bss           0x000000000000016c        0x0 ../../libtock/build/cortex-m0/libtock.a(alarm_timer.o)
 .bss.root      0x000000000000016c        0x4 ../../libtock/build/cortex-m0/libtock.a(alarm_timer.o)
 .bss           0x0000000000000170        0x0 ../../libtock/build/cortex-m0/libtock.a(crt0.o)
 .bss           0x0000000000000170        0x0 ../../libtock/build/cortex-m0/libtock.a(tock.o)
 .bss.task_cur  0x0000000000000170        0x4 ../../libtock/build/cortex-m0/libtock.a(tock.o)
 .bss.task_last
                0x0000000000000174        0x4 ../../libtock/build/cortex-m0/libtock.a(tock.o)
 .bss.task_queue
                0x0000000000000178      0x140 ../../libtock/build/cortex-m0/libtock.a(tock.o)
 .bss           0x00000000000002b8        0x0 ../../libtock/build/cortex-m0/libtock.a(console.o)
 .bss.putstr_head
                0x00000000000002b8        0x4 ../../libtock/build/cortex-m0/libtock.a(console.o)
 .bss.putstr_tail
                0x00000000000002bc        0x4 ../../libtock/build/cortex-m0/libtock.a(console.o)
 .bss           0x00000000000002c0        0x0 ../../libtock/build/cortex-m0/libtock.a(i2c_master.o)
 .bss.result    0x00000000000002c0        0xc ../../libtock/build/cortex-m0/libtock.a(i2c_master.o)
 .bss           0x00000000000002cc        0x0 ../../libtock/build/cortex-m0/libtock.a(alarm_internal.o)
 .bss           0x00000000000002cc        0x0 ../../newlib/libc.a(lib_a-exit.o)
 .bss           0x00000000000002cc        0x0 ../../newlib/libc.a(lib_a-impure.o)
 .bss           0x00000000000002cc        0x0 ../../newlib/libc.a(lib_a-itoa.o)
 .bss           0x00000000000002cc        0x0 ../../newlib/libc.a(lib_a-malloc.o)
 .bss           0x00000000000002cc        0x0 ../../newlib/libc.a(lib_a-memcpy-stub.o)
 .bss           0x00000000000002cc        0x0 ../../newlib/libc.a(lib_a-memset.o)
 .bss           0x00000000000002cc        0x0 ../../newlib/libc.a(lib_a-nano-freer.o)
 .bss           0x00000000000002cc        0x0 ../../newlib/libc.a(lib_a-nano-mallocr.o)
 .bss.__malloc_free_list
                0x00000000000002cc        0x4 ../../newlib/libc.a(lib_a-nano-mallocr.o)
                0x00000000000002cc                __malloc_free_list
 .bss.__malloc_sbrk_start
                0x00000000000002d0        0x4 ../../newlib/libc.a(lib_a-nano-mallocr.o)
                0x00000000000002d0                __malloc_sbrk_start
 .bss           0x00000000000002d4        0x0 ../../newlib/libc.a(lib_a-printf.o)
 .bss           0x00000000000002d4        0x0 ../../newlib/libc.a(lib_a-sbrkr.o)
 .bss           0x00000000000002d4        0x0 ../../newlib/libc.a(lib_a-strncpy.o)
 .bss           0x00000000000002d4        0x0 ../../newlib/libc.a(lib_a-utoa.o)
 .bss           0x00000000000002d4        0x0 ../../newlib/libc.a(lib_a-findfp.o)
 .bss           0x00000000000002d4        0x0 ../../newlib/libc.a(lib_a-fwalk.o)
 .bss           0x00000000000002d4        0x0 ../../newlib/libc.a(lib_a-mlock.o)
 .bss           0x00000000000002d4        0x0 ../../newlib/libc.a(lib_a-nano-vfprintf.o)
 .bss           0x00000000000002d4        0x0 ../../newlib/libc.a(lib_a-reent.o)
 .bss           0x00000000000002d4        0x0 ../../newlib/libc.a(lib_a-stdio.o)
 .bss           0x00000000000002d4        0x0 ../../newlib/libc.a(lib_a-wbuf.o)
 .bss           0x00000000000002d4        0x0 ../../newlib/libc.a(lib_a-writer.o)
 .bss           0x00000000000002d4        0x0 ../../newlib/libc.a(lib_a-wsetup.o)
 .bss           0x00000000000002d4        0x0 ../../newlib/libc.a(lib_a-closer.o)
 .bss           0x00000000000002d4        0x0 ../../newlib/libc.a(lib_a-fflush.o)
 .bss           0x00000000000002d4        0x0 ../../newlib/libc.a(lib_a-fvwrite.o)
 .bss           0x00000000000002d4        0x0 ../../newlib/libc.a(lib_a-lseekr.o)
 .bss           0x00000000000002d4        0x0 ../../newlib/libc.a(lib_a-makebuf.o)
 .bss           0x00000000000002d4        0x0 ../../newlib/libc.a(lib_a-memchr-stub.o)
 .bss           0x00000000000002d4        0x0 ../../newlib/libc.a(lib_a-memmove.o)
 .bss           0x00000000000002d4        0x0 ../../newlib/libc.a(lib_a-nano-reallocr.o)
 .bss           0x00000000000002d4        0x0 ../../newlib/libc.a(lib_a-nano-vfprintf_i.o)
 .bss           0x00000000000002d4        0x0 ../../newlib/libc.a(lib_a-readr.o)
 .bss           0x00000000000002d4        0x0 ../../newlib/libc.a(lib_a-fstatr.o)
 .bss           0x00000000000002d4        0x0 ../../newlib/libc.a(lib_a-isattyr.o)
 .bss           0x00000000000002d4        0x0 ../../newlib/libc.a(lib_a-nano-msizer.o)
 .bss           0x00000000000002d4        0x0 ../../libc++/libgcc.a(_thumb1_case_uqi.o)
 .bss           0x00000000000002d4        0x0 ../../libc++/libgcc.a(_thumb1_case_uhi.o)
 .bss           0x00000000000002d4        0x0 ../../libc++/libgcc.a(_udivsi3.o)
 .bss           0x00000000000002d4        0x0 ../../libc++/libgcc.a(_divsi3.o)
 .bss           0x00000000000002d4        0x0 ../../libc++/libgcc.a(_dvmd_tls.o)
 .bss           0x00000000000002d4        0x0 ../../libc++/libgcc.a(_arm_cmpsf2.o)
 .bss           0x00000000000002d4        0x0 ../../libc++/libgcc.a(_aeabi_ldivmod.o)
 .bss           0x00000000000002d4        0x0 ../../libc++/libgcc.a(_muldi3.o)
 .bss           0x00000000000002d4        0x0 ../../libc++/libgcc.a(_fixunssfsi.o)
 .bss           0x00000000000002d4        0x0 ../../libc++/libgcc.a(bpabi.o)
 .bss           0x00000000000002d4        0x0 ../../libc++/libgcc.a(divsf3.o)
 .bss           0x00000000000002d4        0x0 ../../libc++/libgcc.a(eqsf2.o)
 .bss           0x00000000000002d4        0x0 ../../libc++/libgcc.a(gesf2.o)
 .bss           0x00000000000002d4        0x0 ../../libc++/libgcc.a(lesf2.o)
 .bss           0x00000000000002d4        0x0 ../../libc++/libgcc.a(mulsf3.o)
 .bss           0x00000000000002d4        0x0 ../../libc++/libgcc.a(subsf3.o)
 .bss           0x00000000000002d4        0x0 ../../libc++/libgcc.a(fixsfsi.o)
 .bss           0x00000000000002d4        0x0 ../../libc++/libgcc.a(floatsisf.o)
 .bss           0x00000000000002d4        0x0 ../../libc++/libgcc.a(_clzsi2.o)
 .bss           0x00000000000002d4        0x0 ../../libc++/libgcc.a(_divdi3.o)
 .bss           0x00000000000002d4        0x0 ../../libc++/libgcc.a(_lshrdi3.o)
 .bss           0x00000000000002d4        0x0 ../../libc++/libgcc.a(_ashldi3.o)
 .bss           0x00000000000002d4        0x0 ../../libc++/libgcc.a(_clzdi2.o)
 .bss           0x00000000000002d4        0x0 ../../libtock/build/cortex-m0/libtock.a(sys.o)
 .bss.__dso_handle
                0x00000000000002d4        0x4 ../../libtock/build/cortex-m0/libtock.a(sys.o)
                0x00000000000002d4                __dso_handle
 .bss           0x00000000000002d8        0x0 ../../newlib/libc.a(lib_a-errno.o)
 *(COMMON)
 COMMON         0x00000000000002d8       0xb0 build/cortex-m0/main.o
                0x00000000000002d8                opt3001
                0x00000000000002e4                bme280
                0x0000000000000324                bmi160
                0x000000000000034c                bmm150
 COMMON         0x0000000000000388        0x4 ../../newlib/libc.a(lib_a-reent.o)
                0x0000000000000388                errno
                0x000000000000038c                . = ALIGN (0x4)

.endflash       0x0000000080003030        0x0
                [!provide]                        PROVIDE (__exidx_start = .)

.ARM.exidx      0x0000000080003030        0x8
 *(.ARM.exidx* .gnu.linkonce.armexidx.*)
 .ARM.exidx.text.__divdi3
                0x0000000080003030        0x8 ../../libc++/libgcc.a(_divdi3.o)
                [!provide]                        PROVIDE (__exidx_end = .)
OUTPUT(build/cortex-m0/cortex-m0.elf elf32-littlearm)

.rel.dyn        0x0000000080003038        0x0
 .rel.iplt      0x0000000080003038        0x0 build/cortex-m0/bosch_port.o
 .rel.got       0x0000000080003038        0x0 build/cortex-m0/bosch_port.o

.GCC.command.line
                0x0000000000000000      0x890
 .GCC.command.line
                0x0000000000000000      0x472 build/cortex-m0/bosch_port.o
 .GCC.command.line
                0x0000000000000472       0x3a build/cortex-m0/bme280.o
                                        0x466 (size before relaxing)
 .GCC.command.line
                0x00000000000004ac       0x44 build/cortex-m0/bme280_port.o
                                        0x470 (size before relaxing)
 .GCC.command.line
                0x00000000000004f0       0x3a build/cortex-m0/bmi160.o
                                        0x466 (size before relaxing)
 .GCC.command.line
                0x000000000000052a       0x44 build/cortex-m0/bmi160_port.o
                                        0x470 (size before relaxing)
 .GCC.command.line
                0x000000000000056e       0x3a build/cortex-m0/bmm150.o
                                        0x466 (size before relaxing)
 .GCC.command.line
                0x00000000000005a8       0x44 build/cortex-m0/bmm150_port.o
                                        0x470 (size before relaxing)
 .GCC.command.line
                0x00000000000005ec       0x3d build/cortex-m0/opt3001.o
                                        0x469 (size before relaxing)
 .GCC.command.line
                0x0000000000000629       0x2d build/cortex-m0/main.o
                                        0x459 (size before relaxing)
 .GCC.command.line
                0x0000000000000656       0x57 ../../libtock/build/cortex-m0/libtock.a(alarm_timer.o)
                                        0x483 (size before relaxing)
 .GCC.command.line
                0x00000000000006ad       0x49 ../../libtock/build/cortex-m0/libtock.a(crt0.o)
                                        0x475 (size before relaxing)
 .GCC.command.line
                0x00000000000006f6       0x49 ../../libtock/build/cortex-m0/libtock.a(tock.o)
                                        0x475 (size before relaxing)
 .GCC.command.line
                0x000000000000073f       0x4f ../../libtock/build/cortex-m0/libtock.a(console.o)
                                        0x47b (size before relaxing)
 .GCC.command.line
                0x000000000000078e       0x55 ../../libtock/build/cortex-m0/libtock.a(i2c_master.o)
                                        0x481 (size before relaxing)
 .GCC.command.line
                0x00000000000007e3       0x66 ../../libtock/build/cortex-m0/libtock.a(alarm_internal.o)
                                        0x492 (size before relaxing)
 .GCC.command.line
                0x0000000000000849       0x47 ../../libtock/build/cortex-m0/libtock.a(sys.o)
                                        0x473 (size before relaxing)

.comment        0x0000000000000000       0xb6
 .comment       0x0000000000000000       0x7f build/cortex-m0/bosch_port.o
                                         0x80 (size before relaxing)
 .comment       0x000000000000007f       0x80 build/cortex-m0/bme280.o
 .comment       0x000000000000007f       0x80 build/cortex-m0/bme280_port.o
 .comment       0x000000000000007f       0x80 build/cortex-m0/bmi160.o
 .comment       0x000000000000007f       0x80 build/cortex-m0/bmi160_port.o
 .comment       0x000000000000007f       0x80 build/cortex-m0/bmm150.o
 .comment       0x000000000000007f       0x80 build/cortex-m0/bmm150_port.o
 .comment       0x000000000000007f       0x80 build/cortex-m0/opt3001.o
 .comment       0x000000000000007f       0x80 build/cortex-m0/main.o
 .comment       0x000000000000007f       0x80 ../../libtock/build/cortex-m0/libtock.a(alarm_timer.o)
 .comment       0x000000000000007f       0x80 ../../libtock/build/cortex-m0/libtock.a(crt0.o)
 .comment       0x000000000000007f       0x80 ../../libtock/build/cortex-m0/libtock.a(tock.o)
 .comment       0x000000000000007f       0x80 ../../libtock/build/cortex-m0/libtock.a(console.o)
 .comment       0x000000000000007f       0x80 ../../libtock/build/cortex-m0/libtock.a(i2c_master.o)
 .comment       0x000000000000007f       0x80 ../../libtock/build/cortex-m0/libtock.a(alarm_internal.o)
 .comment       0x000000000000007f       0x26 ../../newlib/libc.a(lib_a-exit.o)
                                         0x27 (size before relaxing)
 .comment       0x00000000000000a5       0x27 ../../newlib/libc.a(lib_a-impure.o)
 .comment       0x00000000000000a5       0x27 ../../newlib/libc.a(lib_a-itoa.o)
 .comment       0x00000000000000a5       0x27 ../../newlib/libc.a(lib_a-malloc.o)
 .comment       0x00000000000000a5       0x27 ../../newlib/libc.a(lib_a-memcpy-stub.o)
 .comment       0x00000000000000a5       0x27 ../../newlib/libc.a(lib_a-memset.o)
 .comment       0x00000000000000a5       0x27 ../../newlib/libc.a(lib_a-nano-freer.o)
 .comment       0x00000000000000a5       0x27 ../../newlib/libc.a(lib_a-nano-mallocr.o)
 .comment       0x00000000000000a5       0x27 ../../newlib/libc.a(lib_a-printf.o)
 .comment       0x00000000000000a5       0x27 ../../newlib/libc.a(lib_a-sbrkr.o)
 .comment       0x00000000000000a5       0x27 ../../newlib/libc.a(lib_a-strncpy.o)
 .comment       0x00000000000000a5       0x27 ../../newlib/libc.a(lib_a-utoa.o)
 .comment       0x00000000000000a5       0x27 ../../newlib/libc.a(lib_a-findfp.o)
 .comment       0x00000000000000a5       0x27 ../../newlib/libc.a(lib_a-fwalk.o)
 .comment       0x00000000000000a5       0x27 ../../newlib/libc.a(lib_a-mlock.o)
 .comment       0x00000000000000a5       0x27 ../../newlib/libc.a(lib_a-nano-vfprintf.o)
 .comment       0x00000000000000a5       0x27 ../../newlib/libc.a(lib_a-reent.o)
 .comment       0x00000000000000a5       0x27 ../../newlib/libc.a(lib_a-stdio.o)
 .comment       0x00000000000000a5       0x27 ../../newlib/libc.a(lib_a-wbuf.o)
 .comment       0x00000000000000a5       0x27 ../../newlib/libc.a(lib_a-writer.o)
 .comment       0x00000000000000a5       0x27 ../../newlib/libc.a(lib_a-wsetup.o)
 .comment       0x00000000000000a5       0x27 ../../newlib/libc.a(lib_a-closer.o)
 .comment       0x00000000000000a5       0x27 ../../newlib/libc.a(lib_a-fflush.o)
 .comment       0x00000000000000a5       0x27 ../../newlib/libc.a(lib_a-fvwrite.o)
 .comment       0x00000000000000a5       0x27 ../../newlib/libc.a(lib_a-lseekr.o)
 .comment       0x00000000000000a5       0x27 ../../newlib/libc.a(lib_a-makebuf.o)
 .comment       0x00000000000000a5       0x27 ../../newlib/libc.a(lib_a-memchr-stub.o)
 .comment       0x00000000000000a5       0x27 ../../newlib/libc.a(lib_a-memmove.o)
 .comment       0x00000000000000a5       0x27 ../../newlib/libc.a(lib_a-nano-reallocr.o)
 .comment       0x00000000000000a5       0x27 ../../newlib/libc.a(lib_a-nano-vfprintf_i.o)
 .comment       0x00000000000000a5       0x27 ../../newlib/libc.a(lib_a-readr.o)
 .comment       0x00000000000000a5       0x27 ../../newlib/libc.a(lib_a-fstatr.o)
 .comment       0x00000000000000a5       0x27 ../../newlib/libc.a(lib_a-isattyr.o)
 .comment       0x00000000000000a5       0x27 ../../newlib/libc.a(lib_a-nano-msizer.o)
 .comment       0x00000000000000a5       0x11 ../../libc++/libgcc.a(_muldi3.o)
                                         0x12 (size before relaxing)
 .comment       0x00000000000000b6       0x12 ../../libc++/libgcc.a(_fixunssfsi.o)
 .comment       0x00000000000000b6       0x12 ../../libc++/libgcc.a(bpabi.o)
 .comment       0x00000000000000b6       0x12 ../../libc++/libgcc.a(divsf3.o)
 .comment       0x00000000000000b6       0x12 ../../libc++/libgcc.a(eqsf2.o)
 .comment       0x00000000000000b6       0x12 ../../libc++/libgcc.a(gesf2.o)
 .comment       0x00000000000000b6       0x12 ../../libc++/libgcc.a(lesf2.o)
 .comment       0x00000000000000b6       0x12 ../../libc++/libgcc.a(mulsf3.o)
 .comment       0x00000000000000b6       0x12 ../../libc++/libgcc.a(subsf3.o)
 .comment       0x00000000000000b6       0x12 ../../libc++/libgcc.a(fixsfsi.o)
 .comment       0x00000000000000b6       0x12 ../../libc++/libgcc.a(floatsisf.o)
 .comment       0x00000000000000b6       0x12 ../../libc++/libgcc.a(_divdi3.o)
 .comment       0x00000000000000b6       0x80 ../../libtock/build/cortex-m0/libtock.a(sys.o)
 .comment       0x00000000000000b6       0x27 ../../newlib/libc.a(lib_a-errno.o)

.ARM.attributes
                0x0000000000000000       0x31
 .ARM.attributes
                0x0000000000000000       0x31 build/cortex-m0/bosch_port.o
 .ARM.attributes
                0x0000000000000031       0x31 build/cortex-m0/bme280.o
 .ARM.attributes
                0x0000000000000062       0x31 build/cortex-m0/bme280_port.o
 .ARM.attributes
                0x0000000000000093       0x31 build/cortex-m0/bmi160.o
 .ARM.attributes
                0x00000000000000c4       0x31 build/cortex-m0/bmi160_port.o
 .ARM.attributes
                0x00000000000000f5       0x31 build/cortex-m0/bmm150.o
 .ARM.attributes
                0x0000000000000126       0x31 build/cortex-m0/bmm150_port.o
 .ARM.attributes
                0x0000000000000157       0x31 build/cortex-m0/opt3001.o
 .ARM.attributes
                0x0000000000000188       0x31 build/cortex-m0/main.o
 .ARM.attributes
                0x00000000000001b9       0x31 ../../libtock/build/cortex-m0/libtock.a(alarm_timer.o)
 .ARM.attributes
                0x00000000000001ea       0x31 ../../libtock/build/cortex-m0/libtock.a(crt0.o)
 .ARM.attributes
                0x000000000000021b       0x31 ../../libtock/build/cortex-m0/libtock.a(tock.o)
 .ARM.attributes
                0x000000000000024c       0x31 ../../libtock/build/cortex-m0/libtock.a(console.o)
 .ARM.attributes
                0x000000000000027d       0x31 ../../libtock/build/cortex-m0/libtock.a(i2c_master.o)
 .ARM.attributes
                0x00000000000002ae       0x31 ../../libtock/build/cortex-m0/libtock.a(alarm_internal.o)
 .ARM.attributes
                0x00000000000002df       0x2c ../../newlib/libc.a(lib_a-exit.o)
 .ARM.attributes
                0x000000000000030b       0x2c ../../newlib/libc.a(lib_a-impure.o)
 .ARM.attributes
                0x0000000000000337       0x2c ../../newlib/libc.a(lib_a-itoa.o)
 .ARM.attributes
                0x0000000000000363       0x2c ../../newlib/libc.a(lib_a-malloc.o)
 .ARM.attributes
                0x000000000000038f       0x2c ../../newlib/libc.a(lib_a-memcpy-stub.o)
 .ARM.attributes
                0x00000000000003bb       0x2c ../../newlib/libc.a(lib_a-memset.o)
 .ARM.attributes
                0x00000000000003e7       0x2c ../../newlib/libc.a(lib_a-nano-freer.o)
 .ARM.attributes
                0x0000000000000413       0x2c ../../newlib/libc.a(lib_a-nano-mallocr.o)
 .ARM.attributes
                0x000000000000043f       0x2c ../../newlib/libc.a(lib_a-printf.o)
 .ARM.attributes
                0x000000000000046b       0x2c ../../newlib/libc.a(lib_a-sbrkr.o)
 .ARM.attributes
                0x0000000000000497       0x2c ../../newlib/libc.a(lib_a-strncpy.o)
 .ARM.attributes
                0x00000000000004c3       0x2c ../../newlib/libc.a(lib_a-utoa.o)
 .ARM.attributes
                0x00000000000004ef       0x2c ../../newlib/libc.a(lib_a-findfp.o)
 .ARM.attributes
                0x000000000000051b       0x2c ../../newlib/libc.a(lib_a-fwalk.o)
 .ARM.attributes
                0x0000000000000547       0x2c ../../newlib/libc.a(lib_a-mlock.o)
 .ARM.attributes
                0x0000000000000573       0x2c ../../newlib/libc.a(lib_a-nano-vfprintf.o)
 .ARM.attributes
                0x000000000000059f       0x2c ../../newlib/libc.a(lib_a-reent.o)
 .ARM.attributes
                0x00000000000005cb       0x2c ../../newlib/libc.a(lib_a-stdio.o)
 .ARM.attributes
                0x00000000000005f7       0x2c ../../newlib/libc.a(lib_a-wbuf.o)
 .ARM.attributes
                0x0000000000000623       0x2c ../../newlib/libc.a(lib_a-writer.o)
 .ARM.attributes
                0x000000000000064f       0x2c ../../newlib/libc.a(lib_a-wsetup.o)
 .ARM.attributes
                0x000000000000067b       0x2c ../../newlib/libc.a(lib_a-closer.o)
 .ARM.attributes
                0x00000000000006a7       0x2c ../../newlib/libc.a(lib_a-fflush.o)
 .ARM.attributes
                0x00000000000006d3       0x2c ../../newlib/libc.a(lib_a-fvwrite.o)
 .ARM.attributes
                0x00000000000006ff       0x2c ../../newlib/libc.a(lib_a-lseekr.o)
 .ARM.attributes
                0x000000000000072b       0x2c ../../newlib/libc.a(lib_a-makebuf.o)
 .ARM.attributes
                0x0000000000000757       0x2c ../../newlib/libc.a(lib_a-memchr-stub.o)
 .ARM.attributes
                0x0000000000000783       0x2c ../../newlib/libc.a(lib_a-memmove.o)
 .ARM.attributes
                0x00000000000007af       0x2c ../../newlib/libc.a(lib_a-nano-reallocr.o)
 .ARM.attributes
                0x00000000000007db       0x2c ../../newlib/libc.a(lib_a-nano-vfprintf_i.o)
 .ARM.attributes
                0x0000000000000807       0x2c ../../newlib/libc.a(lib_a-readr.o)
 .ARM.attributes
                0x0000000000000833       0x2c ../../newlib/libc.a(lib_a-fstatr.o)
 .ARM.attributes
                0x000000000000085f       0x2c ../../newlib/libc.a(lib_a-isattyr.o)
 .ARM.attributes
                0x000000000000088b       0x2c ../../newlib/libc.a(lib_a-nano-msizer.o)
 .ARM.attributes
                0x00000000000008b7       0x23 ../../libc++/libgcc.a(_thumb1_case_uqi.o)
 .ARM.attributes
                0x00000000000008da       0x23 ../../libc++/libgcc.a(_thumb1_case_uhi.o)
 .ARM.attributes
                0x00000000000008fd       0x23 ../../libc++/libgcc.a(_udivsi3.o)
 .ARM.attributes
                0x0000000000000920       0x23 ../../libc++/libgcc.a(_divsi3.o)
 .ARM.attributes
                0x0000000000000943       0x23 ../../libc++/libgcc.a(_dvmd_tls.o)
 .ARM.attributes
                0x0000000000000966       0x23 ../../libc++/libgcc.a(_arm_cmpsf2.o)
 .ARM.attributes
                0x0000000000000989       0x23 ../../libc++/libgcc.a(_aeabi_ldivmod.o)
 .ARM.attributes
                0x00000000000009ac       0x31 ../../libc++/libgcc.a(_muldi3.o)
 .ARM.attributes
                0x00000000000009dd       0x31 ../../libc++/libgcc.a(_fixunssfsi.o)
 .ARM.attributes
                0x0000000000000a0e       0x31 ../../libc++/libgcc.a(bpabi.o)
 .ARM.attributes
                0x0000000000000a3f       0x31 ../../libc++/libgcc.a(divsf3.o)
 .ARM.attributes
                0x0000000000000a70       0x31 ../../libc++/libgcc.a(eqsf2.o)
 .ARM.attributes
                0x0000000000000aa1       0x31 ../../libc++/libgcc.a(gesf2.o)
 .ARM.attributes
                0x0000000000000ad2       0x31 ../../libc++/libgcc.a(lesf2.o)
 .ARM.attributes
                0x0000000000000b03       0x31 ../../libc++/libgcc.a(mulsf3.o)
 .ARM.attributes
                0x0000000000000b34       0x31 ../../libc++/libgcc.a(subsf3.o)
 .ARM.attributes
                0x0000000000000b65       0x31 ../../libc++/libgcc.a(fixsfsi.o)
 .ARM.attributes
                0x0000000000000b96       0x31 ../../libc++/libgcc.a(floatsisf.o)
 .ARM.attributes
                0x0000000000000bc7       0x23 ../../libc++/libgcc.a(_clzsi2.o)
 .ARM.attributes
                0x0000000000000bea       0x31 ../../libc++/libgcc.a(_divdi3.o)
 .ARM.attributes
                0x0000000000000c1b       0x23 ../../libc++/libgcc.a(_lshrdi3.o)
 .ARM.attributes
                0x0000000000000c3e       0x23 ../../libc++/libgcc.a(_ashldi3.o)
 .ARM.attributes
                0x0000000000000c61       0x23 ../../libc++/libgcc.a(_clzdi2.o)
 .ARM.attributes
                0x0000000000000c84       0x31 ../../libtock/build/cortex-m0/libtock.a(sys.o)
 .ARM.attributes
                0x0000000000000cb5       0x2c ../../newlib/libc.a(lib_a-errno.o)

.debug_info     0x0000000000000000    0x37dfd
 .debug_info    0x0000000000000000      0xba8 build/cortex-m0/bosch_port.o
 .debug_info    0x0000000000000ba8     0x233b build/cortex-m0/bme280.o
 .debug_info    0x0000000000002ee3      0xf05 build/cortex-m0/bme280_port.o
 .debug_info    0x0000000000003de8     0x77dd build/cortex-m0/bmi160.o
 .debug_info    0x000000000000b5c5     0x108e build/cortex-m0/bmi160_port.o
 .debug_info    0x000000000000c653     0x2cf5 build/cortex-m0/bmm150.o
 .debug_info    0x000000000000f348      0xf7b build/cortex-m0/bmm150_port.o
 .debug_info    0x00000000000102c3     0x110b build/cortex-m0/opt3001.o
 .debug_info    0x00000000000113ce     0x1d5b build/cortex-m0/main.o
 .debug_info    0x0000000000013129     0x1302 ../../libtock/build/cortex-m0/libtock.a(alarm_timer.o)
 .debug_info    0x000000000001442b      0xcba ../../libtock/build/cortex-m0/libtock.a(crt0.o)
 .debug_info    0x00000000000150e5     0x10d7 ../../libtock/build/cortex-m0/libtock.a(tock.o)
 .debug_info    0x00000000000161bc     0x10f0 ../../libtock/build/cortex-m0/libtock.a(console.o)
 .debug_info    0x00000000000172ac      0xdc3 ../../libtock/build/cortex-m0/libtock.a(i2c_master.o)
 .debug_info    0x000000000001806f      0xb4f ../../libtock/build/cortex-m0/libtock.a(alarm_internal.o)
 .debug_info    0x0000000000018bbe      0x959 ../../newlib/libc.a(lib_a-exit.o)
 .debug_info    0x0000000000019517      0x8ab ../../newlib/libc.a(lib_a-impure.o)
 .debug_info    0x0000000000019dc2      0x974 ../../newlib/libc.a(lib_a-itoa.o)
 .debug_info    0x000000000001a736      0x928 ../../newlib/libc.a(lib_a-malloc.o)
 .debug_info    0x000000000001b05e      0x916 ../../newlib/libc.a(lib_a-memcpy-stub.o)
 .debug_info    0x000000000001b974      0xde0 ../../newlib/libc.a(lib_a-memset.o)
 .debug_info    0x000000000001c754      0xb0c ../../newlib/libc.a(lib_a-nano-freer.o)
 .debug_info    0x000000000001d260      0xbb2 ../../newlib/libc.a(lib_a-nano-mallocr.o)
 .debug_info    0x000000000001de12      0xbbb ../../newlib/libc.a(lib_a-printf.o)
 .debug_info    0x000000000001e9cd      0x960 ../../newlib/libc.a(lib_a-sbrkr.o)
 .debug_info    0x000000000001f32d      0x900 ../../newlib/libc.a(lib_a-strncpy.o)
 .debug_info    0x000000000001fc2d      0x9c2 ../../newlib/libc.a(lib_a-utoa.o)
 .debug_info    0x00000000000205ef      0xf6d ../../newlib/libc.a(lib_a-findfp.o)
 .debug_info    0x000000000002155c      0xbd6 ../../newlib/libc.a(lib_a-fwalk.o)
 .debug_info    0x0000000000022132      0x8de ../../newlib/libc.a(lib_a-mlock.o)
 .debug_info    0x0000000000022a10     0x15cc ../../newlib/libc.a(lib_a-nano-vfprintf.o)
 .debug_info    0x0000000000023fdc      0xa67 ../../newlib/libc.a(lib_a-reent.o)
 .debug_info    0x0000000000024a43      0xd5b ../../newlib/libc.a(lib_a-stdio.o)
 .debug_info    0x000000000002579e      0xbdb ../../newlib/libc.a(lib_a-wbuf.o)
 .debug_info    0x0000000000026379      0x9a3 ../../newlib/libc.a(lib_a-writer.o)
 .debug_info    0x0000000000026d1c      0xb53 ../../newlib/libc.a(lib_a-wsetup.o)
 .debug_info    0x000000000002786f      0x956 ../../newlib/libc.a(lib_a-closer.o)
 .debug_info    0x00000000000281c5      0xc9b ../../newlib/libc.a(lib_a-fflush.o)
 .debug_info    0x0000000000028e60      0xe14 ../../newlib/libc.a(lib_a-fvwrite.o)
 .debug_info    0x0000000000029c74      0x986 ../../newlib/libc.a(lib_a-lseekr.o)
 .debug_info    0x000000000002a5fa      0xe3f ../../newlib/libc.a(lib_a-makebuf.o)
 .debug_info    0x000000000002b439      0x908 ../../newlib/libc.a(lib_a-memchr-stub.o)
 .debug_info    0x000000000002bd41      0xdfe ../../newlib/libc.a(lib_a-memmove.o)
 .debug_info    0x000000000002cb3f      0xabe ../../newlib/libc.a(lib_a-nano-reallocr.o)
 .debug_info    0x000000000002d5fd     0x1447 ../../newlib/libc.a(lib_a-nano-vfprintf_i.o)
 .debug_info    0x000000000002ea44      0x99c ../../newlib/libc.a(lib_a-readr.o)
 .debug_info    0x000000000002f3e0      0xb68 ../../newlib/libc.a(lib_a-fstatr.o)
 .debug_info    0x000000000002ff48      0x956 ../../newlib/libc.a(lib_a-isattyr.o)
 .debug_info    0x000000000003089e      0xa02 ../../newlib/libc.a(lib_a-nano-msizer.o)
 .debug_info    0x00000000000312a0       0xae ../../libc++/libgcc.a(_thumb1_case_uqi.o)
 .debug_info    0x000000000003134e       0xae ../../libc++/libgcc.a(_thumb1_case_uhi.o)
 .debug_info    0x00000000000313fc       0xae ../../libc++/libgcc.a(_udivsi3.o)
 .debug_info    0x00000000000314aa       0xae ../../libc++/libgcc.a(_divsi3.o)
 .debug_info    0x0000000000031558       0xae ../../libc++/libgcc.a(_dvmd_tls.o)
 .debug_info    0x0000000000031606       0xae ../../libc++/libgcc.a(_arm_cmpsf2.o)
 .debug_info    0x00000000000316b4       0xae ../../libc++/libgcc.a(_aeabi_ldivmod.o)
 .debug_info    0x0000000000031762     0x1260 ../../libc++/libgcc.a(_muldi3.o)
 .debug_info    0x00000000000329c2     0x1141 ../../libc++/libgcc.a(_fixunssfsi.o)
 .debug_info    0x0000000000033b03       0xbc ../../libc++/libgcc.a(bpabi.o)
 .debug_info    0x0000000000033bbf      0x31d ../../libc++/libgcc.a(divsf3.o)
 .debug_info    0x0000000000033edc      0x232 ../../libc++/libgcc.a(eqsf2.o)
 .debug_info    0x000000000003410e      0x23a ../../libc++/libgcc.a(gesf2.o)
 .debug_info    0x0000000000034348      0x23e ../../libc++/libgcc.a(lesf2.o)
 .debug_info    0x0000000000034586      0x383 ../../libc++/libgcc.a(mulsf3.o)
 .debug_info    0x0000000000034909      0x321 ../../libc++/libgcc.a(subsf3.o)
 .debug_info    0x0000000000034c2a      0x1db ../../libc++/libgcc.a(fixsfsi.o)
 .debug_info    0x0000000000034e05      0x23b ../../libc++/libgcc.a(floatsisf.o)
 .debug_info    0x0000000000035040       0xae ../../libc++/libgcc.a(_clzsi2.o)
 .debug_info    0x00000000000350ee     0x12d9 ../../libc++/libgcc.a(_divdi3.o)
 .debug_info    0x00000000000363c7       0xae ../../libc++/libgcc.a(_lshrdi3.o)
 .debug_info    0x0000000000036475       0xae ../../libc++/libgcc.a(_ashldi3.o)
 .debug_info    0x0000000000036523       0xae ../../libc++/libgcc.a(_clzdi2.o)
 .debug_info    0x00000000000365d1      0xf5a ../../libtock/build/cortex-m0/libtock.a(sys.o)
 .debug_info    0x000000000003752b      0x8d2 ../../newlib/libc.a(lib_a-errno.o)

.debug_abbrev   0x0000000000000000     0x87d7
 .debug_abbrev  0x0000000000000000      0x207 build/cortex-m0/bosch_port.o
 .debug_abbrev  0x0000000000000207      0x39f build/cortex-m0/bme280.o
 .debug_abbrev  0x00000000000005a6      0x24c build/cortex-m0/bme280_port.o
 .debug_abbrev  0x00000000000007f2      0x49c build/cortex-m0/bmi160.o
 .debug_abbrev  0x0000000000000c8e      0x279 build/cortex-m0/bmi160_port.o
 .debug_abbrev  0x0000000000000f07      0x38b build/cortex-m0/bmm150.o
 .debug_abbrev  0x0000000000001292      0x23f build/cortex-m0/bmm150_port.o
 .debug_abbrev  0x00000000000014d1      0x2f7 build/cortex-m0/opt3001.o
 .debug_abbrev  0x00000000000017c8      0x3b5 build/cortex-m0/main.o
 .debug_abbrev  0x0000000000001b7d      0x3b9 ../../libtock/build/cortex-m0/libtock.a(alarm_timer.o)
 .debug_abbrev  0x0000000000001f36      0x25a ../../libtock/build/cortex-m0/libtock.a(crt0.o)
 .debug_abbrev  0x0000000000002190      0x2a1 ../../libtock/build/cortex-m0/libtock.a(tock.o)
 .debug_abbrev  0x0000000000002431      0x2d3 ../../libtock/build/cortex-m0/libtock.a(console.o)
 .debug_abbrev  0x0000000000002704      0x235 ../../libtock/build/cortex-m0/libtock.a(i2c_master.o)
 .debug_abbrev  0x0000000000002939      0x1d6 ../../libtock/build/cortex-m0/libtock.a(alarm_internal.o)
 .debug_abbrev  0x0000000000002b0f      0x1cd ../../newlib/libc.a(lib_a-exit.o)
 .debug_abbrev  0x0000000000002cdc      0x15c ../../newlib/libc.a(lib_a-impure.o)
 .debug_abbrev  0x0000000000002e38      0x1e4 ../../newlib/libc.a(lib_a-itoa.o)
 .debug_abbrev  0x000000000000301c      0x1c6 ../../newlib/libc.a(lib_a-malloc.o)
 .debug_abbrev  0x00000000000031e2      0x1ac ../../newlib/libc.a(lib_a-memcpy-stub.o)
 .debug_abbrev  0x000000000000338e      0x197 ../../newlib/libc.a(lib_a-memset.o)
 .debug_abbrev  0x0000000000003525      0x275 ../../newlib/libc.a(lib_a-nano-freer.o)
 .debug_abbrev  0x000000000000379a      0x2c7 ../../newlib/libc.a(lib_a-nano-mallocr.o)
 .debug_abbrev  0x0000000000003a61      0x24d ../../newlib/libc.a(lib_a-printf.o)
 .debug_abbrev  0x0000000000003cae      0x1df ../../newlib/libc.a(lib_a-sbrkr.o)
 .debug_abbrev  0x0000000000003e8d      0x196 ../../newlib/libc.a(lib_a-strncpy.o)
 .debug_abbrev  0x0000000000004023      0x20f ../../newlib/libc.a(lib_a-utoa.o)
 .debug_abbrev  0x0000000000004232      0x32c ../../newlib/libc.a(lib_a-findfp.o)
 .debug_abbrev  0x000000000000455e      0x1ef ../../newlib/libc.a(lib_a-fwalk.o)
 .debug_abbrev  0x000000000000474d      0x19d ../../newlib/libc.a(lib_a-mlock.o)
 .debug_abbrev  0x00000000000048ea      0x2c2 ../../newlib/libc.a(lib_a-nano-vfprintf.o)
 .debug_abbrev  0x0000000000004bac      0x221 ../../newlib/libc.a(lib_a-reent.o)
 .debug_abbrev  0x0000000000004dcd      0x225 ../../newlib/libc.a(lib_a-stdio.o)
 .debug_abbrev  0x0000000000004ff2      0x233 ../../newlib/libc.a(lib_a-wbuf.o)
 .debug_abbrev  0x0000000000005225      0x1e1 ../../newlib/libc.a(lib_a-writer.o)
 .debug_abbrev  0x0000000000005406      0x208 ../../newlib/libc.a(lib_a-wsetup.o)
 .debug_abbrev  0x000000000000560e      0x1da ../../newlib/libc.a(lib_a-closer.o)
 .debug_abbrev  0x00000000000057e8      0x29d ../../newlib/libc.a(lib_a-fflush.o)
 .debug_abbrev  0x0000000000005a85      0x237 ../../newlib/libc.a(lib_a-fvwrite.o)
 .debug_abbrev  0x0000000000005cbc      0x1eb ../../newlib/libc.a(lib_a-lseekr.o)
 .debug_abbrev  0x0000000000005ea7      0x2a3 ../../newlib/libc.a(lib_a-makebuf.o)
 .debug_abbrev  0x000000000000614a      0x1a5 ../../newlib/libc.a(lib_a-memchr-stub.o)
 .debug_abbrev  0x00000000000062ef      0x19c ../../newlib/libc.a(lib_a-memmove.o)
 .debug_abbrev  0x000000000000648b      0x1f4 ../../newlib/libc.a(lib_a-nano-reallocr.o)
 .debug_abbrev  0x000000000000667f      0x2aa ../../newlib/libc.a(lib_a-nano-vfprintf_i.o)
 .debug_abbrev  0x0000000000006929      0x1dc ../../newlib/libc.a(lib_a-readr.o)
 .debug_abbrev  0x0000000000006b05      0x1e9 ../../newlib/libc.a(lib_a-fstatr.o)
 .debug_abbrev  0x0000000000006cee      0x1da ../../newlib/libc.a(lib_a-isattyr.o)
 .debug_abbrev  0x0000000000006ec8      0x1b4 ../../newlib/libc.a(lib_a-nano-msizer.o)
 .debug_abbrev  0x000000000000707c       0x14 ../../libc++/libgcc.a(_thumb1_case_uqi.o)
 .debug_abbrev  0x0000000000007090       0x14 ../../libc++/libgcc.a(_thumb1_case_uhi.o)
 .debug_abbrev  0x00000000000070a4       0x14 ../../libc++/libgcc.a(_udivsi3.o)
 .debug_abbrev  0x00000000000070b8       0x14 ../../libc++/libgcc.a(_divsi3.o)
 .debug_abbrev  0x00000000000070cc       0x14 ../../libc++/libgcc.a(_dvmd_tls.o)
 .debug_abbrev  0x00000000000070e0       0x14 ../../libc++/libgcc.a(_arm_cmpsf2.o)
 .debug_abbrev  0x00000000000070f4       0x14 ../../libc++/libgcc.a(_aeabi_ldivmod.o)
 .debug_abbrev  0x0000000000007108      0x24a ../../libc++/libgcc.a(_muldi3.o)
 .debug_abbrev  0x0000000000007352      0x1fc ../../libc++/libgcc.a(_fixunssfsi.o)
 .debug_abbrev  0x000000000000754e       0x99 ../../libc++/libgcc.a(bpabi.o)
 .debug_abbrev  0x00000000000075e7      0x155 ../../libc++/libgcc.a(divsf3.o)
 .debug_abbrev  0x000000000000773c      0x155 ../../libc++/libgcc.a(eqsf2.o)
 .debug_abbrev  0x0000000000007891      0x166 ../../libc++/libgcc.a(gesf2.o)
 .debug_abbrev  0x00000000000079f7      0x171 ../../libc++/libgcc.a(lesf2.o)
 .debug_abbrev  0x0000000000007b68      0x15c ../../libc++/libgcc.a(mulsf3.o)
 .debug_abbrev  0x0000000000007cc4      0x176 ../../libc++/libgcc.a(subsf3.o)
 .debug_abbrev  0x0000000000007e3a      0x15b ../../libc++/libgcc.a(fixsfsi.o)
 .debug_abbrev  0x0000000000007f95      0x176 ../../libc++/libgcc.a(floatsisf.o)
 .debug_abbrev  0x000000000000810b       0x14 ../../libc++/libgcc.a(_clzsi2.o)
 .debug_abbrev  0x000000000000811f      0x276 ../../libc++/libgcc.a(_divdi3.o)
 .debug_abbrev  0x0000000000008395       0x14 ../../libc++/libgcc.a(_lshrdi3.o)
 .debug_abbrev  0x00000000000083a9       0x14 ../../libc++/libgcc.a(_ashldi3.o)
 .debug_abbrev  0x00000000000083bd       0x14 ../../libc++/libgcc.a(_clzdi2.o)
 .debug_abbrev  0x00000000000083d1      0x28e ../../libtock/build/cortex-m0/libtock.a(sys.o)
 .debug_abbrev  0x000000000000865f      0x178 ../../newlib/libc.a(lib_a-errno.o)

.debug_loc      0x0000000000000000    0x13359
 .debug_loc     0x0000000000000000      0x1a6 build/cortex-m0/bosch_port.o
 .debug_loc     0x00000000000001a6     0x19f9 build/cortex-m0/bme280.o
 .debug_loc     0x0000000000001b9f       0xb2 build/cortex-m0/bme280_port.o
 .debug_loc     0x0000000000001c51     0x6cf7 build/cortex-m0/bmi160.o
 .debug_loc     0x0000000000008948      0x136 build/cortex-m0/bmi160_port.o
 .debug_loc     0x0000000000008a7e     0x2d16 build/cortex-m0/bmm150.o
 .debug_loc     0x000000000000b794       0x65 build/cortex-m0/bmm150_port.o
 .debug_loc     0x000000000000b7f9      0x6a9 build/cortex-m0/opt3001.o
 .debug_loc     0x000000000000bea2      0x584 build/cortex-m0/main.o
 .debug_loc     0x000000000000c426      0x8d1 ../../libtock/build/cortex-m0/libtock.a(alarm_timer.o)
 .debug_loc     0x000000000000ccf7      0x256 ../../libtock/build/cortex-m0/libtock.a(crt0.o)
 .debug_loc     0x000000000000cf4d      0x529 ../../libtock/build/cortex-m0/libtock.a(tock.o)
 .debug_loc     0x000000000000d476      0x645 ../../libtock/build/cortex-m0/libtock.a(console.o)
 .debug_loc     0x000000000000dabb      0x31b ../../libtock/build/cortex-m0/libtock.a(i2c_master.o)
 .debug_loc     0x000000000000ddd6      0x104 ../../libtock/build/cortex-m0/libtock.a(alarm_internal.o)
 .debug_loc     0x000000000000deda       0x1e ../../newlib/libc.a(lib_a-exit.o)
 .debug_loc     0x000000000000def8      0x19b ../../newlib/libc.a(lib_a-itoa.o)
 .debug_loc     0x000000000000e093       0x58 ../../newlib/libc.a(lib_a-malloc.o)
 .debug_loc     0x000000000000e0eb       0xbe ../../newlib/libc.a(lib_a-memcpy-stub.o)
 .debug_loc     0x000000000000e1a9       0x72 ../../newlib/libc.a(lib_a-memset.o)
 .debug_loc     0x000000000000e21b       0xe8 ../../newlib/libc.a(lib_a-nano-freer.o)
 .debug_loc     0x000000000000e303      0x222 ../../newlib/libc.a(lib_a-nano-mallocr.o)
 .debug_loc     0x000000000000e525       0x3f ../../newlib/libc.a(lib_a-printf.o)
 .debug_loc     0x000000000000e564       0x4d ../../newlib/libc.a(lib_a-sbrkr.o)
 .debug_loc     0x000000000000e5b1      0x10f ../../newlib/libc.a(lib_a-strncpy.o)
 .debug_loc     0x000000000000e6c0      0x1bf ../../newlib/libc.a(lib_a-utoa.o)
 .debug_loc     0x000000000000e87f      0x211 ../../newlib/libc.a(lib_a-findfp.o)
 .debug_loc     0x000000000000ea90      0x199 ../../newlib/libc.a(lib_a-fwalk.o)
 .debug_loc     0x000000000000ec29      0x556 ../../newlib/libc.a(lib_a-nano-vfprintf.o)
 .debug_loc     0x000000000000f17f       0xcb ../../newlib/libc.a(lib_a-reent.o)
 .debug_loc     0x000000000000f24a      0x302 ../../newlib/libc.a(lib_a-stdio.o)
 .debug_loc     0x000000000000f54c      0x128 ../../newlib/libc.a(lib_a-wbuf.o)
 .debug_loc     0x000000000000f674       0xa5 ../../newlib/libc.a(lib_a-writer.o)
 .debug_loc     0x000000000000f719       0x7e ../../newlib/libc.a(lib_a-wsetup.o)
 .debug_loc     0x000000000000f797       0x4d ../../newlib/libc.a(lib_a-closer.o)
 .debug_loc     0x000000000000f7e4      0x2ab ../../newlib/libc.a(lib_a-fflush.o)
 .debug_loc     0x000000000000fa8f      0x5f2 ../../newlib/libc.a(lib_a-fvwrite.o)
 .debug_loc     0x0000000000010081       0xa5 ../../newlib/libc.a(lib_a-lseekr.o)
 .debug_loc     0x0000000000010126      0x213 ../../newlib/libc.a(lib_a-makebuf.o)
 .debug_loc     0x0000000000010339       0xb4 ../../newlib/libc.a(lib_a-memchr-stub.o)
 .debug_loc     0x00000000000103ed       0xe7 ../../newlib/libc.a(lib_a-memmove.o)
 .debug_loc     0x00000000000104d4      0x13c ../../newlib/libc.a(lib_a-nano-reallocr.o)
 .debug_loc     0x0000000000010610      0x5bb ../../newlib/libc.a(lib_a-nano-vfprintf_i.o)
 .debug_loc     0x0000000000010bcb       0xa5 ../../newlib/libc.a(lib_a-readr.o)
 .debug_loc     0x0000000000010c70       0x79 ../../newlib/libc.a(lib_a-fstatr.o)
 .debug_loc     0x0000000000010ce9       0x4d ../../newlib/libc.a(lib_a-isattyr.o)
 .debug_loc     0x0000000000010d36       0x7d ../../newlib/libc.a(lib_a-nano-msizer.o)
 .debug_loc     0x0000000000010db3      0x143 ../../libc++/libgcc.a(_muldi3.o)
 .debug_loc     0x0000000000010ef6       0x39 ../../libc++/libgcc.a(_fixunssfsi.o)
 .debug_loc     0x0000000000010f2f       0x70 ../../libc++/libgcc.a(bpabi.o)
 .debug_loc     0x0000000000010f9f      0x676 ../../libc++/libgcc.a(divsf3.o)
 .debug_loc     0x0000000000011615       0x96 ../../libc++/libgcc.a(eqsf2.o)
 .debug_loc     0x00000000000116ab      0x1a8 ../../libc++/libgcc.a(gesf2.o)
 .debug_loc     0x0000000000011853      0x141 ../../libc++/libgcc.a(lesf2.o)
 .debug_loc     0x0000000000011994      0x760 ../../libc++/libgcc.a(mulsf3.o)
 .debug_loc     0x00000000000120f4      0xae0 ../../libc++/libgcc.a(subsf3.o)
 .debug_loc     0x0000000000012bd4       0xe6 ../../libc++/libgcc.a(fixsfsi.o)
 .debug_loc     0x0000000000012cba      0x160 ../../libc++/libgcc.a(floatsisf.o)
 .debug_loc     0x0000000000012e1a      0x322 ../../libc++/libgcc.a(_divdi3.o)
 .debug_loc     0x000000000001313c      0x21d ../../libtock/build/cortex-m0/libtock.a(sys.o)

.debug_aranges  0x0000000000000000      0xf10
 .debug_aranges
                0x0000000000000000       0x28 build/cortex-m0/bosch_port.o
 .debug_aranges
                0x0000000000000028       0x98 build/cortex-m0/bme280.o
 .debug_aranges
                0x00000000000000c0       0x28 build/cortex-m0/bme280_port.o
 .debug_aranges
                0x00000000000000e8      0x180 build/cortex-m0/bmi160.o
 .debug_aranges
                0x0000000000000268       0x30 build/cortex-m0/bmi160_port.o
 .debug_aranges
                0x0000000000000298       0xe8 build/cortex-m0/bmm150.o
 .debug_aranges
                0x0000000000000380       0x20 build/cortex-m0/bmm150_port.o
 .debug_aranges
                0x00000000000003a0       0x68 build/cortex-m0/opt3001.o
 .debug_aranges
                0x0000000000000408       0x78 build/cortex-m0/main.o
 .debug_aranges
                0x0000000000000480       0x70 ../../libtock/build/cortex-m0/libtock.a(alarm_timer.o)
 .debug_aranges
                0x00000000000004f0       0x20 ../../libtock/build/cortex-m0/libtock.a(crt0.o)
 .debug_aranges
                0x0000000000000510       0xa8 ../../libtock/build/cortex-m0/libtock.a(tock.o)
 .debug_aranges
                0x00000000000005b8       0x58 ../../libtock/build/cortex-m0/libtock.a(console.o)
 .debug_aranges
                0x0000000000000610       0x38 ../../libtock/build/cortex-m0/libtock.a(i2c_master.o)
 .debug_aranges
                0x0000000000000648       0x38 ../../libtock/build/cortex-m0/libtock.a(alarm_internal.o)
 .debug_aranges
                0x0000000000000680       0x20 ../../newlib/libc.a(lib_a-exit.o)
 .debug_aranges
                0x00000000000006a0       0x18 ../../newlib/libc.a(lib_a-impure.o)
 .debug_aranges
                0x00000000000006b8       0x28 ../../newlib/libc.a(lib_a-itoa.o)
 .debug_aranges
                0x00000000000006e0       0x28 ../../newlib/libc.a(lib_a-malloc.o)
 .debug_aranges
                0x0000000000000708       0x20 ../../newlib/libc.a(lib_a-memcpy-stub.o)
 .debug_aranges
                0x0000000000000728       0x20 ../../newlib/libc.a(lib_a-memset.o)
 .debug_aranges
                0x0000000000000748       0x20 ../../newlib/libc.a(lib_a-nano-freer.o)
 .debug_aranges
                0x0000000000000768       0x20 ../../newlib/libc.a(lib_a-nano-mallocr.o)
 .debug_aranges
                0x0000000000000788       0x28 ../../newlib/libc.a(lib_a-printf.o)
 .debug_aranges
                0x00000000000007b0       0x20 ../../newlib/libc.a(lib_a-sbrkr.o)
 .debug_aranges
                0x00000000000007d0       0x20 ../../newlib/libc.a(lib_a-strncpy.o)
 .debug_aranges
                0x00000000000007f0       0x28 ../../newlib/libc.a(lib_a-utoa.o)
 .debug_aranges
                0x0000000000000818       0x68 ../../newlib/libc.a(lib_a-findfp.o)
 .debug_aranges
                0x0000000000000880       0x28 ../../newlib/libc.a(lib_a-fwalk.o)
 .debug_aranges
                0x00000000000008a8       0x20 ../../newlib/libc.a(lib_a-mlock.o)
 .debug_aranges
                0x00000000000008c8       0x40 ../../newlib/libc.a(lib_a-nano-vfprintf.o)
 .debug_aranges
                0x0000000000000908       0x28 ../../newlib/libc.a(lib_a-reent.o)
 .debug_aranges
                0x0000000000000930       0x40 ../../newlib/libc.a(lib_a-stdio.o)
 .debug_aranges
                0x0000000000000970       0x28 ../../newlib/libc.a(lib_a-wbuf.o)
 .debug_aranges
                0x0000000000000998       0x20 ../../newlib/libc.a(lib_a-writer.o)
 .debug_aranges
                0x00000000000009b8       0x20 ../../newlib/libc.a(lib_a-wsetup.o)
 .debug_aranges
                0x00000000000009d8       0x20 ../../newlib/libc.a(lib_a-closer.o)
 .debug_aranges
                0x00000000000009f8       0x30 ../../newlib/libc.a(lib_a-fflush.o)
 .debug_aranges
                0x0000000000000a28       0x20 ../../newlib/libc.a(lib_a-fvwrite.o)
 .debug_aranges
                0x0000000000000a48       0x20 ../../newlib/libc.a(lib_a-lseekr.o)
 .debug_aranges
                0x0000000000000a68       0x28 ../../newlib/libc.a(lib_a-makebuf.o)
 .debug_aranges
                0x0000000000000a90       0x20 ../../newlib/libc.a(lib_a-memchr-stub.o)
 .debug_aranges
                0x0000000000000ab0       0x20 ../../newlib/libc.a(lib_a-memmove.o)
 .debug_aranges
                0x0000000000000ad0       0x20 ../../newlib/libc.a(lib_a-nano-reallocr.o)
 .debug_aranges
                0x0000000000000af0       0x28 ../../newlib/libc.a(lib_a-nano-vfprintf_i.o)
 .debug_aranges
                0x0000000000000b18       0x20 ../../newlib/libc.a(lib_a-readr.o)
 .debug_aranges
                0x0000000000000b38       0x20 ../../newlib/libc.a(lib_a-fstatr.o)
 .debug_aranges
                0x0000000000000b58       0x20 ../../newlib/libc.a(lib_a-isattyr.o)
 .debug_aranges
                0x0000000000000b78       0x20 ../../newlib/libc.a(lib_a-nano-msizer.o)
 .debug_aranges
                0x0000000000000b98       0x20 ../../libc++/libgcc.a(_thumb1_case_uqi.o)
 .debug_aranges
                0x0000000000000bb8       0x20 ../../libc++/libgcc.a(_thumb1_case_uhi.o)
 .debug_aranges
                0x0000000000000bd8       0x20 ../../libc++/libgcc.a(_udivsi3.o)
 .debug_aranges
                0x0000000000000bf8       0x20 ../../libc++/libgcc.a(_divsi3.o)
 .debug_aranges
                0x0000000000000c18       0x20 ../../libc++/libgcc.a(_dvmd_tls.o)
 .debug_aranges
                0x0000000000000c38       0x20 ../../libc++/libgcc.a(_arm_cmpsf2.o)
 .debug_aranges
                0x0000000000000c58       0x20 ../../libc++/libgcc.a(_aeabi_ldivmod.o)
 .debug_aranges
                0x0000000000000c78       0x20 ../../libc++/libgcc.a(_muldi3.o)
 .debug_aranges
                0x0000000000000c98       0x20 ../../libc++/libgcc.a(_fixunssfsi.o)
 .debug_aranges
                0x0000000000000cb8       0x20 ../../libc++/libgcc.a(bpabi.o)
 .debug_aranges
                0x0000000000000cd8       0x20 ../../libc++/libgcc.a(divsf3.o)
 .debug_aranges
                0x0000000000000cf8       0x20 ../../libc++/libgcc.a(eqsf2.o)
 .debug_aranges
                0x0000000000000d18       0x20 ../../libc++/libgcc.a(gesf2.o)
 .debug_aranges
                0x0000000000000d38       0x20 ../../libc++/libgcc.a(lesf2.o)
 .debug_aranges
                0x0000000000000d58       0x20 ../../libc++/libgcc.a(mulsf3.o)
 .debug_aranges
                0x0000000000000d78       0x20 ../../libc++/libgcc.a(subsf3.o)
 .debug_aranges
                0x0000000000000d98       0x20 ../../libc++/libgcc.a(fixsfsi.o)
 .debug_aranges
                0x0000000000000db8       0x20 ../../libc++/libgcc.a(floatsisf.o)
 .debug_aranges
                0x0000000000000dd8       0x20 ../../libc++/libgcc.a(_clzsi2.o)
 .debug_aranges
                0x0000000000000df8       0x20 ../../libc++/libgcc.a(_divdi3.o)
 .debug_aranges
                0x0000000000000e18       0x20 ../../libc++/libgcc.a(_lshrdi3.o)
 .debug_aranges
                0x0000000000000e38       0x20 ../../libc++/libgcc.a(_ashldi3.o)
 .debug_aranges
                0x0000000000000e58       0x20 ../../libc++/libgcc.a(_clzdi2.o)
 .debug_aranges
                0x0000000000000e78       0x78 ../../libtock/build/cortex-m0/libtock.a(sys.o)
 .debug_aranges
                0x0000000000000ef0       0x20 ../../newlib/libc.a(lib_a-errno.o)

.debug_ranges   0x0000000000000000     0x13b8
 .debug_ranges  0x0000000000000000       0x18 build/cortex-m0/bosch_port.o
 .debug_ranges  0x0000000000000018       0xb8 build/cortex-m0/bme280.o
 .debug_ranges  0x00000000000000d0       0x18 build/cortex-m0/bme280_port.o
 .debug_ranges  0x00000000000000e8      0x530 build/cortex-m0/bmi160.o
 .debug_ranges  0x0000000000000618       0x20 build/cortex-m0/bmi160_port.o
 .debug_ranges  0x0000000000000638      0x138 build/cortex-m0/bmm150.o
 .debug_ranges  0x0000000000000770       0x10 build/cortex-m0/bmm150_port.o
 .debug_ranges  0x0000000000000780       0x58 build/cortex-m0/opt3001.o
 .debug_ranges  0x00000000000007d8       0x68 build/cortex-m0/main.o
 .debug_ranges  0x0000000000000840       0xe0 ../../libtock/build/cortex-m0/libtock.a(alarm_timer.o)
 .debug_ranges  0x0000000000000920       0x68 ../../libtock/build/cortex-m0/libtock.a(crt0.o)
 .debug_ranges  0x0000000000000988       0x98 ../../libtock/build/cortex-m0/libtock.a(tock.o)
 .debug_ranges  0x0000000000000a20       0x48 ../../libtock/build/cortex-m0/libtock.a(console.o)
 .debug_ranges  0x0000000000000a68       0x28 ../../libtock/build/cortex-m0/libtock.a(i2c_master.o)
 .debug_ranges  0x0000000000000a90       0x28 ../../libtock/build/cortex-m0/libtock.a(alarm_internal.o)
 .debug_ranges  0x0000000000000ab8       0x10 ../../newlib/libc.a(lib_a-exit.o)
 .debug_ranges  0x0000000000000ac8       0x18 ../../newlib/libc.a(lib_a-itoa.o)
 .debug_ranges  0x0000000000000ae0       0x18 ../../newlib/libc.a(lib_a-malloc.o)
 .debug_ranges  0x0000000000000af8       0x10 ../../newlib/libc.a(lib_a-memcpy-stub.o)
 .debug_ranges  0x0000000000000b08       0x10 ../../newlib/libc.a(lib_a-memset.o)
 .debug_ranges  0x0000000000000b18       0x28 ../../newlib/libc.a(lib_a-nano-freer.o)
 .debug_ranges  0x0000000000000b40       0x60 ../../newlib/libc.a(lib_a-nano-mallocr.o)
 .debug_ranges  0x0000000000000ba0       0x18 ../../newlib/libc.a(lib_a-printf.o)
 .debug_ranges  0x0000000000000bb8       0x10 ../../newlib/libc.a(lib_a-sbrkr.o)
 .debug_ranges  0x0000000000000bc8       0x10 ../../newlib/libc.a(lib_a-strncpy.o)
 .debug_ranges  0x0000000000000bd8       0x18 ../../newlib/libc.a(lib_a-utoa.o)
 .debug_ranges  0x0000000000000bf0       0x58 ../../newlib/libc.a(lib_a-findfp.o)
 .debug_ranges  0x0000000000000c48       0x18 ../../newlib/libc.a(lib_a-fwalk.o)
 .debug_ranges  0x0000000000000c60       0x10 ../../newlib/libc.a(lib_a-mlock.o)
 .debug_ranges  0x0000000000000c70       0x48 ../../newlib/libc.a(lib_a-nano-vfprintf.o)
 .debug_ranges  0x0000000000000cb8       0x48 ../../newlib/libc.a(lib_a-reent.o)
 .debug_ranges  0x0000000000000d00       0x30 ../../newlib/libc.a(lib_a-stdio.o)
 .debug_ranges  0x0000000000000d30       0x30 ../../newlib/libc.a(lib_a-wbuf.o)
 .debug_ranges  0x0000000000000d60       0x10 ../../newlib/libc.a(lib_a-writer.o)
 .debug_ranges  0x0000000000000d70       0x40 ../../newlib/libc.a(lib_a-wsetup.o)
 .debug_ranges  0x0000000000000db0       0x28 ../../newlib/libc.a(lib_a-closer.o)
 .debug_ranges  0x0000000000000dd8       0x68 ../../newlib/libc.a(lib_a-fflush.o)
 .debug_ranges  0x0000000000000e40       0x30 ../../newlib/libc.a(lib_a-fvwrite.o)
 .debug_ranges  0x0000000000000e70       0x10 ../../newlib/libc.a(lib_a-lseekr.o)
 .debug_ranges  0x0000000000000e80       0x30 ../../newlib/libc.a(lib_a-makebuf.o)
 .debug_ranges  0x0000000000000eb0       0x10 ../../newlib/libc.a(lib_a-memchr-stub.o)
 .debug_ranges  0x0000000000000ec0       0x10 ../../newlib/libc.a(lib_a-memmove.o)
 .debug_ranges  0x0000000000000ed0       0x10 ../../newlib/libc.a(lib_a-nano-reallocr.o)
 .debug_ranges  0x0000000000000ee0       0x88 ../../newlib/libc.a(lib_a-nano-vfprintf_i.o)
 .debug_ranges  0x0000000000000f68       0x10 ../../newlib/libc.a(lib_a-readr.o)
 .debug_ranges  0x0000000000000f78       0x28 ../../newlib/libc.a(lib_a-fstatr.o)
 .debug_ranges  0x0000000000000fa0       0x28 ../../newlib/libc.a(lib_a-isattyr.o)
 .debug_ranges  0x0000000000000fc8       0x10 ../../newlib/libc.a(lib_a-nano-msizer.o)
 .debug_ranges  0x0000000000000fd8       0x38 ../../libc++/libgcc.a(_muldi3.o)
 .debug_ranges  0x0000000000001010       0x10 ../../libc++/libgcc.a(_fixunssfsi.o)
 .debug_ranges  0x0000000000001020       0x10 ../../libc++/libgcc.a(bpabi.o)
 .debug_ranges  0x0000000000001030       0x60 ../../libc++/libgcc.a(divsf3.o)
 .debug_ranges  0x0000000000001090       0x40 ../../libc++/libgcc.a(eqsf2.o)
 .debug_ranges  0x00000000000010d0       0x68 ../../libc++/libgcc.a(gesf2.o)
 .debug_ranges  0x0000000000001138       0x40 ../../libc++/libgcc.a(lesf2.o)
 .debug_ranges  0x0000000000001178       0x60 ../../libc++/libgcc.a(mulsf3.o)
 .debug_ranges  0x00000000000011d8       0xe8 ../../libc++/libgcc.a(subsf3.o)
 .debug_ranges  0x00000000000012c0       0x10 ../../libc++/libgcc.a(fixsfsi.o)
 .debug_ranges  0x00000000000012d0       0x48 ../../libc++/libgcc.a(floatsisf.o)
 .debug_ranges  0x0000000000001318       0x28 ../../libc++/libgcc.a(_divdi3.o)
 .debug_ranges  0x0000000000001340       0x68 ../../libtock/build/cortex-m0/libtock.a(sys.o)
 .debug_ranges  0x00000000000013a8       0x10 ../../newlib/libc.a(lib_a-errno.o)

.debug_line     0x0000000000000000     0x90e2
 .debug_line    0x0000000000000000      0x185 build/cortex-m0/bosch_port.o
 .debug_line    0x0000000000000185      0x45a build/cortex-m0/bme280.o
 .debug_line    0x00000000000005df      0x1a1 build/cortex-m0/bme280_port.o
 .debug_line    0x0000000000000780      0xe99 build/cortex-m0/bmi160.o
 .debug_line    0x0000000000001619      0x1c8 build/cortex-m0/bmi160_port.o
 .debug_line    0x00000000000017e1      0x594 build/cortex-m0/bmm150.o
 .debug_line    0x0000000000001d75      0x1cc build/cortex-m0/bmm150_port.o
 .debug_line    0x0000000000001f41      0x229 build/cortex-m0/opt3001.o
 .debug_line    0x000000000000216a      0x386 build/cortex-m0/main.o
 .debug_line    0x00000000000024f0      0x2cf ../../libtock/build/cortex-m0/libtock.a(alarm_timer.o)
 .debug_line    0x00000000000027bf      0x161 ../../libtock/build/cortex-m0/libtock.a(crt0.o)
 .debug_line    0x0000000000002920      0x2be ../../libtock/build/cortex-m0/libtock.a(tock.o)
 .debug_line    0x0000000000002bde      0x1e0 ../../libtock/build/cortex-m0/libtock.a(console.o)
 .debug_line    0x0000000000002dbe      0x1b0 ../../libtock/build/cortex-m0/libtock.a(i2c_master.o)
 .debug_line    0x0000000000002f6e      0x16f ../../libtock/build/cortex-m0/libtock.a(alarm_internal.o)
 .debug_line    0x00000000000030dd      0x1a4 ../../newlib/libc.a(lib_a-exit.o)
 .debug_line    0x0000000000003281      0x119 ../../newlib/libc.a(lib_a-impure.o)
 .debug_line    0x000000000000339a      0x1bc ../../newlib/libc.a(lib_a-itoa.o)
 .debug_line    0x0000000000003556      0x1be ../../newlib/libc.a(lib_a-malloc.o)
 .debug_line    0x0000000000003714      0x1b1 ../../newlib/libc.a(lib_a-memcpy-stub.o)
 .debug_line    0x00000000000038c5      0x216 ../../newlib/libc.a(lib_a-memset.o)
 .debug_line    0x0000000000003adb      0x17a ../../newlib/libc.a(lib_a-nano-freer.o)
 .debug_line    0x0000000000003c55      0x1f3 ../../newlib/libc.a(lib_a-nano-mallocr.o)
 .debug_line    0x0000000000003e48      0x205 ../../newlib/libc.a(lib_a-printf.o)
 .debug_line    0x000000000000404d      0x1ab ../../newlib/libc.a(lib_a-sbrkr.o)
 .debug_line    0x00000000000041f8      0x1a1 ../../newlib/libc.a(lib_a-strncpy.o)
 .debug_line    0x0000000000004399      0x20a ../../newlib/libc.a(lib_a-utoa.o)
 .debug_line    0x00000000000045a3      0x303 ../../newlib/libc.a(lib_a-findfp.o)
 .debug_line    0x00000000000048a6      0x22b ../../newlib/libc.a(lib_a-fwalk.o)
 .debug_line    0x0000000000004ad1      0x129 ../../newlib/libc.a(lib_a-mlock.o)
 .debug_line    0x0000000000004bfa      0x443 ../../newlib/libc.a(lib_a-nano-vfprintf.o)
 .debug_line    0x000000000000503d      0x1d5 ../../newlib/libc.a(lib_a-reent.o)
 .debug_line    0x0000000000005212      0x235 ../../newlib/libc.a(lib_a-stdio.o)
 .debug_line    0x0000000000005447      0x241 ../../newlib/libc.a(lib_a-wbuf.o)
 .debug_line    0x0000000000005688      0x1a8 ../../newlib/libc.a(lib_a-writer.o)
 .debug_line    0x0000000000005830      0x234 ../../newlib/libc.a(lib_a-wsetup.o)
 .debug_line    0x0000000000005a64      0x1ac ../../newlib/libc.a(lib_a-closer.o)
 .debug_line    0x0000000000005c10      0x2b2 ../../newlib/libc.a(lib_a-fflush.o)
 .debug_line    0x0000000000005ec2      0x2c3 ../../newlib/libc.a(lib_a-fvwrite.o)
 .debug_line    0x0000000000006185      0x1a8 ../../newlib/libc.a(lib_a-lseekr.o)
 .debug_line    0x000000000000632d      0x2be ../../newlib/libc.a(lib_a-makebuf.o)
 .debug_line    0x00000000000065eb      0x1b1 ../../newlib/libc.a(lib_a-memchr-stub.o)
 .debug_line    0x000000000000679c      0x226 ../../newlib/libc.a(lib_a-memmove.o)
 .debug_line    0x00000000000069c2      0x1b9 ../../newlib/libc.a(lib_a-nano-reallocr.o)
 .debug_line    0x0000000000006b7b      0x439 ../../newlib/libc.a(lib_a-nano-vfprintf_i.o)
 .debug_line    0x0000000000006fb4      0x1a7 ../../newlib/libc.a(lib_a-readr.o)
 .debug_line    0x000000000000715b      0x24f ../../newlib/libc.a(lib_a-fstatr.o)
 .debug_line    0x00000000000073aa      0x1ad ../../newlib/libc.a(lib_a-isattyr.o)
 .debug_line    0x0000000000007557      0x13f ../../newlib/libc.a(lib_a-nano-msizer.o)
 .debug_line    0x0000000000007696       0x69 ../../libc++/libgcc.a(_thumb1_case_uqi.o)
 .debug_line    0x00000000000076ff       0x6a ../../libc++/libgcc.a(_thumb1_case_uhi.o)
 .debug_line    0x0000000000007769       0x78 ../../libc++/libgcc.a(_udivsi3.o)
 .debug_line    0x00000000000077e1       0x86 ../../libc++/libgcc.a(_divsi3.o)
 .debug_line    0x0000000000007867       0x61 ../../libc++/libgcc.a(_dvmd_tls.o)
 .debug_line    0x00000000000078c8       0x76 ../../libc++/libgcc.a(_arm_cmpsf2.o)
 .debug_line    0x000000000000793e       0x6c ../../libc++/libgcc.a(_aeabi_ldivmod.o)
 .debug_line    0x00000000000079aa      0x294 ../../libc++/libgcc.a(_muldi3.o)
 .debug_line    0x0000000000007c3e      0x260 ../../libc++/libgcc.a(_fixunssfsi.o)
 .debug_line    0x0000000000007e9e       0x62 ../../libc++/libgcc.a(bpabi.o)
 .debug_line    0x0000000000007f00      0x167 ../../libc++/libgcc.a(divsf3.o)
 .debug_line    0x0000000000008067       0xe4 ../../libc++/libgcc.a(eqsf2.o)
 .debug_line    0x000000000000814b      0x107 ../../libc++/libgcc.a(gesf2.o)
 .debug_line    0x0000000000008252      0x105 ../../libc++/libgcc.a(lesf2.o)
 .debug_line    0x0000000000008357      0x15d ../../libc++/libgcc.a(mulsf3.o)
 .debug_line    0x00000000000084b4      0x2b4 ../../libc++/libgcc.a(subsf3.o)
 .debug_line    0x0000000000008768       0xd0 ../../libc++/libgcc.a(fixsfsi.o)
 .debug_line    0x0000000000008838       0xec ../../libc++/libgcc.a(floatsisf.o)
 .debug_line    0x0000000000008924       0x75 ../../libc++/libgcc.a(_clzsi2.o)
 .debug_line    0x0000000000008999      0x29b ../../libc++/libgcc.a(_divdi3.o)
 .debug_line    0x0000000000008c34       0x6c ../../libc++/libgcc.a(_lshrdi3.o)
 .debug_line    0x0000000000008ca0       0x6c ../../libc++/libgcc.a(_ashldi3.o)
 .debug_line    0x0000000000008d0c       0x6b ../../libc++/libgcc.a(_clzdi2.o)
 .debug_line    0x0000000000008d77      0x235 ../../libtock/build/cortex-m0/libtock.a(sys.o)
 .debug_line    0x0000000000008fac      0x136 ../../newlib/libc.a(lib_a-errno.o)

.debug_str      0x0000000000000000     0x6132
 .debug_str     0x0000000000000000      0x5b0 build/cortex-m0/bosch_port.o
                                        0x6c4 (size before relaxing)
 .debug_str     0x00000000000005b0      0x5a3 build/cortex-m0/bme280.o
                                        0xc5f (size before relaxing)
 .debug_str     0x0000000000000b53       0x4d build/cortex-m0/bme280_port.o
                                        0x885 (size before relaxing)
 .debug_str     0x0000000000000ba0     0x1a05 build/cortex-m0/bmi160.o
                                       0x2292 (size before relaxing)
 .debug_str     0x00000000000025a5       0x4d build/cortex-m0/bmi160_port.o
                                        0x9ca (size before relaxing)
 .debug_str     0x00000000000025f2      0x7b1 build/cortex-m0/bmm150.o
                                        0xf3a (size before relaxing)
 .debug_str     0x0000000000002da3       0x30 build/cortex-m0/bmm150_port.o
                                        0x97d (size before relaxing)
 .debug_str     0x0000000000002dd3      0x3ae build/cortex-m0/opt3001.o
                                        0xa14 (size before relaxing)
 .debug_str     0x0000000000003181       0xfe build/cortex-m0/main.o
                                        0xfbd (size before relaxing)
 .debug_str     0x000000000000327f      0x1ec ../../libtock/build/cortex-m0/libtock.a(alarm_timer.o)
                                        0x800 (size before relaxing)
 .debug_str     0x000000000000346b       0xd7 ../../libtock/build/cortex-m0/libtock.a(crt0.o)
                                        0x72e (size before relaxing)
 .debug_str     0x0000000000003542      0x1c0 ../../libtock/build/cortex-m0/libtock.a(tock.o)
                                        0x848 (size before relaxing)
 .debug_str     0x0000000000003702       0xec ../../libtock/build/cortex-m0/libtock.a(console.o)
                                        0x751 (size before relaxing)
 .debug_str     0x00000000000037ee       0x9f ../../libtock/build/cortex-m0/libtock.a(i2c_master.o)
                                        0x734 (size before relaxing)
 .debug_str     0x000000000000388d       0x41 ../../libtock/build/cortex-m0/libtock.a(alarm_internal.o)
                                        0x6b3 (size before relaxing)
 .debug_str     0x00000000000038ce      0x218 ../../newlib/libc.a(lib_a-exit.o)
                                        0x67f (size before relaxing)
 .debug_str     0x0000000000003ae6       0xc3 ../../newlib/libc.a(lib_a-impure.o)
                                        0x633 (size before relaxing)
 .debug_str     0x0000000000003ba9       0x57 ../../newlib/libc.a(lib_a-itoa.o)
                                        0x656 (size before relaxing)