Archive member included to satisfy reference by file (symbol)

../../libtock/build/cortex-m4/libtock.a(alarm_timer.o)
                              build/cortex-m4/main.o (delay_ms)
../../libtock/build/cortex-m4/libtock.a(crt0.o)
                              (_start)
../../libtock/build/cortex-m4/libtock.a(tock.o)
                              ../../libtock/build/cortex-m4/libtock.a(alarm_timer.o) (tock_enqueue)
../../libtock/build/cortex-m4/libtock.a(led.o)
                              build/cortex-m4/main.o (led_count)
../../libtock/build/cortex-m4/libtock.a(alarm_internal.o)
                              ../../libtock/build/cortex-m4/libtock.a(alarm_timer.o) (alarm_internal_subscribe)
../../newlib/libc.a(lib_a-exit.o)
                              ../../libtock/build/cortex-m4/libtock.a(tock.o) (exit)
../../newlib/libc.a(lib_a-impure.o)
                              ../../newlib/libc.a(lib_a-exit.o) (_global_impure_ptr)
../../newlib/libc.a(lib_a-memcpy-stub.o)
                              ../../libtock/build/cortex-m4/libtock.a(crt0.o) (memcpy)
../../newlib/libc.a(lib_a-memset.o)
                              ../../libtock/build/cortex-m4/libtock.a(crt0.o) (memset)
../../newlib/libc.a(lib_a-printf.o)
                              ../../libtock/build/cortex-m4/libtock.a(tock.o) (printf)
../../newlib/libc.a(lib_a-findfp.o)
                              ../../newlib/libc.a(lib_a-printf.o) (__sinit)
../../newlib/libc.a(lib_a-fwalk.o)
                              ../../newlib/libc.a(lib_a-findfp.o) (_fwalk)
../../newlib/libc.a(lib_a-nano-mallocr.o)
                              ../../newlib/libc.a(lib_a-findfp.o) (_malloc_r)
../../newlib/libc.a(lib_a-nano-vfprintf.o)
                              ../../newlib/libc.a(lib_a-printf.o) (_vfprintf_r)
../../newlib/libc.a(lib_a-sbrkr.o)
                              ../../newlib/libc.a(lib_a-nano-mallocr.o) (_sbrk_r)
../../newlib/libc.a(lib_a-stdio.o)
                              ../../newlib/libc.a(lib_a-findfp.o) (__sread)
../../newlib/libc.a(lib_a-wbuf.o)
                              ../../newlib/libc.a(lib_a-nano-vfprintf.o) (__swbuf_r)
../../newlib/libc.a(lib_a-writer.o)
                              ../../newlib/libc.a(lib_a-stdio.o) (_write_r)
../../newlib/libc.a(lib_a-wsetup.o)
                              ../../newlib/libc.a(lib_a-nano-vfprintf.o) (__swsetup_r)
../../newlib/libc.a(lib_a-closer.o)
                              ../../newlib/libc.a(lib_a-stdio.o) (_close_r)
../../newlib/libc.a(lib_a-fflush.o)
                              ../../newlib/libc.a(lib_a-findfp.o) (_fflush_r)
../../newlib/libc.a(lib_a-fvwrite.o)
                              ../../newlib/libc.a(lib_a-nano-vfprintf.o) (__sfvwrite_r)
../../newlib/libc.a(lib_a-lseekr.o)
                              ../../newlib/libc.a(lib_a-stdio.o) (_lseek_r)
../../newlib/libc.a(lib_a-makebuf.o)
                              ../../newlib/libc.a(lib_a-wsetup.o) (__smakebuf_r)
../../newlib/libc.a(lib_a-memchr-stub.o)
                              ../../newlib/libc.a(lib_a-nano-vfprintf.o) (memchr)
../../newlib/libc.a(lib_a-memmove.o)
                              ../../newlib/libc.a(lib_a-fvwrite.o) (memmove)
../../newlib/libc.a(lib_a-mlock.o)
                              ../../newlib/libc.a(lib_a-nano-mallocr.o) (__malloc_lock)
../../newlib/libc.a(lib_a-nano-freer.o)
                              ../../newlib/libc.a(lib_a-wsetup.o) (_free_r)
../../newlib/libc.a(lib_a-nano-reallocr.o)
                              ../../newlib/libc.a(lib_a-fvwrite.o) (_realloc_r)
../../newlib/libc.a(lib_a-nano-vfprintf_i.o)
                              ../../newlib/libc.a(lib_a-nano-vfprintf.o) (_printf_i)
../../newlib/libc.a(lib_a-readr.o)
                              ../../newlib/libc.a(lib_a-stdio.o) (_read_r)
../../newlib/libc.a(lib_a-reent.o)
                              ../../newlib/libc.a(lib_a-sbrkr.o) (errno)
../../newlib/libc.a(lib_a-fstatr.o)
                              ../../newlib/libc.a(lib_a-makebuf.o) (_fstat_r)
../../newlib/libc.a(lib_a-isattyr.o)
                              ../../newlib/libc.a(lib_a-makebuf.o) (_isatty_r)
../../newlib/libc.a(lib_a-nano-msizer.o)
                              ../../newlib/libc.a(lib_a-nano-reallocr.o) (_malloc_usable_size_r)
../../libc++/libgcc.a(_udivsi3.o)
                              ../../newlib/libc.a(lib_a-nano-vfprintf_i.o) (__aeabi_uidiv)
../../libc++/libgcc.a(_divsi3.o)
                              ../../newlib/libc.a(lib_a-fvwrite.o) (__aeabi_idiv)
../../libc++/libgcc.a(_dvmd_tls.o)
                              ../../libc++/libgcc.a(_udivsi3.o) (__aeabi_idiv0)
../../libtock/build/cortex-m4/libtock.a(sys.o)
                              ../../newlib/libc.a(lib_a-isattyr.o) (_isatty)
../../libtock/build/cortex-m4/libtock.a(console.o)
                              ../../libtock/build/cortex-m4/libtock.a(sys.o) (putnstr)
../../newlib/libc.a(lib_a-errno.o)
                              ../../libtock/build/cortex-m4/libtock.a(sys.o) (__errno)
../../newlib/libc.a(lib_a-malloc.o)
                              ../../libtock/build/cortex-m4/libtock.a(console.o) (malloc)
../../newlib/libc.a(lib_a-strncpy.o)
                              ../../libtock/build/cortex-m4/libtock.a(console.o) (strncpy)

Allocating common symbols
Common symbol       size              file

errno               0x4               ../../newlib/libc.a(lib_a-reent.o)

Discarded input sections

 .text          0x0000000000000000        0x0 build/cortex-m4/main.o
 .text          0x0000000000000000        0x0 ../../libtock/build/cortex-m4/libtock.a(alarm_timer.o)
 .text.yield_for_timeout_cb.6312
                0x0000000000000000        0x6 ../../libtock/build/cortex-m4/libtock.a(alarm_timer.o)
 .text.alarm_cancel
                0x0000000000000000       0x34 ../../libtock/build/cortex-m4/libtock.a(alarm_timer.o)
 .text.repeating_cb
                0x0000000000000000       0x34 ../../libtock/build/cortex-m4/libtock.a(alarm_timer.o)
 .text.timer_every
                0x0000000000000000       0x4c ../../libtock/build/cortex-m4/libtock.a(alarm_timer.o)
 .text.timer_cancel
                0x0000000000000000        0x6 ../../libtock/build/cortex-m4/libtock.a(alarm_timer.o)
 .text.yield_for_with_timeout
                0x0000000000000000       0x48 ../../libtock/build/cortex-m4/libtock.a(alarm_timer.o)
 .text          0x0000000000000000        0x0 ../../libtock/build/cortex-m4/libtock.a(crt0.o)
 .text          0x0000000000000000        0x0 ../../libtock/build/cortex-m4/libtock.a(tock.o)
 .text.allow    0x0000000000000000        0x4 ../../libtock/build/cortex-m4/libtock.a(tock.o)
 .text.tock_app_memory_begins_at
                0x0000000000000000        0x8 ../../libtock/build/cortex-m4/libtock.a(tock.o)
 .text.tock_app_memory_ends_at
                0x0000000000000000        0x8 ../../libtock/build/cortex-m4/libtock.a(tock.o)
 .text.tock_app_flash_begins_at
                0x0000000000000000        0x8 ../../libtock/build/cortex-m4/libtock.a(tock.o)
 .text.tock_app_flash_ends_at
                0x0000000000000000        0x8 ../../libtock/build/cortex-m4/libtock.a(tock.o)
 .text.tock_app_grant_begins_at
                0x0000000000000000        0x8 ../../libtock/build/cortex-m4/libtock.a(tock.o)
 .text.tock_app_number_writeable_flash_regions
                0x0000000000000000        0x8 ../../libtock/build/cortex-m4/libtock.a(tock.o)
 .text.tock_app_writeable_flash_region_begins_at
                0x0000000000000000        0x8 ../../libtock/build/cortex-m4/libtock.a(tock.o)
 .text.tock_app_writeable_flash_region_ends_at
                0x0000000000000000        0x8 ../../libtock/build/cortex-m4/libtock.a(tock.o)
 .text.driver_exists
                0x0000000000000000       0x12 ../../libtock/build/cortex-m4/libtock.a(tock.o)
 .text.tock_strerror
                0x0000000000000000       0x94 ../../libtock/build/cortex-m4/libtock.a(tock.o)
 .text.tock_expect
                0x0000000000000000       0x50 ../../libtock/build/cortex-m4/libtock.a(tock.o)
 .rodata.tock_expect.str1.1
                0x0000000000000000       0x65 ../../libtock/build/cortex-m4/libtock.a(tock.o)
 .rodata.tock_strerror.str1.1
                0x0000000000000000      0x1aa ../../libtock/build/cortex-m4/libtock.a(tock.o)
 .text          0x0000000000000000        0x0 ../../libtock/build/cortex-m4/libtock.a(led.o)
 .text.led_toggle
                0x0000000000000000        0xc ../../libtock/build/cortex-m4/libtock.a(led.o)
 .text          0x0000000000000000        0x0 ../../libtock/build/cortex-m4/libtock.a(alarm_internal.o)
 .text.alarm_internal_stop
                0x0000000000000000        0xc ../../libtock/build/cortex-m4/libtock.a(alarm_internal.o)
 .text          0x0000000000000000        0x0 ../../newlib/libc.a(lib_a-exit.o)
 .text.exit     0x0000000000000000       0x38 ../../newlib/libc.a(lib_a-exit.o)
 .text          0x0000000000000000        0x0 ../../newlib/libc.a(lib_a-impure.o)
 .text          0x0000000000000000        0x0 ../../newlib/libc.a(lib_a-memcpy-stub.o)
 .text          0x0000000000000000        0x0 ../../newlib/libc.a(lib_a-memset.o)
 .text          0x0000000000000000        0x0 ../../newlib/libc.a(lib_a-printf.o)
 .text._printf_r
                0x0000000000000000       0x2c ../../newlib/libc.a(lib_a-printf.o)
 .text.printf   0x0000000000000000       0x44 ../../newlib/libc.a(lib_a-printf.o)
 .text          0x0000000000000000        0x0 ../../newlib/libc.a(lib_a-findfp.o)
 .text.__fp_unlock
                0x0000000000000000        0x4 ../../newlib/libc.a(lib_a-findfp.o)
 .text._cleanup_r
                0x0000000000000000       0x20 ../../newlib/libc.a(lib_a-findfp.o)
 .text.std.isra.0
                0x0000000000000000       0x64 ../../newlib/libc.a(lib_a-findfp.o)
 .text.__fp_lock
                0x0000000000000000        0x4 ../../newlib/libc.a(lib_a-findfp.o)
 .text.__sfmoreglue
                0x0000000000000000       0x2c ../../newlib/libc.a(lib_a-findfp.o)
 .text._cleanup
                0x0000000000000000       0x18 ../../newlib/libc.a(lib_a-findfp.o)
 .text.__sfp_lock_acquire
                0x0000000000000000        0x2 ../../newlib/libc.a(lib_a-findfp.o)
 .text.__sfp_lock_release
                0x0000000000000000        0x2 ../../newlib/libc.a(lib_a-findfp.o)
 .text.__sinit_lock_acquire
                0x0000000000000000        0x2 ../../newlib/libc.a(lib_a-findfp.o)
 .text.__sinit_lock_release
                0x0000000000000000        0x2 ../../newlib/libc.a(lib_a-findfp.o)
 .text.__sinit  0x0000000000000000       0x84 ../../newlib/libc.a(lib_a-findfp.o)
 .text.__sfp    0x0000000000000000       0x94 ../../newlib/libc.a(lib_a-findfp.o)
 .text.__fp_lock_all
                0x0000000000000000       0x30 ../../newlib/libc.a(lib_a-findfp.o)
 .text.__fp_unlock_all
                0x0000000000000000       0x30 ../../newlib/libc.a(lib_a-findfp.o)
 .text          0x0000000000000000        0x0 ../../newlib/libc.a(lib_a-fwalk.o)
 .text._fwalk   0x0000000000000000       0x3a ../../newlib/libc.a(lib_a-fwalk.o)
 .text._fwalk_reent
                0x0000000000000000       0x44 ../../newlib/libc.a(lib_a-fwalk.o)
 .text          0x0000000000000000        0x0 ../../newlib/libc.a(lib_a-nano-mallocr.o)
 .text._malloc_r
                0x0000000000000000       0xcc ../../newlib/libc.a(lib_a-nano-mallocr.o)
 .text          0x0000000000000000        0x0 ../../newlib/libc.a(lib_a-nano-vfprintf.o)
 .text.__sfputc_r
                0x0000000000000000       0x2a ../../newlib/libc.a(lib_a-nano-vfprintf.o)
 .text.__sfputs_r
                0x0000000000000000       0x24 ../../newlib/libc.a(lib_a-nano-vfprintf.o)
 .text.__sprint_r
                0x0000000000000000       0x1c ../../newlib/libc.a(lib_a-nano-vfprintf.o)
 .text._vfprintf_r
                0x0000000000000000      0x288 ../../newlib/libc.a(lib_a-nano-vfprintf.o)
 .text.vfprintf
                0x0000000000000000       0x24 ../../newlib/libc.a(lib_a-nano-vfprintf.o)
 .rodata._vfprintf_r.str1.1
                0x0000000000000000       0x11 ../../newlib/libc.a(lib_a-nano-vfprintf.o)
 .text          0x0000000000000000        0x0 ../../newlib/libc.a(lib_a-sbrkr.o)
 .text._sbrk_r  0x0000000000000000       0x30 ../../newlib/libc.a(lib_a-sbrkr.o)
 .text          0x0000000000000000        0x0 ../../newlib/libc.a(lib_a-stdio.o)
 .text.__sread  0x0000000000000000       0x28 ../../newlib/libc.a(lib_a-stdio.o)
 .text.__seofread
                0x0000000000000000        0x4 ../../newlib/libc.a(lib_a-stdio.o)
 .text.__swrite
                0x0000000000000000       0x38 ../../newlib/libc.a(lib_a-stdio.o)
 .text.__sseek  0x0000000000000000       0x2c ../../newlib/libc.a(lib_a-stdio.o)
 .text.__sclose
                0x0000000000000000        0xc ../../newlib/libc.a(lib_a-stdio.o)
 .text          0x0000000000000000        0x0 ../../newlib/libc.a(lib_a-wbuf.o)
 .text.__swbuf_r
                0x0000000000000000       0xc8 ../../newlib/libc.a(lib_a-wbuf.o)
 .text.__swbuf  0x0000000000000000       0x20 ../../newlib/libc.a(lib_a-wbuf.o)
 .text          0x0000000000000000        0x0 ../../newlib/libc.a(lib_a-writer.o)
 .text._write_r
                0x0000000000000000       0x34 ../../newlib/libc.a(lib_a-writer.o)
 .text          0x0000000000000000        0x0 ../../newlib/libc.a(lib_a-wsetup.o)
 .text.__swsetup_r
                0x0000000000000000      0x108 ../../newlib/libc.a(lib_a-wsetup.o)
 .text          0x0000000000000000        0x0 ../../newlib/libc.a(lib_a-closer.o)
 .text._close_r
                0x0000000000000000       0x30 ../../newlib/libc.a(lib_a-closer.o)
 .text          0x0000000000000000        0x0 ../../newlib/libc.a(lib_a-fflush.o)
 .text.__sflush_r
                0x0000000000000000      0x11c ../../newlib/libc.a(lib_a-fflush.o)
 .text._fflush_r
                0x0000000000000000       0x74 ../../newlib/libc.a(lib_a-fflush.o)
 .text.fflush   0x0000000000000000       0x40 ../../newlib/libc.a(lib_a-fflush.o)
 .text          0x0000000000000000        0x0 ../../newlib/libc.a(lib_a-fvwrite.o)
 .text.__sfvwrite_r
                0x0000000000000000      0x2c4 ../../newlib/libc.a(lib_a-fvwrite.o)
 .text          0x0000000000000000        0x0 ../../newlib/libc.a(lib_a-lseekr.o)
 .text._lseek_r
                0x0000000000000000       0x34 ../../newlib/libc.a(lib_a-lseekr.o)
 .text          0x0000000000000000        0x0 ../../newlib/libc.a(lib_a-makebuf.o)
 .text.__swhatbuf_r
                0x0000000000000000       0x50 ../../newlib/libc.a(lib_a-makebuf.o)
 .text.__smakebuf_r
                0x0000000000000000       0x98 ../../newlib/libc.a(lib_a-makebuf.o)
 .text          0x0000000000000000        0x0 ../../newlib/libc.a(lib_a-memchr-stub.o)
 .text.memchr   0x0000000000000000       0x16 ../../newlib/libc.a(lib_a-memchr-stub.o)
 .text          0x0000000000000000        0x0 ../../newlib/libc.a(lib_a-memmove.o)
 .text.memmove  0x0000000000000000       0x24 ../../newlib/libc.a(lib_a-memmove.o)
 .text          0x0000000000000000        0x0 ../../newlib/libc.a(lib_a-mlock.o)
 .text.__malloc_lock
                0x0000000000000000        0x2 ../../newlib/libc.a(lib_a-mlock.o)
 .text.__malloc_unlock
                0x0000000000000000        0x2 ../../newlib/libc.a(lib_a-mlock.o)
 .text          0x0000000000000000        0x0 ../../newlib/libc.a(lib_a-nano-freer.o)
 .text._free_r  0x0000000000000000       0xa0 ../../newlib/libc.a(lib_a-nano-freer.o)
 .text          0x0000000000000000        0x0 ../../newlib/libc.a(lib_a-nano-reallocr.o)
 .text._realloc_r
                0x0000000000000000       0x4c ../../newlib/libc.a(lib_a-nano-reallocr.o)
 .text          0x0000000000000000        0x0 ../../newlib/libc.a(lib_a-nano-vfprintf_i.o)
 .text._printf_common
                0x0000000000000000       0xdc ../../newlib/libc.a(lib_a-nano-vfprintf_i.o)
 .text._printf_i
                0x0000000000000000      0x248 ../../newlib/libc.a(lib_a-nano-vfprintf_i.o)
 .rodata._printf_i.str1.1
                0x0000000000000000       0x22 ../../newlib/libc.a(lib_a-nano-vfprintf_i.o)
 .text          0x0000000000000000        0x0 ../../newlib/libc.a(lib_a-readr.o)
 .text._read_r  0x0000000000000000       0x34 ../../newlib/libc.a(lib_a-readr.o)
 .text          0x0000000000000000        0x0 ../../newlib/libc.a(lib_a-reent.o)
 .text.cleanup_glue
                0x0000000000000000       0x1a ../../newlib/libc.a(lib_a-reent.o)
 .text._reclaim_reent
                0x0000000000000000       0xd8 ../../newlib/libc.a(lib_a-reent.o)
 COMMON         0x0000000000000000        0x4 ../../newlib/libc.a(lib_a-reent.o)
 .text          0x0000000000000000        0x0 ../../newlib/libc.a(lib_a-fstatr.o)
 .text._fstat_r
                0x0000000000000000       0x30 ../../newlib/libc.a(lib_a-fstatr.o)
 .text          0x0000000000000000        0x0 ../../newlib/libc.a(lib_a-isattyr.o)
 .text._isatty_r
                0x0000000000000000       0x30 ../../newlib/libc.a(lib_a-isattyr.o)
 .text          0x0000000000000000        0x0 ../../newlib/libc.a(lib_a-nano-msizer.o)
 .text._malloc_usable_size_r
                0x0000000000000000       0x10 ../../newlib/libc.a(lib_a-nano-msizer.o)
 .text          0x0000000000000000       0x9c ../../libc++/libgcc.a(_udivsi3.o)
 .text          0x0000000000000000       0xc0 ../../libc++/libgcc.a(_divsi3.o)
 .text          0x0000000000000000        0x4 ../../libc++/libgcc.a(_dvmd_tls.o)
 .text          0x0000000000000000        0x0 ../../libtock/build/cortex-m4/libtock.a(sys.o)
 .text._unlink  0x0000000000000000        0x6 ../../libtock/build/cortex-m4/libtock.a(sys.o)
 .text._isatty  0x0000000000000000        0x8 ../../libtock/build/cortex-m4/libtock.a(sys.o)
 .text._open    0x0000000000000000        0xa ../../libtock/build/cortex-m4/libtock.a(sys.o)
 .text._write   0x0000000000000000       0x10 ../../libtock/build/cortex-m4/libtock.a(sys.o)
 .text._close   0x0000000000000000        0x6 ../../libtock/build/cortex-m4/libtock.a(sys.o)
 .text._fstat   0x0000000000000000        0xa ../../libtock/build/cortex-m4/libtock.a(sys.o)
 .text._lseek   0x0000000000000000        0x4 ../../libtock/build/cortex-m4/libtock.a(sys.o)
 .text._read    0x0000000000000000        0x4 ../../libtock/build/cortex-m4/libtock.a(sys.o)
 .text._exit    0x0000000000000000        0x2 ../../libtock/build/cortex-m4/libtock.a(sys.o)
 .text._getpid  0x0000000000000000        0x4 ../../libtock/build/cortex-m4/libtock.a(sys.o)
 .text._kill    0x0000000000000000        0x6 ../../libtock/build/cortex-m4/libtock.a(sys.o)
 .text._sbrk    0x0000000000000000       0x1e ../../libtock/build/cortex-m4/libtock.a(sys.o)
 .text          0x0000000000000000        0x0 ../../libtock/build/cortex-m4/libtock.a(console.o)
 .text.getnstr_cb
                0x0000000000000000       0x14 ../../libtock/build/cortex-m4/libtock.a(console.o)
 .text.putnstr_async
                0x0000000000000000       0x3a ../../libtock/build/cortex-m4/libtock.a(console.o)
 .text.putnstr  0x0000000000000000       0x8c ../../libtock/build/cortex-m4/libtock.a(console.o)
 .text.putstr_cb
                0x0000000000000000       0x40 ../../libtock/build/cortex-m4/libtock.a(console.o)
 .text.getnstr_async
                0x0000000000000000       0x3a ../../libtock/build/cortex-m4/libtock.a(console.o)
 .text.getnstr  0x0000000000000000       0x38 ../../libtock/build/cortex-m4/libtock.a(console.o)
 .text.getch    0x0000000000000000       0x1c ../../libtock/build/cortex-m4/libtock.a(console.o)
 .text.getnstr_abort
                0x0000000000000000        0xc ../../libtock/build/cortex-m4/libtock.a(console.o)
 .text          0x0000000000000000        0x0 ../../newlib/libc.a(lib_a-errno.o)
 .text.__errno  0x0000000000000000       0x18 ../../newlib/libc.a(lib_a-errno.o)
 .text          0x0000000000000000        0x0 ../../newlib/libc.a(lib_a-malloc.o)
 .text.malloc   0x0000000000000000       0x1c ../../newlib/libc.a(lib_a-malloc.o)
 .text.free     0x0000000000000000       0x1c ../../newlib/libc.a(lib_a-malloc.o)
 .text          0x0000000000000000        0x0 ../../newlib/libc.a(lib_a-strncpy.o)
 .text.strncpy  0x0000000000000000       0x2a ../../newlib/libc.a(lib_a-strncpy.o)

Memory Configuration

Name             Origin             Length             Attributes
FLASH            0x0000000080000000 0x0000000000040000 xr
SRAM             0x0000000000000000 0x0000000000010000 xrw
*default*        0x0000000000000000 0xffffffffffffffff

Linker script and memory map

                0x0000000000000800                STACK_SIZE = 0x800
                0x0000000000000400                APP_HEAP_SIZE = 0x400
                0x0000000000000400                KERNEL_HEAP_SIZE = 0x400
START GROUP
LOAD build/cortex-m4/main.o
LOAD ../../libtock/build/cortex-m4/libtock.a
LOAD ../../newlib/libc.a
LOAD ../../newlib/libm.a
LOAD ../../libc++/libstdc++.a
LOAD ../../libc++/libsupc++.a
LOAD ../../libc++/libgcc.a
END GROUP
                0x0000000000040000                PROG_LENGTH = 0x40000
                0x0000000000010000                RAM_LENGTH = 0x10000

.crt0_header    0x0000000080000000       0x28
                0x0000000080000000                _beginning = .
                0x0000000080000000        0x4 LONG 0x3f8 (LOADADDR (.got) - _beginning)
                0x0000000080000004        0x4 LONG 0x0 _got
                0x0000000080000008        0x4 LONG 0x24 SIZEOF (.got)
                0x000000008000000c        0x4 LONG 0x41c (LOADADDR (.data) - _beginning)
                0x0000000080000010        0x4 LONG 0x24 _data
                0x0000000080000014        0x4 LONG 0x70 SIZEOF (.data)
                0x0000000080000018        0x4 LONG 0x94 _bss
                0x000000008000001c        0x4 LONG 0x160 SIZEOF (.bss)
                0x0000000080000020        0x4 LONG 0x48c (LOADADDR (.endflash) - _beginning)
                0x0000000080000024        0x4 LONG 0x800 STACK_SIZE

.wfr.app_state  0x0000000080000028        0x0
 *(.app_state)
                0x0000000080000028                . = ALIGN (0x4)

.text           0x0000000080000028      0x3d0
                0x0000000080000028                . = ALIGN (0x4)
                0x0000000080000028                _text = .
 *(.start)
 .start         0x0000000080000028       0xb0 ../../libtock/build/cortex-m4/libtock.a(crt0.o)
                0x0000000080000028                _start
 *(.text*)
 .text.startup.main
                0x00000000800000d8       0x32 build/cortex-m4/main.o
                0x00000000800000d8                main
 .text.delay_cb.6300
                0x000000008000010a        0x6 ../../libtock/build/cortex-m4/libtock.a(alarm_timer.o)
 .text.alarm_read
                0x0000000080000110        0xc ../../libtock/build/cortex-m4/libtock.a(alarm_timer.o)
                0x0000000080000110                alarm_read
 .text.alarm_at
                0x000000008000011c       0x7c ../../libtock/build/cortex-m4/libtock.a(alarm_timer.o)
                0x000000008000011c                alarm_at
 .text.callback
                0x0000000080000198       0x54 ../../libtock/build/cortex-m4/libtock.a(alarm_timer.o)
 .text.timer_in
                0x00000000800001ec       0x3e ../../libtock/build/cortex-m4/libtock.a(alarm_timer.o)
                0x00000000800001ec                timer_in
 *fill*         0x000000008000022a        0x2 ff
 .text.delay_ms
                0x000000008000022c       0x2c ../../libtock/build/cortex-m4/libtock.a(alarm_timer.o)
                0x000000008000022c                delay_ms
 .text.tock_enqueue
                0x0000000080000258       0x60 ../../libtock/build/cortex-m4/libtock.a(tock.o)
                0x0000000080000258                tock_enqueue
 .text.yield    0x00000000800002b8       0x58 ../../libtock/build/cortex-m4/libtock.a(tock.o)
                0x00000000800002b8                yield
 .text.yield_for
                0x0000000080000310       0x10 ../../libtock/build/cortex-m4/libtock.a(tock.o)
                0x0000000080000310                yield_for
 .text.subscribe
                0x0000000080000320        0x4 ../../libtock/build/cortex-m4/libtock.a(tock.o)
                0x0000000080000320                subscribe
 .text.command  0x0000000080000324        0x4 ../../libtock/build/cortex-m4/libtock.a(tock.o)
                0x0000000080000324                command
 .text.memop    0x0000000080000328        0x4 ../../libtock/build/cortex-m4/libtock.a(tock.o)
                0x0000000080000328                memop
 .text.led_count
                0x000000008000032c        0xc ../../libtock/build/cortex-m4/libtock.a(led.o)
                0x000000008000032c                led_count
 .text.led_on   0x0000000080000338        0xc ../../libtock/build/cortex-m4/libtock.a(led.o)
                0x0000000080000338                led_on
 .text.led_off  0x0000000080000344        0xc ../../libtock/build/cortex-m4/libtock.a(led.o)
                0x0000000080000344                led_off
 .text.alarm_internal_subscribe
                0x0000000080000350        0xc ../../libtock/build/cortex-m4/libtock.a(alarm_internal.o)
                0x0000000080000350                alarm_internal_subscribe
 .text.alarm_internal_set
                0x000000008000035c        0xc ../../libtock/build/cortex-m4/libtock.a(alarm_internal.o)
                0x000000008000035c                alarm_internal_set
 .text.alarm_internal_frequency
                0x0000000080000368        0xc ../../libtock/build/cortex-m4/libtock.a(alarm_internal.o)
                0x0000000080000368                alarm_internal_frequency
 .text.memcpy   0x0000000080000374       0x12 ../../newlib/libc.a(lib_a-memcpy-stub.o)
                0x0000000080000374                memcpy
 .text.memset   0x0000000080000386       0x10 ../../newlib/libc.a(lib_a-memset.o)
                0x0000000080000386                memset
 *(.rodata*)
 *fill*         0x0000000080000396        0x2 ff
 .rodata.__sf_fake_stderr
                0x0000000080000398       0x20 ../../newlib/libc.a(lib_a-findfp.o)
                0x0000000080000398                __sf_fake_stderr
 .rodata.__sf_fake_stdin
                0x00000000800003b8       0x20 ../../newlib/libc.a(lib_a-findfp.o)
                0x00000000800003b8                __sf_fake_stdin
 .rodata.__sf_fake_stdout
                0x00000000800003d8       0x20 ../../newlib/libc.a(lib_a-findfp.o)
                0x00000000800003d8                __sf_fake_stdout
 *(.syscalls)
                0x00000000800003f8                _etext = .
 *(.ARM.extab*)
                0x00000000800003f8                . = ALIGN (0x4)

.glue_7         0x00000000800003f8        0x0
 .glue_7        0x00000000800003f8        0x0 linker stubs

.glue_7t        0x00000000800003f8        0x0
 .glue_7t       0x00000000800003f8        0x0 linker stubs

.vfp11_veneer   0x00000000800003f8        0x0
 .vfp11_veneer  0x00000000800003f8        0x0 linker stubs

.v4_bx          0x00000000800003f8        0x0
 .v4_bx         0x00000000800003f8        0x0 linker stubs

.iplt           0x00000000800003f8        0x0
 .iplt          0x00000000800003f8        0x0 build/cortex-m4/main.o

.rel.dyn        0x00000000800003f8        0x0
 .rel.iplt      0x00000000800003f8        0x0 build/cortex-m4/main.o
 .rel.got       0x00000000800003f8        0x0 build/cortex-m4/main.o

.got            0x0000000000000000       0x24 load address 0x00000000800003f8
                0x0000000000000000                . = ALIGN (0x4)
                0x0000000000000000                _got = .
 *(.got*)
 .got           0x0000000000000000       0x18 build/cortex-m4/main.o
 .got.plt       0x0000000000000018        0xc build/cortex-m4/main.o
                0x0000000000000018                _GLOBAL_OFFSET_TABLE_
 *(.got.plt*)
                0x0000000000000024                . = ALIGN (0x4)

.data           0x0000000000000024       0x70 load address 0x000000008000041c
                0x0000000000000024                . = ALIGN (0x4)
                0x0000000000000024                _data = .
 *(.data*)
 .data          0x0000000000000024        0x0 build/cortex-m4/main.o
 .data          0x0000000000000024        0x0 ../../libtock/build/cortex-m4/libtock.a(alarm_timer.o)
 .data          0x0000000000000024        0x0 ../../libtock/build/cortex-m4/libtock.a(crt0.o)
 .data          0x0000000000000024        0x0 ../../libtock/build/cortex-m4/libtock.a(tock.o)
 .data          0x0000000000000024        0x0 ../../libtock/build/cortex-m4/libtock.a(led.o)
 .data          0x0000000000000024        0x0 ../../libtock/build/cortex-m4/libtock.a(alarm_internal.o)
 .data          0x0000000000000024        0x0 ../../newlib/libc.a(lib_a-exit.o)
 .data          0x0000000000000024        0x0 ../../newlib/libc.a(lib_a-impure.o)
 .data.rel.impure_data
                0x0000000000000024       0x60 ../../newlib/libc.a(lib_a-impure.o)
 .data.rel.local._impure_ptr
                0x0000000000000084        0x4 ../../newlib/libc.a(lib_a-impure.o)
                0x0000000000000084                _impure_ptr
 .data.rel.ro.local._global_impure_ptr
                0x0000000000000088        0x4 ../../newlib/libc.a(lib_a-impure.o)
                0x0000000000000088                _global_impure_ptr
 .data          0x000000000000008c        0x0 ../../newlib/libc.a(lib_a-memcpy-stub.o)
 .data          0x000000000000008c        0x0 ../../newlib/libc.a(lib_a-memset.o)
 .data          0x000000000000008c        0x0 ../../newlib/libc.a(lib_a-printf.o)
 .data          0x000000000000008c        0x0 ../../newlib/libc.a(lib_a-findfp.o)
 .data          0x000000000000008c        0x0 ../../newlib/libc.a(lib_a-fwalk.o)
 .data          0x000000000000008c        0x0 ../../newlib/libc.a(lib_a-nano-mallocr.o)
 .data          0x000000000000008c        0x0 ../../newlib/libc.a(lib_a-nano-vfprintf.o)
 .data          0x000000000000008c        0x0 ../../newlib/libc.a(lib_a-sbrkr.o)
 .data          0x000000000000008c        0x0 ../../newlib/libc.a(lib_a-stdio.o)
 .data          0x000000000000008c        0x0 ../../newlib/libc.a(lib_a-wbuf.o)
 .data          0x000000000000008c        0x0 ../../newlib/libc.a(lib_a-writer.o)
 .data          0x000000000000008c        0x0 ../../newlib/libc.a(lib_a-wsetup.o)
 .data          0x000000000000008c        0x0 ../../newlib/libc.a(lib_a-closer.o)
 .data          0x000000000000008c        0x0 ../../newlib/libc.a(lib_a-fflush.o)
 .data          0x000000000000008c        0x0 ../../newlib/libc.a(lib_a-fvwrite.o)
 .data          0x000000000000008c        0x0 ../../newlib/libc.a(lib_a-lseekr.o)
 .data          0x000000000000008c        0x0 ../../newlib/libc.a(lib_a-makebuf.o)
 .data          0x000000000000008c        0x0 ../../newlib/libc.a(lib_a-memchr-stub.o)
 .data          0x000000000000008c        0x0 ../../newlib/libc.a(lib_a-memmove.o)
 .data          0x000000000000008c        0x0 ../../newlib/libc.a(lib_a-mlock.o)
 .data          0x000000000000008c        0x0 ../../newlib/libc.a(lib_a-nano-freer.o)
 .data          0x000000000000008c        0x0 ../../newlib/libc.a(lib_a-nano-reallocr.o)
 .data          0x000000000000008c        0x0 ../../newlib/libc.a(lib_a-nano-vfprintf_i.o)
 .data          0x000000000000008c        0x0 ../../newlib/libc.a(lib_a-readr.o)
 .data          0x000000000000008c        0x0 ../../newlib/libc.a(lib_a-reent.o)
 .data          0x000000000000008c        0x0 ../../newlib/libc.a(lib_a-fstatr.o)
 .data          0x000000000000008c        0x0 ../../newlib/libc.a(lib_a-isattyr.o)
 .data          0x000000000000008c        0x0 ../../newlib/libc.a(lib_a-nano-msizer.o)
 .data          0x000000000000008c        0x0 ../../libc++/libgcc.a(_udivsi3.o)
 .data          0x000000000000008c        0x0 ../../libc++/libgcc.a(_divsi3.o)
 .data          0x000000000000008c        0x0 ../../libc++/libgcc.a(_dvmd_tls.o)
 .data          0x000000000000008c        0x0 ../../libtock/build/cortex-m4/libtock.a(sys.o)
 .data          0x000000000000008c        0x0 ../../libtock/build/cortex-m4/libtock.a(console.o)
 .data.getnstr_data
                0x000000000000008c        0x8 ../../libtock/build/cortex-m4/libtock.a(console.o)
 .data          0x0000000000000094        0x0 ../../newlib/libc.a(lib_a-errno.o)
 .data          0x0000000000000094        0x0 ../../newlib/libc.a(lib_a-malloc.o)
 .data          0x0000000000000094        0x0 ../../newlib/libc.a(lib_a-strncpy.o)
                0x0000000000000094                . = ALIGN (0x4)

.igot.plt       0x0000000000000094        0x0 load address 0x000000008000048c
 .igot.plt      0x0000000000000094        0x0 build/cortex-m4/main.o

.bss            0x0000000000000094      0x160 load address 0x000000008000048c
                0x0000000000000094                . = ALIGN (0x4)
                0x0000000000000094                _bss = .
 *(.bss*)
 .bss           0x0000000000000094        0x0 build/cortex-m4/main.o
 .bss           0x0000000000000094        0x0 ../../libtock/build/cortex-m4/libtock.a(alarm_timer.o)
 .bss.root      0x0000000000000094        0x4 ../../libtock/build/cortex-m4/libtock.a(alarm_timer.o)
 .bss           0x0000000000000098        0x0 ../../libtock/build/cortex-m4/libtock.a(crt0.o)
 .bss           0x0000000000000098        0x0 ../../libtock/build/cortex-m4/libtock.a(tock.o)
 .bss.task_cur  0x0000000000000098        0x4 ../../libtock/build/cortex-m4/libtock.a(tock.o)
 .bss.task_last
                0x000000000000009c        0x4 ../../libtock/build/cortex-m4/libtock.a(tock.o)
 .bss.task_queue
                0x00000000000000a0      0x140 ../../libtock/build/cortex-m4/libtock.a(tock.o)
 .bss           0x00000000000001e0        0x0 ../../libtock/build/cortex-m4/libtock.a(led.o)
 .bss           0x00000000000001e0        0x0 ../../libtock/build/cortex-m4/libtock.a(alarm_internal.o)
 .bss           0x00000000000001e0        0x0 ../../newlib/libc.a(lib_a-exit.o)
 .bss           0x00000000000001e0        0x0 ../../newlib/libc.a(lib_a-impure.o)
 .bss           0x00000000000001e0        0x0 ../../newlib/libc.a(lib_a-memcpy-stub.o)
 .bss           0x00000000000001e0        0x0 ../../newlib/libc.a(lib_a-memset.o)
 .bss           0x00000000000001e0        0x0 ../../newlib/libc.a(lib_a-printf.o)
 .bss           0x00000000000001e0        0x0 ../../newlib/libc.a(lib_a-findfp.o)
 .bss           0x00000000000001e0        0x0 ../../newlib/libc.a(lib_a-fwalk.o)
 .bss           0x00000000000001e0        0x0 ../../newlib/libc.a(lib_a-nano-mallocr.o)
 .bss.__malloc_free_list
                0x00000000000001e0        0x4 ../../newlib/libc.a(lib_a-nano-mallocr.o)
                0x00000000000001e0                __malloc_free_list
 .bss.__malloc_sbrk_start
                0x00000000000001e4        0x4 ../../newlib/libc.a(lib_a-nano-mallocr.o)
                0x00000000000001e4                __malloc_sbrk_start
 .bss           0x00000000000001e8        0x0 ../../newlib/libc.a(lib_a-nano-vfprintf.o)
 .bss           0x00000000000001e8        0x0 ../../newlib/libc.a(lib_a-sbrkr.o)
 .bss           0x00000000000001e8        0x0 ../../newlib/libc.a(lib_a-stdio.o)
 .bss           0x00000000000001e8        0x0 ../../newlib/libc.a(lib_a-wbuf.o)
 .bss           0x00000000000001e8        0x0 ../../newlib/libc.a(lib_a-writer.o)
 .bss           0x00000000000001e8        0x0 ../../newlib/libc.a(lib_a-wsetup.o)
 .bss           0x00000000000001e8        0x0 ../../newlib/libc.a(lib_a-closer.o)
 .bss           0x00000000000001e8        0x0 ../../newlib/libc.a(lib_a-fflush.o)
 .bss           0x00000000000001e8        0x0 ../../newlib/libc.a(lib_a-fvwrite.o)
 .bss           0x00000000000001e8        0x0 ../../newlib/libc.a(lib_a-lseekr.o)
 .bss           0x00000000000001e8        0x0 ../../newlib/libc.a(lib_a-makebuf.o)
 .bss           0x00000000000001e8        0x0 ../../newlib/libc.a(lib_a-memchr-stub.o)
 .bss           0x00000000000001e8        0x0 ../../newlib/libc.a(lib_a-memmove.o)
 .bss           0x00000000000001e8        0x0 ../../newlib/libc.a(lib_a-mlock.o)
 .bss           0x00000000000001e8        0x0 ../../newlib/libc.a(lib_a-nano-freer.o)
 .bss           0x00000000000001e8        0x0 ../../newlib/libc.a(lib_a-nano-reallocr.o)
 .bss           0x00000000000001e8        0x0 ../../newlib/libc.a(lib_a-nano-vfprintf_i.o)
 .bss           0x00000000000001e8        0x0 ../../newlib/libc.a(lib_a-readr.o)
 .bss           0x00000000000001e8        0x0 ../../newlib/libc.a(lib_a-reent.o)
 .bss           0x00000000000001e8        0x0 ../../newlib/libc.a(lib_a-fstatr.o)
 .bss           0x00000000000001e8        0x0 ../../newlib/libc.a(lib_a-isattyr.o)
 .bss           0x00000000000001e8        0x0 ../../newlib/libc.a(lib_a-nano-msizer.o)
 .bss           0x00000000000001e8        0x0 ../../libc++/libgcc.a(_udivsi3.o)
 .bss           0x00000000000001e8        0x0 ../../libc++/libgcc.a(_divsi3.o)
 .bss           0x00000000000001e8        0x0 ../../libc++/libgcc.a(_dvmd_tls.o)
 .bss           0x00000000000001e8        0x0 ../../libtock/build/cortex-m4/libtock.a(sys.o)
 .bss.__dso_handle
                0x00000000000001e8        0x4 ../../libtock/build/cortex-m4/libtock.a(sys.o)
                0x00000000000001e8                __dso_handle
 .bss           0x00000000000001ec        0x0 ../../libtock/build/cortex-m4/libtock.a(console.o)
 .bss.putstr_head
                0x00000000000001ec        0x4 ../../libtock/build/cortex-m4/libtock.a(console.o)
 .bss.putstr_tail
                0x00000000000001f0        0x4 ../../libtock/build/cortex-m4/libtock.a(console.o)
 .bss           0x00000000000001f4        0x0 ../../newlib/libc.a(lib_a-errno.o)
 .bss           0x00000000000001f4        0x0 ../../newlib/libc.a(lib_a-malloc.o)
 .bss           0x00000000000001f4        0x0 ../../newlib/libc.a(lib_a-strncpy.o)
 *(COMMON)
                0x00000000000001f4                . = ALIGN (0x4)

.endflash       0x000000008000048c        0x0
                [!provide]                        PROVIDE (__exidx_start = .)

.ARM.exidx
 *(.ARM.exidx* .gnu.linkonce.armexidx.*)
                [!provide]                        PROVIDE (__exidx_end = .)
OUTPUT(build/cortex-m4/cortex-m4.elf elf32-littlearm)

.GCC.command.line
                0x0000000000000000      0x676
 .GCC.command.line
                0x0000000000000000      0x44a build/cortex-m4/main.o
 .GCC.command.line
                0x000000000000044a       0x57 ../../libtock/build/cortex-m4/libtock.a(alarm_timer.o)
                                        0x474 (size before relaxing)
 .GCC.command.line
                0x00000000000004a1       0x49 ../../libtock/build/cortex-m4/libtock.a(crt0.o)
                                        0x466 (size before relaxing)
 .GCC.command.line
                0x00000000000004ea       0x49 ../../libtock/build/cortex-m4/libtock.a(tock.o)
                                        0x466 (size before relaxing)
 .GCC.command.line
                0x0000000000000533       0x47 ../../libtock/build/cortex-m4/libtock.a(led.o)
                                        0x464 (size before relaxing)
 .GCC.command.line
                0x000000000000057a       0x66 ../../libtock/build/cortex-m4/libtock.a(alarm_internal.o)
                                        0x483 (size before relaxing)
 .GCC.command.line
                0x00000000000005e0       0x47 ../../libtock/build/cortex-m4/libtock.a(sys.o)
                                        0x464 (size before relaxing)
 .GCC.command.line
                0x0000000000000627       0x4f ../../libtock/build/cortex-m4/libtock.a(console.o)
                                        0x46c (size before relaxing)

.comment        0x0000000000000000       0xa5
 .comment       0x0000000000000000       0x7f build/cortex-m4/main.o
                                         0x80 (size before relaxing)
 .comment       0x000000000000007f       0x80 ../../libtock/build/cortex-m4/libtock.a(alarm_timer.o)
 .comment       0x000000000000007f       0x80 ../../libtock/build/cortex-m4/libtock.a(crt0.o)
 .comment       0x000000000000007f       0x80 ../../libtock/build/cortex-m4/libtock.a(tock.o)
 .comment       0x000000000000007f       0x80 ../../libtock/build/cortex-m4/libtock.a(led.o)
 .comment       0x000000000000007f       0x80 ../../libtock/build/cortex-m4/libtock.a(alarm_internal.o)
 .comment       0x000000000000007f       0x26 ../../newlib/libc.a(lib_a-exit.o)
                                         0x27 (size before relaxing)
 .comment       0x00000000000000a5       0x27 ../../newlib/libc.a(lib_a-impure.o)
 .comment       0x00000000000000a5       0x27 ../../newlib/libc.a(lib_a-memcpy-stub.o)
 .comment       0x00000000000000a5       0x27 ../../newlib/libc.a(lib_a-memset.o)
 .comment       0x00000000000000a5       0x27 ../../newlib/libc.a(lib_a-printf.o)
 .comment       0x00000000000000a5       0x27 ../../newlib/libc.a(lib_a-findfp.o)
 .comment       0x00000000000000a5       0x27 ../../newlib/libc.a(lib_a-fwalk.o)
 .comment       0x00000000000000a5       0x27 ../../newlib/libc.a(lib_a-nano-mallocr.o)
 .comment       0x00000000000000a5       0x27 ../../newlib/libc.a(lib_a-nano-vfprintf.o)
 .comment       0x00000000000000a5       0x27 ../../newlib/libc.a(lib_a-sbrkr.o)
 .comment       0x00000000000000a5       0x27 ../../newlib/libc.a(lib_a-stdio.o)
 .comment       0x00000000000000a5       0x27 ../../newlib/libc.a(lib_a-wbuf.o)
 .comment       0x00000000000000a5       0x27 ../../newlib/libc.a(lib_a-writer.o)
 .comment       0x00000000000000a5       0x27 ../../newlib/libc.a(lib_a-wsetup.o)
 .comment       0x00000000000000a5       0x27 ../../newlib/libc.a(lib_a-closer.o)
 .comment       0x00000000000000a5       0x27 ../../newlib/libc.a(lib_a-fflush.o)
 .comment       0x00000000000000a5       0x27 ../../newlib/libc.a(lib_a-fvwrite.o)
 .comment       0x00000000000000a5       0x27 ../../newlib/libc.a(lib_a-lseekr.o)
 .comment       0x00000000000000a5       0x27 ../../newlib/libc.a(lib_a-makebuf.o)
 .comment       0x00000000000000a5       0x27 ../../newlib/libc.a(lib_a-memchr-stub.o)
 .comment       0x00000000000000a5       0x27 ../../newlib/libc.a(lib_a-memmove.o)
 .comment       0x00000000000000a5       0x27 ../../newlib/libc.a(lib_a-mlock.o)
 .comment       0x00000000000000a5       0x27 ../../newlib/libc.a(lib_a-nano-freer.o)
 .comment       0x00000000000000a5       0x27 ../../newlib/libc.a(lib_a-nano-reallocr.o)
 .comment       0x00000000000000a5       0x27 ../../newlib/libc.a(lib_a-nano-vfprintf_i.o)
 .comment       0x00000000000000a5       0x27 ../../newlib/libc.a(lib_a-readr.o)
 .comment       0x00000000000000a5       0x27 ../../newlib/libc.a(lib_a-reent.o)
 .comment       0x00000000000000a5       0x27 ../../newlib/libc.a(lib_a-fstatr.o)
 .comment       0x00000000000000a5       0x27 ../../newlib/libc.a(lib_a-isattyr.o)
 .comment       0x00000000000000a5       0x27 ../../newlib/libc.a(lib_a-nano-msizer.o)
 .comment       0x00000000000000a5       0x80 ../../libtock/build/cortex-m4/libtock.a(sys.o)
 .comment       0x00000000000000a5       0x80 ../../libtock/build/cortex-m4/libtock.a(console.o)
 .comment       0x00000000000000a5       0x27 ../../newlib/libc.a(lib_a-errno.o)
 .comment       0x00000000000000a5       0x27 ../../newlib/libc.a(lib_a-malloc.o)
 .comment       0x00000000000000a5       0x27 ../../newlib/libc.a(lib_a-strncpy.o)

.ARM.attributes
                0x0000000000000000       0x33
 .ARM.attributes
                0x0000000000000000       0x33 build/cortex-m4/main.o
 .ARM.attributes
                0x0000000000000033       0x33 ../../libtock/build/cortex-m4/libtock.a(alarm_timer.o)
 .ARM.attributes
                0x0000000000000066       0x33 ../../libtock/build/cortex-m4/libtock.a(crt0.o)
 .ARM.attributes
                0x0000000000000099       0x33 ../../libtock/build/cortex-m4/libtock.a(tock.o)
 .ARM.attributes
                0x00000000000000cc       0x33 ../../libtock/build/cortex-m4/libtock.a(led.o)
 .ARM.attributes
                0x00000000000000ff       0x33 ../../libtock/build/cortex-m4/libtock.a(alarm_internal.o)
 .ARM.attributes
                0x0000000000000132       0x2c ../../newlib/libc.a(lib_a-exit.o)
 .ARM.attributes
                0x000000000000015e       0x2c ../../newlib/libc.a(lib_a-impure.o)
 .ARM.attributes
                0x000000000000018a       0x2c ../../newlib/libc.a(lib_a-memcpy-stub.o)
 .ARM.attributes
                0x00000000000001b6       0x2c ../../newlib/libc.a(lib_a-memset.o)
 .ARM.attributes
                0x00000000000001e2       0x2c ../../newlib/libc.a(lib_a-printf.o)
 .ARM.attributes
                0x000000000000020e       0x2c ../../newlib/libc.a(lib_a-findfp.o)
 .ARM.attributes
                0x000000000000023a       0x2c ../../newlib/libc.a(lib_a-fwalk.o)
 .ARM.attributes
                0x0000000000000266       0x2c ../../newlib/libc.a(lib_a-nano-mallocr.o)
 .ARM.attributes
                0x0000000000000292       0x2c ../../newlib/libc.a(lib_a-nano-vfprintf.o)
 .ARM.attributes
                0x00000000000002be       0x2c ../../newlib/libc.a(lib_a-sbrkr.o)
 .ARM.attributes
                0x00000000000002ea       0x2c ../../newlib/libc.a(lib_a-stdio.o)
 .ARM.attributes
                0x0000000000000316       0x2c ../../newlib/libc.a(lib_a-wbuf.o)
 .ARM.attributes
                0x0000000000000342       0x2c ../../newlib/libc.a(lib_a-writer.o)
 .ARM.attributes
                0x000000000000036e       0x2c ../../newlib/libc.a(lib_a-wsetup.o)
 .ARM.attributes
                0x000000000000039a       0x2c ../../newlib/libc.a(lib_a-closer.o)
 .ARM.attributes
                0x00000000000003c6       0x2c ../../newlib/libc.a(lib_a-fflush.o)
 .ARM.attributes
                0x00000000000003f2       0x2c ../../newlib/libc.a(lib_a-fvwrite.o)
 .ARM.attributes
                0x000000000000041e       0x2c ../../newlib/libc.a(lib_a-lseekr.o)
 .ARM.attributes
                0x000000000000044a       0x2c ../../newlib/libc.a(lib_a-makebuf.o)
 .ARM.attributes
                0x0000000000000476       0x2c ../../newlib/libc.a(lib_a-memchr-stub.o)
 .ARM.attributes
                0x00000000000004a2       0x2c ../../newlib/libc.a(lib_a-memmove.o)
 .ARM.attributes
                0x00000000000004ce       0x2c ../../newlib/libc.a(lib_a-mlock.o)
 .ARM.attributes
                0x00000000000004fa       0x2c ../../newlib/libc.a(lib_a-nano-freer.o)
 .ARM.attributes
                0x0000000000000526       0x2c ../../newlib/libc.a(lib_a-nano-reallocr.o)
 .ARM.attributes
                0x0000000000000552       0x2c ../../newlib/libc.a(lib_a-nano-vfprintf_i.o)
 .ARM.attributes
                0x000000000000057e       0x2c ../../newlib/libc.a(lib_a-readr.o)
 .ARM.attributes
                0x00000000000005aa       0x2c ../../newlib/libc.a(lib_a-reent.o)
 .ARM.attributes
                0x00000000000005d6       0x2c ../../newlib/libc.a(lib_a-fstatr.o)
 .ARM.attributes
                0x0000000000000602       0x2c ../../newlib/libc.a(lib_a-isattyr.o)
 .ARM.attributes
                0x000000000000062e       0x2c ../../newlib/libc.a(lib_a-nano-msizer.o)
 .ARM.attributes
                0x000000000000065a       0x23 ../../libc++/libgcc.a(_udivsi3.o)
 .ARM.attributes
                0x000000000000067d       0x23 ../../libc++/libgcc.a(_divsi3.o)
 .ARM.attributes
                0x00000000000006a0       0x23 ../../libc++/libgcc.a(_dvmd_tls.o)
 .ARM.attributes
                0x00000000000006c3       0x33 ../../libtock/build/cortex-m4/libtock.a(sys.o)
 .ARM.attributes
                0x00000000000006f6       0x33 ../../libtock/build/cortex-m4/libtock.a(console.o)
 .ARM.attributes
                0x0000000000000729       0x2c ../../newlib/libc.a(lib_a-errno.o)
 .ARM.attributes
                0x0000000000000755       0x2c ../../newlib/libc.a(lib_a-malloc.o)
 .ARM.attributes
                0x0000000000000781       0x2c ../../newlib/libc.a(lib_a-strncpy.o)

.debug_info     0x0000000000000000    0x1f031
 .debug_info    0x0000000000000000      0xa91 build/cortex-m4/main.o
 .debug_info    0x0000000000000a91     0x12fc ../../libtock/build/cortex-m4/libtock.a(alarm_timer.o)
 .debug_info    0x0000000000001d8d      0xcbf ../../libtock/build/cortex-m4/libtock.a(crt0.o)
 .debug_info    0x0000000000002a4c     0x10d2 ../../libtock/build/cortex-m4/libtock.a(tock.o)
 .debug_info    0x0000000000003b1e      0xb01 ../../libtock/build/cortex-m4/libtock.a(led.o)
 .debug_info    0x000000000000461f      0xb4f ../../libtock/build/cortex-m4/libtock.a(alarm_internal.o)
 .debug_info    0x000000000000516e      0x959 ../../newlib/libc.a(lib_a-exit.o)
 .debug_info    0x0000000000005ac7      0x8ab ../../newlib/libc.a(lib_a-impure.o)
 .debug_info    0x0000000000006372      0x916 ../../newlib/libc.a(lib_a-memcpy-stub.o)
 .debug_info    0x0000000000006c88      0xde0 ../../newlib/libc.a(lib_a-memset.o)
 .debug_info    0x0000000000007a68      0xbbb ../../newlib/libc.a(lib_a-printf.o)
 .debug_info    0x0000000000008623      0xf6d ../../newlib/libc.a(lib_a-findfp.o)
 .debug_info    0x0000000000009590      0xbd6 ../../newlib/libc.a(lib_a-fwalk.o)
 .debug_info    0x000000000000a166      0xbb2 ../../newlib/libc.a(lib_a-nano-mallocr.o)
 .debug_info    0x000000000000ad18     0x15cc ../../newlib/libc.a(lib_a-nano-vfprintf.o)
 .debug_info    0x000000000000c2e4      0x960 ../../newlib/libc.a(lib_a-sbrkr.o)
 .debug_info    0x000000000000cc44      0xd5b ../../newlib/libc.a(lib_a-stdio.o)
 .debug_info    0x000000000000d99f      0xbdb ../../newlib/libc.a(lib_a-wbuf.o)
 .debug_info    0x000000000000e57a      0x9a3 ../../newlib/libc.a(lib_a-writer.o)
 .debug_info    0x000000000000ef1d      0xb53 ../../newlib/libc.a(lib_a-wsetup.o)
 .debug_info    0x000000000000fa70      0x956 ../../newlib/libc.a(lib_a-closer.o)
 .debug_info    0x00000000000103c6      0xc9b ../../newlib/libc.a(lib_a-fflush.o)
 .debug_info    0x0000000000011061      0xe14 ../../newlib/libc.a(lib_a-fvwrite.o)
 .debug_info    0x0000000000011e75      0x986 ../../newlib/libc.a(lib_a-lseekr.o)
 .debug_info    0x00000000000127fb      0xe3f ../../newlib/libc.a(lib_a-makebuf.o)
 .debug_info    0x000000000001363a      0x908 ../../newlib/libc.a(lib_a-memchr-stub.o)
 .debug_info    0x0000000000013f42      0xdfe ../../newlib/libc.a(lib_a-memmove.o)
 .debug_info    0x0000000000014d40      0x8de ../../newlib/libc.a(lib_a-mlock.o)
 .debug_info    0x000000000001561e      0xb0c ../../newlib/libc.a(lib_a-nano-freer.o)
 .debug_info    0x000000000001612a      0xabe ../../newlib/libc.a(lib_a-nano-reallocr.o)
 .debug_info    0x0000000000016be8     0x1447 ../../newlib/libc.a(lib_a-nano-vfprintf_i.o)
 .debug_info    0x000000000001802f      0x99c ../../newlib/libc.a(lib_a-readr.o)
 .debug_info    0x00000000000189cb      0xa67 ../../newlib/libc.a(lib_a-reent.o)
 .debug_info    0x0000000000019432      0xb68 ../../newlib/libc.a(lib_a-fstatr.o)
 .debug_info    0x0000000000019f9a      0x956 ../../newlib/libc.a(lib_a-isattyr.o)
 .debug_info    0x000000000001a8f0      0xa02 ../../newlib/libc.a(lib_a-nano-msizer.o)
 .debug_info    0x000000000001b2f2       0xae ../../libc++/libgcc.a(_udivsi3.o)
 .debug_info    0x000000000001b3a0       0xae ../../libc++/libgcc.a(_divsi3.o)
 .debug_info    0x000000000001b44e       0xae ../../libc++/libgcc.a(_dvmd_tls.o)
 .debug_info    0x000000000001b4fc      0xf5a ../../libtock/build/cortex-m4/libtock.a(sys.o)
 .debug_info    0x000000000001c456     0x10e1 ../../libtock/build/cortex-m4/libtock.a(console.o)
 .debug_info    0x000000000001d537      0x8d2 ../../newlib/libc.a(lib_a-errno.o)
 .debug_info    0x000000000001de09      0x928 ../../newlib/libc.a(lib_a-malloc.o)
 .debug_info    0x000000000001e731      0x900 ../../newlib/libc.a(lib_a-strncpy.o)

.debug_abbrev   0x0000000000000000     0x5776
 .debug_abbrev  0x0000000000000000      0x1f7 build/cortex-m4/main.o
 .debug_abbrev  0x00000000000001f7      0x3e6 ../../libtock/build/cortex-m4/libtock.a(alarm_timer.o)
 .debug_abbrev  0x00000000000005dd      0x25a ../../libtock/build/cortex-m4/libtock.a(crt0.o)
 .debug_abbrev  0x0000000000000837      0x2aa ../../libtock/build/cortex-m4/libtock.a(tock.o)
 .debug_abbrev  0x0000000000000ae1      0x1ca ../../libtock/build/cortex-m4/libtock.a(led.o)
 .debug_abbrev  0x0000000000000cab      0x1d9 ../../libtock/build/cortex-m4/libtock.a(alarm_internal.o)
 .debug_abbrev  0x0000000000000e84      0x1cd ../../newlib/libc.a(lib_a-exit.o)
 .debug_abbrev  0x0000000000001051      0x15c ../../newlib/libc.a(lib_a-impure.o)
 .debug_abbrev  0x00000000000011ad      0x1ac ../../newlib/libc.a(lib_a-memcpy-stub.o)
 .debug_abbrev  0x0000000000001359      0x197 ../../newlib/libc.a(lib_a-memset.o)
 .debug_abbrev  0x00000000000014f0      0x24d ../../newlib/libc.a(lib_a-printf.o)
 .debug_abbrev  0x000000000000173d      0x32c ../../newlib/libc.a(lib_a-findfp.o)
 .debug_abbrev  0x0000000000001a69      0x1ef ../../newlib/libc.a(lib_a-fwalk.o)
 .debug_abbrev  0x0000000000001c58      0x2c7 ../../newlib/libc.a(lib_a-nano-mallocr.o)
 .debug_abbrev  0x0000000000001f1f      0x2c2 ../../newlib/libc.a(lib_a-nano-vfprintf.o)
 .debug_abbrev  0x00000000000021e1      0x1df ../../newlib/libc.a(lib_a-sbrkr.o)
 .debug_abbrev  0x00000000000023c0      0x225 ../../newlib/libc.a(lib_a-stdio.o)
 .debug_abbrev  0x00000000000025e5      0x233 ../../newlib/libc.a(lib_a-wbuf.o)
 .debug_abbrev  0x0000000000002818      0x1e1 ../../newlib/libc.a(lib_a-writer.o)
 .debug_abbrev  0x00000000000029f9      0x208 ../../newlib/libc.a(lib_a-wsetup.o)
 .debug_abbrev  0x0000000000002c01      0x1da ../../newlib/libc.a(lib_a-closer.o)
 .debug_abbrev  0x0000000000002ddb      0x29d ../../newlib/libc.a(lib_a-fflush.o)
 .debug_abbrev  0x0000000000003078      0x237 ../../newlib/libc.a(lib_a-fvwrite.o)
 .debug_abbrev  0x00000000000032af      0x1eb ../../newlib/libc.a(lib_a-lseekr.o)
 .debug_abbrev  0x000000000000349a      0x2a3 ../../newlib/libc.a(lib_a-makebuf.o)
 .debug_abbrev  0x000000000000373d      0x1a5 ../../newlib/libc.a(lib_a-memchr-stub.o)
 .debug_abbrev  0x00000000000038e2      0x19c ../../newlib/libc.a(lib_a-memmove.o)
 .debug_abbrev  0x0000000000003a7e      0x19d ../../newlib/libc.a(lib_a-mlock.o)
 .debug_abbrev  0x0000000000003c1b      0x275 ../../newlib/libc.a(lib_a-nano-freer.o)
 .debug_abbrev  0x0000000000003e90      0x1f4 ../../newlib/libc.a(lib_a-nano-reallocr.o)
 .debug_abbrev  0x0000000000004084      0x2aa ../../newlib/libc.a(lib_a-nano-vfprintf_i.o)
 .debug_abbrev  0x000000000000432e      0x1dc ../../newlib/libc.a(lib_a-readr.o)
 .debug_abbrev  0x000000000000450a      0x221 ../../newlib/libc.a(lib_a-reent.o)
 .debug_abbrev  0x000000000000472b      0x1e9 ../../newlib/libc.a(lib_a-fstatr.o)
 .debug_abbrev  0x0000000000004914      0x1da ../../newlib/libc.a(lib_a-isattyr.o)
 .debug_abbrev  0x0000000000004aee      0x1b4 ../../newlib/libc.a(lib_a-nano-msizer.o)
 .debug_abbrev  0x0000000000004ca2       0x14 ../../libc++/libgcc.a(_udivsi3.o)
 .debug_abbrev  0x0000000000004cb6       0x14 ../../libc++/libgcc.a(_divsi3.o)
 .debug_abbrev  0x0000000000004cca       0x14 ../../libc++/libgcc.a(_dvmd_tls.o)
 .debug_abbrev  0x0000000000004cde      0x28e ../../libtock/build/cortex-m4/libtock.a(sys.o)
 .debug_abbrev  0x0000000000004f6c      0x336 ../../libtock/build/cortex-m4/libtock.a(console.o)
 .debug_abbrev  0x00000000000052a2      0x178 ../../newlib/libc.a(lib_a-errno.o)
 .debug_abbrev  0x000000000000541a      0x1c6 ../../newlib/libc.a(lib_a-malloc.o)
 .debug_abbrev  0x00000000000055e0      0x196 ../../newlib/libc.a(lib_a-strncpy.o)

.debug_loc      0x0000000000000000     0x4594
 .debug_loc     0x0000000000000000       0x6b build/cortex-m4/main.o
 .debug_loc     0x000000000000006b      0x954 ../../libtock/build/cortex-m4/libtock.a(alarm_timer.o)
 .debug_loc     0x00000000000009bf      0x287 ../../libtock/build/cortex-m4/libtock.a(crt0.o)
 .debug_loc     0x0000000000000c46      0x413 ../../libtock/build/cortex-m4/libtock.a(tock.o)
 .debug_loc     0x0000000000001059       0x84 ../../libtock/build/cortex-m4/libtock.a(led.o)
 .debug_loc     0x00000000000010dd       0x84 ../../libtock/build/cortex-m4/libtock.a(alarm_internal.o)
 .debug_loc     0x0000000000001161       0x1e ../../newlib/libc.a(lib_a-exit.o)
 .debug_loc     0x000000000000117f       0xbe ../../newlib/libc.a(lib_a-memcpy-stub.o)
 .debug_loc     0x000000000000123d       0x72 ../../newlib/libc.a(lib_a-memset.o)
 .debug_loc     0x00000000000012af       0x3f ../../newlib/libc.a(lib_a-printf.o)
 .debug_loc     0x00000000000012ee      0x211 ../../newlib/libc.a(lib_a-findfp.o)
 .debug_loc     0x00000000000014ff      0x199 ../../newlib/libc.a(lib_a-fwalk.o)
 .debug_loc     0x0000000000001698      0x222 ../../newlib/libc.a(lib_a-nano-mallocr.o)
 .debug_loc     0x00000000000018ba      0x556 ../../newlib/libc.a(lib_a-nano-vfprintf.o)
 .debug_loc     0x0000000000001e10       0x4d ../../newlib/libc.a(lib_a-sbrkr.o)
 .debug_loc     0x0000000000001e5d      0x302 ../../newlib/libc.a(lib_a-stdio.o)
 .debug_loc     0x000000000000215f      0x128 ../../newlib/libc.a(lib_a-wbuf.o)
 .debug_loc     0x0000000000002287       0xa5 ../../newlib/libc.a(lib_a-writer.o)
 .debug_loc     0x000000000000232c       0x7e ../../newlib/libc.a(lib_a-wsetup.o)
 .debug_loc     0x00000000000023aa       0x4d ../../newlib/libc.a(lib_a-closer.o)
 .debug_loc     0x00000000000023f7      0x2ab ../../newlib/libc.a(lib_a-fflush.o)
 .debug_loc     0x00000000000026a2      0x5f2 ../../newlib/libc.a(lib_a-fvwrite.o)
 .debug_loc     0x0000000000002c94       0xa5 ../../newlib/libc.a(lib_a-lseekr.o)
 .debug_loc     0x0000000000002d39      0x213 ../../newlib/libc.a(lib_a-makebuf.o)
 .debug_loc     0x0000000000002f4c       0xb4 ../../newlib/libc.a(lib_a-memchr-stub.o)
 .debug_loc     0x0000000000003000       0xe7 ../../newlib/libc.a(lib_a-memmove.o)
 .debug_loc     0x00000000000030e7       0xe8 ../../newlib/libc.a(lib_a-nano-freer.o)
 .debug_loc     0x00000000000031cf      0x13c ../../newlib/libc.a(lib_a-nano-reallocr.o)
 .debug_loc     0x000000000000330b      0x5bb ../../newlib/libc.a(lib_a-nano-vfprintf_i.o)
 .debug_loc     0x00000000000038c6       0xa5 ../../newlib/libc.a(lib_a-readr.o)
 .debug_loc     0x000000000000396b       0xcb ../../newlib/libc.a(lib_a-reent.o)
 .debug_loc     0x0000000000003a36       0x79 ../../newlib/libc.a(lib_a-fstatr.o)
 .debug_loc     0x0000000000003aaf       0x4d ../../newlib/libc.a(lib_a-isattyr.o)
 .debug_loc     0x0000000000003afc       0x7d ../../newlib/libc.a(lib_a-nano-msizer.o)
 .debug_loc     0x0000000000003b79      0x21e ../../libtock/build/cortex-m4/libtock.a(sys.o)
 .debug_loc     0x0000000000003d97      0x696 ../../libtock/build/cortex-m4/libtock.a(console.o)
 .debug_loc     0x000000000000442d       0x58 ../../newlib/libc.a(lib_a-malloc.o)
 .debug_loc     0x0000000000004485      0x10f ../../newlib/libc.a(lib_a-strncpy.o)

.debug_aranges  0x0000000000000000      0x7e0
 .debug_aranges
                0x0000000000000000       0x20 build/cortex-m4/main.o
 .debug_aranges
                0x0000000000000020       0x70 ../../libtock/build/cortex-m4/libtock.a(alarm_timer.o)
 .debug_aranges
                0x0000000000000090       0x20 ../../libtock/build/cortex-m4/libtock.a(crt0.o)
 .debug_aranges
                0x00000000000000b0       0xa8 ../../libtock/build/cortex-m4/libtock.a(tock.o)
 .debug_aranges
                0x0000000000000158       0x38 ../../libtock/build/cortex-m4/libtock.a(led.o)
 .debug_aranges
                0x0000000000000190       0x38 ../../libtock/build/cortex-m4/libtock.a(alarm_internal.o)
 .debug_aranges
                0x00000000000001c8       0x20 ../../newlib/libc.a(lib_a-exit.o)
 .debug_aranges
                0x00000000000001e8       0x18 ../../newlib/libc.a(lib_a-impure.o)
 .debug_aranges
                0x0000000000000200       0x20 ../../newlib/libc.a(lib_a-memcpy-stub.o)
 .debug_aranges
                0x0000000000000220       0x20 ../../newlib/libc.a(lib_a-memset.o)
 .debug_aranges
                0x0000000000000240       0x28 ../../newlib/libc.a(lib_a-printf.o)
 .debug_aranges
                0x0000000000000268       0x68 ../../newlib/libc.a(lib_a-findfp.o)
 .debug_aranges
                0x00000000000002d0       0x28 ../../newlib/libc.a(lib_a-fwalk.o)
 .debug_aranges
                0x00000000000002f8       0x20 ../../newlib/libc.a(lib_a-nano-mallocr.o)
 .debug_aranges
                0x0000000000000318       0x40 ../../newlib/libc.a(lib_a-nano-vfprintf.o)
 .debug_aranges
                0x0000000000000358       0x20 ../../newlib/libc.a(lib_a-sbrkr.o)
 .debug_aranges
                0x0000000000000378       0x40 ../../newlib/libc.a(lib_a-stdio.o)
 .debug_aranges
                0x00000000000003b8       0x28 ../../newlib/libc.a(lib_a-wbuf.o)
 .debug_aranges
                0x00000000000003e0       0x20 ../../newlib/libc.a(lib_a-writer.o)
 .debug_aranges
                0x0000000000000400       0x20 ../../newlib/libc.a(lib_a-wsetup.o)
 .debug_aranges
                0x0000000000000420       0x20 ../../newlib/libc.a(lib_a-closer.o)
 .debug_aranges
                0x0000000000000440       0x30 ../../newlib/libc.a(lib_a-fflush.o)
 .debug_aranges
                0x0000000000000470       0x20 ../../newlib/libc.a(lib_a-fvwrite.o)
 .debug_aranges
                0x0000000000000490       0x20 ../../newlib/libc.a(lib_a-lseekr.o)
 .debug_aranges
                0x00000000000004b0       0x28 ../../newlib/libc.a(lib_a-makebuf.o)
 .debug_aranges
                0x00000000000004d8       0x20 ../../newlib/libc.a(lib_a-memchr-stub.o)
 .debug_aranges
                0x00000000000004f8       0x20 ../../newlib/libc.a(lib_a-memmove.o)
 .debug_aranges
                0x0000000000000518       0x20 ../../newlib/libc.a(lib_a-mlock.o)
 .debug_aranges
                0x0000000000000538       0x20 ../../newlib/libc.a(lib_a-nano-freer.o)
 .debug_aranges
                0x0000000000000558       0x20 ../../newlib/libc.a(lib_a-nano-reallocr.o)
 .debug_aranges
                0x0000000000000578       0x28 ../../newlib/libc.a(lib_a-nano-vfprintf_i.o)
 .debug_aranges
                0x00000000000005a0       0x20 ../../newlib/libc.a(lib_a-readr.o)
 .debug_aranges
                0x00000000000005c0       0x28 ../../newlib/libc.a(lib_a-reent.o)
 .debug_aranges
                0x00000000000005e8       0x20 ../../newlib/libc.a(lib_a-fstatr.o)
 .debug_aranges
                0x0000000000000608       0x20 ../../newlib/libc.a(lib_a-isattyr.o)
 .debug_aranges
                0x0000000000000628       0x20 ../../newlib/libc.a(lib_a-nano-msizer.o)
 .debug_aranges
                0x0000000000000648       0x20 ../../libc++/libgcc.a(_udivsi3.o)
 .debug_aranges
                0x0000000000000668       0x20 ../../libc++/libgcc.a(_divsi3.o)
 .debug_aranges
                0x0000000000000688       0x20 ../../libc++/libgcc.a(_dvmd_tls.o)
 .debug_aranges
                0x00000000000006a8       0x78 ../../libtock/build/cortex-m4/libtock.a(sys.o)
 .debug_aranges
                0x0000000000000720       0x58 ../../libtock/build/cortex-m4/libtock.a(console.o)
 .debug_aranges
                0x0000000000000778       0x20 ../../newlib/libc.a(lib_a-errno.o)
 .debug_aranges
                0x0000000000000798       0x28 ../../newlib/libc.a(lib_a-malloc.o)
 .debug_aranges
                0x00000000000007c0       0x20 ../../newlib/libc.a(lib_a-strncpy.o)

.debug_ranges   0x0000000000000000      0x848
 .debug_ranges  0x0000000000000000       0x40 build/cortex-m4/main.o
 .debug_ranges  0x0000000000000040       0xc8 ../../libtock/build/cortex-m4/libtock.a(alarm_timer.o)
 .debug_ranges  0x0000000000000108       0x60 ../../libtock/build/cortex-m4/libtock.a(crt0.o)
 .debug_ranges  0x0000000000000168       0xb0 ../../libtock/build/cortex-m4/libtock.a(tock.o)
 .debug_ranges  0x0000000000000218       0x28 ../../libtock/build/cortex-m4/libtock.a(led.o)
 .debug_ranges  0x0000000000000240       0x28 ../../libtock/build/cortex-m4/libtock.a(alarm_internal.o)
 .debug_ranges  0x0000000000000268       0x10 ../../newlib/libc.a(lib_a-exit.o)
 .debug_ranges  0x0000000000000278       0x10 ../../newlib/libc.a(lib_a-memcpy-stub.o)
 .debug_ranges  0x0000000000000288       0x10 ../../newlib/libc.a(lib_a-memset.o)
 .debug_ranges  0x0000000000000298       0x18 ../../newlib/libc.a(lib_a-printf.o)
 .debug_ranges  0x00000000000002b0       0x58 ../../newlib/libc.a(lib_a-findfp.o)
 .debug_ranges  0x0000000000000308       0x18 ../../newlib/libc.a(lib_a-fwalk.o)
 .debug_ranges  0x0000000000000320       0x60 ../../newlib/libc.a(lib_a-nano-mallocr.o)
 .debug_ranges  0x0000000000000380       0x48 ../../newlib/libc.a(lib_a-nano-vfprintf.o)
 .debug_ranges  0x00000000000003c8       0x10 ../../newlib/libc.a(lib_a-sbrkr.o)
 .debug_ranges  0x00000000000003d8       0x30 ../../newlib/libc.a(lib_a-stdio.o)
 .debug_ranges  0x0000000000000408       0x30 ../../newlib/libc.a(lib_a-wbuf.o)
 .debug_ranges  0x0000000000000438       0x10 ../../newlib/libc.a(lib_a-writer.o)
 .debug_ranges  0x0000000000000448       0x40 ../../newlib/libc.a(lib_a-wsetup.o)
 .debug_ranges  0x0000000000000488       0x28 ../../newlib/libc.a(lib_a-closer.o)
 .debug_ranges  0x00000000000004b0       0x68 ../../newlib/libc.a(lib_a-fflush.o)
 .debug_ranges  0x0000000000000518       0x30 ../../newlib/libc.a(lib_a-fvwrite.o)
 .debug_ranges  0x0000000000000548       0x10 ../../newlib/libc.a(lib_a-lseekr.o)
 .debug_ranges  0x0000000000000558       0x30 ../../newlib/libc.a(lib_a-makebuf.o)
 .debug_ranges  0x0000000000000588       0x10 ../../newlib/libc.a(lib_a-memchr-stub.o)
 .debug_ranges  0x0000000000000598       0x10 ../../newlib/libc.a(lib_a-memmove.o)
 .debug_ranges  0x00000000000005a8       0x10 ../../newlib/libc.a(lib_a-mlock.o)
 .debug_ranges  0x00000000000005b8       0x28 ../../newlib/libc.a(lib_a-nano-freer.o)
 .debug_ranges  0x00000000000005e0       0x10 ../../newlib/libc.a(lib_a-nano-reallocr.o)
 .debug_ranges  0x00000000000005f0       0x88 ../../newlib/libc.a(lib_a-nano-vfprintf_i.o)
 .debug_ranges  0x0000000000000678       0x10 ../../newlib/libc.a(lib_a-readr.o)
 .debug_ranges  0x0000000000000688       0x48 ../../newlib/libc.a(lib_a-reent.o)
 .debug_ranges  0x00000000000006d0       0x28 ../../newlib/libc.a(lib_a-fstatr.o)
 .debug_ranges  0x00000000000006f8       0x28 ../../newlib/libc.a(lib_a-isattyr.o)
 .debug_ranges  0x0000000000000720       0x10 ../../newlib/libc.a(lib_a-nano-msizer.o)
 .debug_ranges  0x0000000000000730       0x68 ../../libtock/build/cortex-m4/libtock.a(sys.o)
 .debug_ranges  0x0000000000000798       0x78 ../../libtock/build/cortex-m4/libtock.a(console.o)
 .debug_ranges  0x0000000000000810       0x10 ../../newlib/libc.a(lib_a-errno.o)
 .debug_ranges  0x0000000000000820       0x18 ../../newlib/libc.a(lib_a-malloc.o)
 .debug_ranges  0x0000000000000838       0x10 ../../newlib/libc.a(lib_a-strncpy.o)

.debug_line     0x0000000000000000     0x52a5
 .debug_line    0x0000000000000000       0xf3 build/cortex-m4/main.o
 .debug_line    0x00000000000000f3      0x2b9 ../../libtock/build/cortex-m4/libtock.a(alarm_timer.o)
 .debug_line    0x00000000000003ac      0x160 ../../libtock/build/cortex-m4/libtock.a(crt0.o)
 .debug_line    0x000000000000050c      0x2ac ../../libtock/build/cortex-m4/libtock.a(tock.o)
 .debug_line    0x00000000000007b8       0xfb ../../libtock/build/cortex-m4/libtock.a(led.o)
 .debug_line    0x00000000000008b3      0x161 ../../libtock/build/cortex-m4/libtock.a(alarm_internal.o)
 .debug_line    0x0000000000000a14      0x1a4 ../../newlib/libc.a(lib_a-exit.o)
 .debug_line    0x0000000000000bb8      0x119 ../../newlib/libc.a(lib_a-impure.o)
 .debug_line    0x0000000000000cd1      0x1b1 ../../newlib/libc.a(lib_a-memcpy-stub.o)
 .debug_line    0x0000000000000e82      0x216 ../../newlib/libc.a(lib_a-memset.o)
 .debug_line    0x0000000000001098      0x205 ../../newlib/libc.a(lib_a-printf.o)
 .debug_line    0x000000000000129d      0x303 ../../newlib/libc.a(lib_a-findfp.o)
 .debug_line    0x00000000000015a0      0x22b ../../newlib/libc.a(lib_a-fwalk.o)
 .debug_line    0x00000000000017cb      0x1f3 ../../newlib/libc.a(lib_a-nano-mallocr.o)
 .debug_line    0x00000000000019be      0x443 ../../newlib/libc.a(lib_a-nano-vfprintf.o)
 .debug_line    0x0000000000001e01      0x1ab ../../newlib/libc.a(lib_a-sbrkr.o)
 .debug_line    0x0000000000001fac      0x235 ../../newlib/libc.a(lib_a-stdio.o)
 .debug_line    0x00000000000021e1      0x241 ../../newlib/libc.a(lib_a-wbuf.o)
 .debug_line    0x0000000000002422      0x1a8 ../../newlib/libc.a(lib_a-writer.o)
 .debug_line    0x00000000000025ca      0x234 ../../newlib/libc.a(lib_a-wsetup.o)
 .debug_line    0x00000000000027fe      0x1ac ../../newlib/libc.a(lib_a-closer.o)
 .debug_line    0x00000000000029aa      0x2b2 ../../newlib/libc.a(lib_a-fflush.o)
 .debug_line    0x0000000000002c5c      0x2c3 ../../newlib/libc.a(lib_a-fvwrite.o)
 .debug_line    0x0000000000002f1f      0x1a8 ../../newlib/libc.a(lib_a-lseekr.o)
 .debug_line    0x00000000000030c7      0x2be ../../newlib/libc.a(lib_a-makebuf.o)
 .debug_line    0x0000000000003385      0x1b1 ../../newlib/libc.a(lib_a-memchr-stub.o)
 .debug_line    0x0000000000003536      0x226 ../../newlib/libc.a(lib_a-memmove.o)
 .debug_line    0x000000000000375c      0x129 ../../newlib/libc.a(lib_a-mlock.o)
 .debug_line    0x0000000000003885      0x17a ../../newlib/libc.a(lib_a-nano-freer.o)
 .debug_line    0x00000000000039ff      0x1b9 ../../newlib/libc.a(lib_a-nano-reallocr.o)
 .debug_line    0x0000000000003bb8      0x439 ../../newlib/libc.a(lib_a-nano-vfprintf_i.o)
 .debug_line    0x0000000000003ff1      0x1a7 ../../newlib/libc.a(lib_a-readr.o)
 .debug_line    0x0000000000004198      0x1d5 ../../newlib/libc.a(lib_a-reent.o)
 .debug_line    0x000000000000436d      0x24f ../../newlib/libc.a(lib_a-fstatr.o)
 .debug_line    0x00000000000045bc      0x1ad ../../newlib/libc.a(lib_a-isattyr.o)
 .debug_line    0x0000000000004769      0x13f ../../newlib/libc.a(lib_a-nano-msizer.o)
 .debug_line    0x00000000000048a8       0x78 ../../libc++/libgcc.a(_udivsi3.o)
 .debug_line    0x0000000000004920       0x86 ../../libc++/libgcc.a(_divsi3.o)
 .debug_line    0x00000000000049a6       0x61 ../../libc++/libgcc.a(_dvmd_tls.o)
 .debug_line    0x0000000000004a07      0x22f ../../libtock/build/cortex-m4/libtock.a(sys.o)
 .debug_line    0x0000000000004c36      0x1da ../../libtock/build/cortex-m4/libtock.a(console.o)
 .debug_line    0x0000000000004e10      0x136 ../../newlib/libc.a(lib_a-errno.o)
 .debug_line    0x0000000000004f46      0x1be ../../newlib/libc.a(lib_a-malloc.o)
 .debug_line    0x0000000000005104      0x1a1 ../../newlib/libc.a(lib_a-strncpy.o)

.debug_str      0x0000000000000000     0x22ec
 .debug_str     0x0000000000000000      0x53b build/cortex-m4/main.o
                                        0x61c (size before relaxing)
 .debug_str     0x000000000000053b      0x207 ../../libtock/build/cortex-m4/libtock.a(alarm_timer.o)
                                        0x7f0 (size before relaxing)
 .debug_str     0x0000000000000742       0xf9 ../../libtock/build/cortex-m4/libtock.a(crt0.o)
                                        0x71e (size before relaxing)
 .debug_str     0x000000000000083b      0x1c0 ../../libtock/build/cortex-m4/libtock.a(tock.o)
                                        0x838 (size before relaxing)
 .debug_str     0x00000000000009fb       0x27 ../../libtock/build/cortex-m4/libtock.a(led.o)
                                        0x629 (size before relaxing)
 .debug_str     0x0000000000000a22       0x41 ../../libtock/build/cortex-m4/libtock.a(alarm_internal.o)
                                        0x6a3 (size before relaxing)
 .debug_str     0x0000000000000a63      0x21d ../../newlib/libc.a(lib_a-exit.o)
                                        0x67f (size before relaxing)
 .debug_str     0x0000000000000c80       0xc3 ../../newlib/libc.a(lib_a-impure.o)
                                        0x633 (size before relaxing)
 .debug_str     0x0000000000000d43       0xdf ../../newlib/libc.a(lib_a-memcpy-stub.o)
                                        0x65d (size before relaxing)
 .debug_str     0x0000000000000e22      0x324 ../../newlib/libc.a(lib_a-memset.o)
                                        0x94c (size before relaxing)
 .debug_str     0x0000000000001146      0x1ed ../../newlib/libc.a(lib_a-printf.o)
                                        0x7ad (size before relaxing)
 .debug_str     0x0000000000001333      0x186 ../../newlib/libc.a(lib_a-findfp.o)
                                        0x8d7 (size before relaxing)
 .debug_str     0x00000000000014b9       0x51 ../../newlib/libc.a(lib_a-fwalk.o)
                                        0x7a9 (size before relaxing)
 .debug_str     0x000000000000150a      0x13e ../../newlib/libc.a(lib_a-nano-mallocr.o)
                                        0x77a (size before relaxing)
 .debug_str     0x0000000000001648      0x1d3 ../../newlib/libc.a(lib_a-nano-vfprintf.o)
                                        0xc94 (size before relaxing)
 .debug_str     0x000000000000181b       0x57 ../../newlib/libc.a(lib_a-sbrkr.o)
                                        0x676 (size before relaxing)
 .debug_str     0x0000000000001872       0xa2 ../../newlib/libc.a(lib_a-stdio.o)
                                        0x7fd (size before relaxing)
 .debug_str     0x0000000000001914       0x53 ../../newlib/libc.a(lib_a-wbuf.o)
                                        0x7bc (size before relaxing)
 .debug_str     0x0000000000001967       0x43 ../../newlib/libc.a(lib_a-writer.o)
                                        0x673 (size before relaxing)
 .debug_str     0x00000000000019aa       0x58 ../../newlib/libc.a(lib_a-wsetup.o)
                                        0x7b7 (size before relaxing)
 .debug_str     0x0000000000001a02       0x43 ../../newlib/libc.a(lib_a-closer.o)
                                        0x663 (size before relaxing)
 .debug_str     0x0000000000001a45       0x66 ../../newlib/libc.a(lib_a-fflush.o)
                                        0x7e5 (size before relaxing)
 .debug_str     0x0000000000001aab       0x75 ../../newlib/libc.a(lib_a-fvwrite.o)
                                        0x836 (size before relaxing)
 .debug_str     0x0000000000001b20       0x4a ../../newlib/libc.a(lib_a-lseekr.o)
                                        0x671 (size before relaxing)
 .debug_str     0x0000000000001b6a      0x16a ../../newlib/libc.a(lib_a-makebuf.o)
                                        0x923 (size before relaxing)
 .debug_str     0x0000000000001cd4       0x61 ../../newlib/libc.a(lib_a-memchr-stub.o)
                                        0x659 (size before relaxing)
 .debug_str     0x0000000000001d35       0x4e ../../newlib/libc.a(lib_a-memmove.o)
                                        0x967 (size before relaxing)
 .debug_str     0x0000000000001d83       0x5c ../../newlib/libc.a(lib_a-mlock.o)
                                        0x65f (size before relaxing)
 .debug_str     0x0000000000001ddf       0x24 ../../newlib/libc.a(lib_a-nano-freer.o)
                                        0x763 (size before relaxing)
 .debug_str     0x0000000000001e03       0x23 ../../newlib/libc.a(lib_a-nano-reallocr.o)
                                        0x760 (size before relaxing)
 .debug_str     0x0000000000001e26       0xa4 ../../newlib/libc.a(lib_a-nano-vfprintf_i.o)
                                        0xc1a (size before relaxing)
 .debug_str     0x0000000000001eca       0x42 ../../newlib/libc.a(lib_a-readr.o)
                                        0x671 (size before relaxing)
 .debug_str     0x0000000000001f0c       0x6e ../../newlib/libc.a(lib_a-reent.o)
                                        0x66f (size before relaxing)
 .debug_str     0x0000000000001f7a       0x50 ../../newlib/libc.a(lib_a-fstatr.o)
                                        0x7ca (size before relaxing)
 .debug_str     0x0000000000001fca       0x4c ../../newlib/libc.a(lib_a-isattyr.o)
                                        0x66d (size before relaxing)
 .debug_str     0x0000000000002016        0xf ../../newlib/libc.a(lib_a-nano-msizer.o)
                                        0x73e (size before relaxing)
 .debug_str     0x0000000000002025       0x84 ../../libtock/build/cortex-m4/libtock.a(sys.o)
                                        0x82c (size before relaxing)
 .debug_str     0x00000000000020a9       0xec ../../libtock/build/cortex-m4/libtock.a(console.o)
                                        0x741 (size before relaxing)
 .debug_str     0x0000000000002195       0xb6 ../../newlib/libc.a(lib_a-errno.o)
                                        0x645 (size before relaxing)
 .debug_str     0x000000000000224b       0x50 ../../newlib/libc.a(lib_a-malloc.o)
                                        0x664 (size before relaxing)
 .debug_str     0x000000000000229b       0x51 ../../newlib/libc.a(lib_a-strncpy.o)
                                        0x655 (size before relaxing)

.debug_frame    0x0000000000000000      0xf10
 .debug_frame   0x0000000000000000       0x2c build/cortex-m4/main.o
 .debug_frame   0x000000000000002c      0x18c ../../libtock/build/cortex-m4/libtock.a(alarm_timer.o)
 .debug_frame   0x00000000000001b8       0x28 ../../libtock/build/cortex-m4/libtock.a(crt0.o)
 .debug_frame   0x00000000000001e0      0x174 ../../libtock/build/cortex-m4/libtock.a(tock.o)
 .debug_frame   0x0000000000000354       0x50 ../../libtock/build/cortex-m4/libtock.a(led.o)
 .debug_frame   0x00000000000003a4       0x50 ../../libtock/build/cortex-m4/libtock.a(alarm_internal.o)
 .debug_frame   0x00000000000003f4       0x34 ../../newlib/libc.a(lib_a-exit.o)
 .debug_frame   0x0000000000000428       0x28 ../../newlib/libc.a(lib_a-memcpy-stub.o)
 .debug_frame   0x0000000000000450       0x20 ../../newlib/libc.a(lib_a-memset.o)
 .debug_frame   0x0000000000000470       0x54 ../../newlib/libc.a(lib_a-printf.o)
 .debug_frame   0x00000000000004c4      0x168 ../../newlib/libc.a(lib_a-findfp.o)
 .debug_frame   0x000000000000062c       0x50 ../../newlib/libc.a(lib_a-fwalk.o)
 .debug_frame   0x000000000000067c       0x34 ../../newlib/libc.a(lib_a-nano-mallocr.o)
 .debug_frame   0x00000000000006b0       0xa8 ../../newlib/libc.a(lib_a-nano-vfprintf.o)
 .debug_frame   0x0000000000000758       0x30 ../../newlib/libc.a(lib_a-sbrkr.o)
 .debug_frame   0x0000000000000788       0x90 ../../newlib/libc.a(lib_a-stdio.o)
 .debug_frame   0x0000000000000818       0x50 ../../newlib/libc.a(lib_a-wbuf.o)
 .debug_frame   0x0000000000000868       0x30 ../../newlib/libc.a(lib_a-writer.o)
 .debug_frame   0x0000000000000898       0x38 ../../newlib/libc.a(lib_a-wsetup.o)
 .debug_frame   0x00000000000008d0       0x30 ../../newlib/libc.a(lib_a-closer.o)
 .debug_frame   0x0000000000000900       0x70 ../../newlib/libc.a(lib_a-fflush.o)
 .debug_frame   0x0000000000000970       0x30 ../../newlib/libc.a(lib_a-fvwrite.o)
 .debug_frame   0x00000000000009a0       0x30 ../../newlib/libc.a(lib_a-lseekr.o)
 .debug_frame   0x00000000000009d0       0x58 ../../newlib/libc.a(lib_a-makebuf.o)
 .debug_frame   0x0000000000000a28       0x20 ../../newlib/libc.a(lib_a-memchr-stub.o)
 .debug_frame   0x0000000000000a48       0x28 ../../newlib/libc.a(lib_a-memmove.o)
 .debug_frame   0x0000000000000a70       0x30 ../../newlib/libc.a(lib_a-mlock.o)
 .debug_frame   0x0000000000000aa0       0x30 ../../newlib/libc.a(lib_a-nano-freer.o)
 .debug_frame   0x0000000000000ad0       0x30 ../../newlib/libc.a(lib_a-nano-reallocr.o)
 .debug_frame   0x0000000000000b00       0x58 ../../newlib/libc.a(lib_a-nano-vfprintf_i.o)
 .debug_frame   0x0000000000000b58       0x30 ../../newlib/libc.a(lib_a-readr.o)
 .debug_frame   0x0000000000000b88       0x50 ../../newlib/libc.a(lib_a-reent.o)
 .debug_frame   0x0000000000000bd8       0x30 ../../newlib/libc.a(lib_a-fstatr.o)
 .debug_frame   0x0000000000000c08       0x30 ../../newlib/libc.a(lib_a-isattyr.o)
 .debug_frame   0x0000000000000c38       0x20 ../../newlib/libc.a(lib_a-nano-msizer.o)
 .debug_frame   0x0000000000000c58       0x20 ../../libc++/libgcc.a(_udivsi3.o)
 .debug_frame   0x0000000000000c78       0x20 ../../libc++/libgcc.a(_divsi3.o)
 .debug_frame   0x0000000000000c98       0xf0 ../../libtock/build/cortex-m4/libtock.a(sys.o)
 .debug_frame   0x0000000000000d88       0xf0 ../../libtock/build/cortex-m4/libtock.a(console.o)
 .debug_frame   0x0000000000000e78       0x2c ../../newlib/libc.a(lib_a-errno.o)
 .debug_frame   0x0000000000000ea4       0x40 ../../newlib/libc.a(lib_a-malloc.o)
 .debug_frame   0x0000000000000ee4       0x2c ../../newlib/libc.a(lib_a-strncpy.o)
