alarm_timer.c:171:8:delay_cb	0	static
alarm_timer.c:185:8:yield_for_timeout_cb	0	static
alarm_timer.c:104:6:alarm_cancel	16	static
alarm_timer.c:124:10:alarm_read	8	static
alarm_timer.c:84:6:alarm_at	32	static
alarm_timer.c:138:13:repeating_cb	24	static
alarm_timer.c:63:13:callback	32	static
alarm_timer.c:130:6:timer_in	32	static
alarm_timer.c:151:6:timer_every	32	static
alarm_timer.c:166:6:timer_cancel	8	static
alarm_timer.c:170:6:delay_ms	56	static
alarm_timer.c:184:5:yield_for_with_timeout	64	static
