gpio_async.c:16:13:gpio_async_cb	0	static
gpio_async.c:27:5:gpio_async_set_callback	8	static
gpio_async.c:31:5:gpio_async_make_output	8	static
gpio_async.c:35:5:gpio_async_set	8	static
gpio_async.c:39:5:gpio_async_clear	8	static
gpio_async.c:43:5:gpio_async_toggle	8	static
gpio_async.c:47:5:gpio_async_make_input	8	static
gpio_async.c:51:5:gpio_async_read	8	static
gpio_async.c:55:5:gpio_async_enable_interrupt	8	static
gpio_async.c:59:5:gpio_async_disable_interrupt	8	static
gpio_async.c:63:5:gpio_async_disable	8	static
gpio_async.c:67:5:gpio_async_interrupt_callback	8	static
gpio_async.c:73:5:gpio_async_make_output_sync	24	static
gpio_async.c:89:5:gpio_async_set_sync	24	static
gpio_async.c:105:5:gpio_async_clear_sync	24	static
gpio_async.c:121:5:gpio_async_toggle_sync	24	static
gpio_async.c:137:5:gpio_async_make_input_sync	24	static
gpio_async.c:153:5:gpio_async_read_sync	24	static
gpio_async.c:169:5:gpio_async_enable_interrupt_sync	24	static
gpio_async.c:185:5:gpio_async_disable_interrupt_sync	24	static
gpio_async.c:201:5:gpio_async_disable_sync	24	static
