i2c_master_slave.c:13:13:i2c_master_slave_cb	0	static
i2c_master_slave.c:24:5:i2c_master_slave_set_callback	8	static
i2c_master_slave.c:28:5:i2c_master_slave_set_master_write_buffer	8	static
i2c_master_slave.c:32:5:i2c_master_slave_set_master_read_buffer	8	static
i2c_master_slave.c:36:5:i2c_master_slave_set_slave_read_buffer	8	static
i2c_master_slave.c:40:5:i2c_master_slave_set_slave_write_buffer	8	static
i2c_master_slave.c:44:5:i2c_master_slave_write	8	static
i2c_master_slave.c:49:5:i2c_master_slave_write_read	8	static
i2c_master_slave.c:54:5:i2c_master_slave_read	8	static
i2c_master_slave.c:59:5:i2c_master_slave_listen	8	static
i2c_master_slave.c:63:5:i2c_master_slave_set_slave_address	8	static
i2c_master_slave.c:67:5:i2c_master_slave_enable_slave_read	8	static
i2c_master_slave.c:71:5:i2c_master_slave_write_sync	24	static
i2c_master_slave.c:87:5:i2c_master_slave_write_read_sync	24	static
i2c_master_slave.c:103:5:i2c_master_slave_read_sync	24	static
