ieee802154.c:293:13:tx_done_callback	12	static
ieee802154.c:341:13:rx_done_callback	0	static
ieee802154.c:397:13:ieee802154_get_addressing.part.0	20	static
ieee802154.c:56:5:ieee802154_down	0	static
ieee802154.c:62:6:ieee802154_is_up	8	static
ieee802154.c:48:5:ieee802154_up	8	static
ieee802154.c:66:5:ieee802154_set_address	8	static
ieee802154.c:70:5:ieee802154_set_address_long	8	static
ieee802154.c:77:5:ieee802154_set_pan	8	static
ieee802154.c:81:5:ieee802154_set_channel	8	static
ieee802154.c:85:5:ieee802154_set_power	8	static
ieee802154.c:90:5:ieee802154_config_commit	8	static
ieee802154.c:94:5:ieee802154_get_address	8	static
ieee802154.c:104:5:ieee802154_get_address_long	8	static
ieee802154.c:111:5:ieee802154_get_pan	8	static
ieee802154.c:121:5:ieee802154_get_channel	8	static
ieee802154.c:131:5:ieee802154_get_power	8	static
ieee802154.c:141:5:ieee802154_max_neighbors	8	static
ieee802154.c:147:5:ieee802154_num_neighbors	8	static
ieee802154.c:153:5:ieee802154_get_neighbor_address	8	static
ieee802154.c:163:5:ieee802154_get_neighbor_address_long	8	static
ieee802154.c:170:5:ieee802154_get_neighbor	16	static
ieee802154.c:178:5:ieee802154_add_neighbor	16	static
ieee802154.c:190:5:ieee802154_remove_neighbor	8	static
ieee802154.c:194:5:ieee802154_max_keys	8	static
ieee802154.c:200:5:ieee802154_num_keys	8	static
ieee802154.c:206:5:ieee802154_get_key_security_level	8	static
ieee802154.c:216:5:ieee802154_key_id_bytes	4	static
ieee802154.c:230:5:ieee802154_get_key_id	32	static
ieee802154.c:244:5:ieee802154_get_key	8	static
ieee802154.c:251:5:ieee802154_get_key_desc	16	static
ieee802154.c:263:5:ieee802154_add_key	32	static
ieee802154.c:286:5:ieee802154_remove_key	8	static
ieee802154.c:302:5:ieee802154_send	48	static
ieee802154.c:348:5:ieee802154_receive_sync	24	static
ieee802154.c:363:5:ieee802154_receive	8	static
ieee802154.c:372:5:ieee802154_frame_get_length	0	static
ieee802154.c:378:5:ieee802154_frame_get_payload_offset	0	static
ieee802154.c:383:5:ieee802154_frame_get_payload_length	0	static
ieee802154.c:462:13:ieee802154_frame_get_dst_addr	48	static
ieee802154.c:493:13:ieee802154_frame_get_src_addr	56	static
ieee802154.c:527:6:ieee802154_frame_get_dst_pan	40	static
ieee802154.c:550:6:ieee802154_frame_get_src_pan	56	static
