spi.c:50:13:spi_cb	0	static
spi.c:4:5:spi_init	0	static
spi.c:7:5:spi_set_chip_select	8	static
spi.c:10:5:spi_get_chip_select	8	static
spi.c:13:5:spi_set_rate	8	static
spi.c:16:5:spi_get_rate	8	static
spi.c:19:5:spi_set_phase	8	static
spi.c:22:5:spi_get_phase	8	static
spi.c:25:5:spi_set_polarity	8	static
spi.c:28:5:spi_get_polarity	8	static
spi.c:31:5:spi_hold_low	8	static
spi.c:34:5:spi_release_low	8	static
spi.c:37:5:spi_write_byte	8	static
spi.c:41:5:spi_read_buf	8	static
spi.c:57:5:spi_write	16	static
spi.c:77:5:spi_read_write	16	static
spi.c:89:5:spi_write_sync	24	static
spi.c:97:5:spi_read_write_sync	40	static
