Archive member included to satisfy reference by file (symbol)

../../libtock/build/cortex-m0/libtock.a(crt0.o)
                              (_start)
../../libtock/build/cortex-m0/libtock.a(tock.o)
                              ../../libtock/build/cortex-m0/libtock.a(crt0.o) (yield)
../../libtock/build/cortex-m0/libtock.a(console.o)
                              build/cortex-m0/main.o (putnstr_async)
../../newlib/libc.a(lib_a-exit.o)
                              ../../libtock/build/cortex-m0/libtock.a(tock.o) (exit)
../../newlib/libc.a(lib_a-impure.o)
                              ../../newlib/libc.a(lib_a-exit.o) (_global_impure_ptr)
../../newlib/libc.a(lib_a-malloc.o)
                              ../../libtock/build/cortex-m0/libtock.a(console.o) (malloc)
../../newlib/libc.a(lib_a-memcpy-stub.o)
                              ../../libtock/build/cortex-m0/libtock.a(crt0.o) (memcpy)
../../newlib/libc.a(lib_a-memset.o)
                              ../../libtock/build/cortex-m0/libtock.a(crt0.o) (memset)
../../newlib/libc.a(lib_a-nano-freer.o)
                              ../../newlib/libc.a(lib_a-malloc.o) (_free_r)
../../newlib/libc.a(lib_a-nano-mallocr.o)
                              ../../newlib/libc.a(lib_a-malloc.o) (_malloc_r)
../../newlib/libc.a(lib_a-printf.o)
                              ../../libtock/build/cortex-m0/libtock.a(tock.o) (printf)
../../newlib/libc.a(lib_a-sbrkr.o)
                              ../../newlib/libc.a(lib_a-nano-mallocr.o) (_sbrk_r)
../../newlib/libc.a(lib_a-strncpy.o)
                              ../../libtock/build/cortex-m0/libtock.a(console.o) (strncpy)
../../newlib/libc.a(lib_a-findfp.o)
                              ../../newlib/libc.a(lib_a-printf.o) (__sinit)
../../newlib/libc.a(lib_a-fwalk.o)
                              ../../newlib/libc.a(lib_a-findfp.o) (_fwalk)
../../newlib/libc.a(lib_a-mlock.o)
                              ../../newlib/libc.a(lib_a-nano-freer.o) (__malloc_lock)
../../newlib/libc.a(lib_a-nano-vfprintf.o)
                              ../../newlib/libc.a(lib_a-printf.o) (_vfprintf_r)
../../newlib/libc.a(lib_a-reent.o)
                              ../../newlib/libc.a(lib_a-sbrkr.o) (errno)
../../newlib/libc.a(lib_a-stdio.o)
                              ../../newlib/libc.a(lib_a-findfp.o) (__sread)
../../newlib/libc.a(lib_a-wbuf.o)
                              ../../newlib/libc.a(lib_a-nano-vfprintf.o) (__swbuf_r)
../../newlib/libc.a(lib_a-writer.o)
                              ../../newlib/libc.a(lib_a-stdio.o) (_write_r)
../../newlib/libc.a(lib_a-wsetup.o)
                              ../../newlib/libc.a(lib_a-nano-vfprintf.o) (__swsetup_r)
../../newlib/libc.a(lib_a-closer.o)
                              ../../newlib/libc.a(lib_a-stdio.o) (_close_r)
../../newlib/libc.a(lib_a-fflush.o)
                              ../../newlib/libc.a(lib_a-findfp.o) (_fflush_r)
../../newlib/libc.a(lib_a-fvwrite.o)
                              ../../newlib/libc.a(lib_a-nano-vfprintf.o) (__sfvwrite_r)
../../newlib/libc.a(lib_a-lseekr.o)
                              ../../newlib/libc.a(lib_a-stdio.o) (_lseek_r)
../../newlib/libc.a(lib_a-makebuf.o)
                              ../../newlib/libc.a(lib_a-wsetup.o) (__smakebuf_r)
../../newlib/libc.a(lib_a-memchr-stub.o)
                              ../../newlib/libc.a(lib_a-nano-vfprintf.o) (memchr)
../../newlib/libc.a(lib_a-memmove.o)
                              ../../newlib/libc.a(lib_a-fvwrite.o) (memmove)
../../newlib/libc.a(lib_a-nano-reallocr.o)
                              ../../newlib/libc.a(lib_a-fvwrite.o) (_realloc_r)
../../newlib/libc.a(lib_a-nano-vfprintf_i.o)
                              ../../newlib/libc.a(lib_a-nano-vfprintf.o) (_printf_i)
../../newlib/libc.a(lib_a-readr.o)
                              ../../newlib/libc.a(lib_a-stdio.o) (_read_r)
../../newlib/libc.a(lib_a-fstatr.o)
                              ../../newlib/libc.a(lib_a-makebuf.o) (_fstat_r)
../../newlib/libc.a(lib_a-isattyr.o)
                              ../../newlib/libc.a(lib_a-makebuf.o) (_isatty_r)
../../newlib/libc.a(lib_a-nano-msizer.o)
                              ../../newlib/libc.a(lib_a-nano-reallocr.o) (_malloc_usable_size_r)
../../libc++/libgcc.a(_thumb1_case_uqi.o)
                              ../../libtock/build/cortex-m0/libtock.a(tock.o) (__gnu_thumb1_case_uqi)
../../libc++/libgcc.a(_udivsi3.o)
                              ../../newlib/libc.a(lib_a-nano-vfprintf_i.o) (__aeabi_uidiv)
../../libc++/libgcc.a(_divsi3.o)
                              ../../newlib/libc.a(lib_a-fvwrite.o) (__aeabi_idiv)
../../libc++/libgcc.a(_dvmd_tls.o)
                              ../../libc++/libgcc.a(_udivsi3.o) (__aeabi_idiv0)
../../libtock/build/cortex-m0/libtock.a(sys.o)
                              ../../newlib/libc.a(lib_a-isattyr.o) (_isatty)
../../newlib/libc.a(lib_a-errno.o)
                              ../../libtock/build/cortex-m0/libtock.a(sys.o) (__errno)

Allocating common symbols
Common symbol       size              file

errno               0x4               ../../newlib/libc.a(lib_a-reent.o)

Discarded input sections

 .text          0x0000000000000000        0x0 build/cortex-m0/main.o
 .text          0x0000000000000000        0x0 ../../libtock/build/cortex-m0/libtock.a(crt0.o)
 .text          0x0000000000000000        0x0 ../../libtock/build/cortex-m0/libtock.a(tock.o)
 .text.tock_enqueue
                0x0000000000000000       0x6c ../../libtock/build/cortex-m0/libtock.a(tock.o)
 .text.yield_for
                0x0000000000000000       0x12 ../../libtock/build/cortex-m0/libtock.a(tock.o)
 .text.tock_app_memory_begins_at
                0x0000000000000000        0xc ../../libtock/build/cortex-m0/libtock.a(tock.o)
 .text.tock_app_memory_ends_at
                0x0000000000000000        0xc ../../libtock/build/cortex-m0/libtock.a(tock.o)
 .text.tock_app_flash_begins_at
                0x0000000000000000        0xc ../../libtock/build/cortex-m0/libtock.a(tock.o)
 .text.tock_app_flash_ends_at
                0x0000000000000000        0xc ../../libtock/build/cortex-m0/libtock.a(tock.o)
 .text.tock_app_grant_begins_at
                0x0000000000000000        0xc ../../libtock/build/cortex-m0/libtock.a(tock.o)
 .text.tock_app_number_writeable_flash_regions
                0x0000000000000000        0xc ../../libtock/build/cortex-m0/libtock.a(tock.o)
 .text.tock_app_writeable_flash_region_begins_at
                0x0000000000000000        0xc ../../libtock/build/cortex-m0/libtock.a(tock.o)
 .text.tock_app_writeable_flash_region_ends_at
                0x0000000000000000        0xc ../../libtock/build/cortex-m0/libtock.a(tock.o)
 .text.driver_exists
                0x0000000000000000       0x12 ../../libtock/build/cortex-m0/libtock.a(tock.o)
 .text.tock_strerror
                0x0000000000000000       0xa0 ../../libtock/build/cortex-m0/libtock.a(tock.o)
 .text.tock_expect
                0x0000000000000000       0x54 ../../libtock/build/cortex-m0/libtock.a(tock.o)
 .rodata.tock_expect.str1.1
                0x0000000000000000       0x65 ../../libtock/build/cortex-m0/libtock.a(tock.o)
 .rodata.tock_strerror.str1.1
                0x0000000000000000      0x1aa ../../libtock/build/cortex-m0/libtock.a(tock.o)
 .text          0x0000000000000000        0x0 ../../libtock/build/cortex-m0/libtock.a(console.o)
 .text.getnstr_cb
                0x0000000000000000       0x18 ../../libtock/build/cortex-m0/libtock.a(console.o)
 .text.putnstr  0x0000000000000000       0xa0 ../../libtock/build/cortex-m0/libtock.a(console.o)
 .text.putstr_cb
                0x0000000000000000       0x48 ../../libtock/build/cortex-m0/libtock.a(console.o)
 .text.getnstr_async
                0x0000000000000000       0x36 ../../libtock/build/cortex-m0/libtock.a(console.o)
 .text.getnstr  0x0000000000000000       0x40 ../../libtock/build/cortex-m0/libtock.a(console.o)
 .text.getch    0x0000000000000000       0x1c ../../libtock/build/cortex-m0/libtock.a(console.o)
 .text.getnstr_abort
                0x0000000000000000       0x10 ../../libtock/build/cortex-m0/libtock.a(console.o)
 .text          0x0000000000000000        0x0 ../../newlib/libc.a(lib_a-exit.o)
 .text.exit     0x0000000000000000       0x38 ../../newlib/libc.a(lib_a-exit.o)
 .text          0x0000000000000000        0x0 ../../newlib/libc.a(lib_a-impure.o)
 .text          0x0000000000000000        0x0 ../../newlib/libc.a(lib_a-malloc.o)
 .text.malloc   0x0000000000000000       0x1c ../../newlib/libc.a(lib_a-malloc.o)
 .text.free     0x0000000000000000       0x1c ../../newlib/libc.a(lib_a-malloc.o)
 .text          0x0000000000000000        0x0 ../../newlib/libc.a(lib_a-memcpy-stub.o)
 .text          0x0000000000000000        0x0 ../../newlib/libc.a(lib_a-memset.o)
 .text          0x0000000000000000        0x0 ../../newlib/libc.a(lib_a-nano-freer.o)
 .text._free_r  0x0000000000000000       0xa0 ../../newlib/libc.a(lib_a-nano-freer.o)
 .text          0x0000000000000000        0x0 ../../newlib/libc.a(lib_a-nano-mallocr.o)
 .text._malloc_r
                0x0000000000000000       0xcc ../../newlib/libc.a(lib_a-nano-mallocr.o)
 .text          0x0000000000000000        0x0 ../../newlib/libc.a(lib_a-printf.o)
 .text._printf_r
                0x0000000000000000       0x2c ../../newlib/libc.a(lib_a-printf.o)
 .text.printf   0x0000000000000000       0x44 ../../newlib/libc.a(lib_a-printf.o)
 .text          0x0000000000000000        0x0 ../../newlib/libc.a(lib_a-sbrkr.o)
 .text._sbrk_r  0x0000000000000000       0x30 ../../newlib/libc.a(lib_a-sbrkr.o)
 .text          0x0000000000000000        0x0 ../../newlib/libc.a(lib_a-strncpy.o)
 .text.strncpy  0x0000000000000000       0x2a ../../newlib/libc.a(lib_a-strncpy.o)
 .text          0x0000000000000000        0x0 ../../newlib/libc.a(lib_a-findfp.o)
 .text.__fp_unlock
                0x0000000000000000        0x4 ../../newlib/libc.a(lib_a-findfp.o)
 .text._cleanup_r
                0x0000000000000000       0x20 ../../newlib/libc.a(lib_a-findfp.o)
 .text.std.isra.0
                0x0000000000000000       0x64 ../../newlib/libc.a(lib_a-findfp.o)
 .text.__fp_lock
                0x0000000000000000        0x4 ../../newlib/libc.a(lib_a-findfp.o)
 .text.__sfmoreglue
                0x0000000000000000       0x2c ../../newlib/libc.a(lib_a-findfp.o)
 .text._cleanup
                0x0000000000000000       0x18 ../../newlib/libc.a(lib_a-findfp.o)
 .text.__sfp_lock_acquire
                0x0000000000000000        0x2 ../../newlib/libc.a(lib_a-findfp.o)
 .text.__sfp_lock_release
                0x0000000000000000        0x2 ../../newlib/libc.a(lib_a-findfp.o)
 .text.__sinit_lock_acquire
                0x0000000000000000        0x2 ../../newlib/libc.a(lib_a-findfp.o)
 .text.__sinit_lock_release
                0x0000000000000000        0x2 ../../newlib/libc.a(lib_a-findfp.o)
 .text.__sinit  0x0000000000000000       0x84 ../../newlib/libc.a(lib_a-findfp.o)
 .text.__sfp    0x0000000000000000       0x94 ../../newlib/libc.a(lib_a-findfp.o)
 .text.__fp_lock_all
                0x0000000000000000       0x30 ../../newlib/libc.a(lib_a-findfp.o)
 .text.__fp_unlock_all
                0x0000000000000000       0x30 ../../newlib/libc.a(lib_a-findfp.o)
 .text          0x0000000000000000        0x0 ../../newlib/libc.a(lib_a-fwalk.o)
 .text._fwalk   0x0000000000000000       0x3a ../../newlib/libc.a(lib_a-fwalk.o)
 .text._fwalk_reent
                0x0000000000000000       0x44 ../../newlib/libc.a(lib_a-fwalk.o)
 .text          0x0000000000000000        0x0 ../../newlib/libc.a(lib_a-mlock.o)
 .text.__malloc_lock
                0x0000000000000000        0x2 ../../newlib/libc.a(lib_a-mlock.o)
 .text.__malloc_unlock
                0x0000000000000000        0x2 ../../newlib/libc.a(lib_a-mlock.o)
 .text          0x0000000000000000        0x0 ../../newlib/libc.a(lib_a-nano-vfprintf.o)
 .text.__sfputc_r
                0x0000000000000000       0x2a ../../newlib/libc.a(lib_a-nano-vfprintf.o)
 .text.__sfputs_r
                0x0000000000000000       0x24 ../../newlib/libc.a(lib_a-nano-vfprintf.o)
 .text.__sprint_r
                0x0000000000000000       0x1c ../../newlib/libc.a(lib_a-nano-vfprintf.o)
 .text._vfprintf_r
                0x0000000000000000      0x288 ../../newlib/libc.a(lib_a-nano-vfprintf.o)
 .text.vfprintf
                0x0000000000000000       0x24 ../../newlib/libc.a(lib_a-nano-vfprintf.o)
 .rodata._vfprintf_r.str1.1
                0x0000000000000000       0x11 ../../newlib/libc.a(lib_a-nano-vfprintf.o)
 .text          0x0000000000000000        0x0 ../../newlib/libc.a(lib_a-reent.o)
 .text.cleanup_glue
                0x0000000000000000       0x1a ../../newlib/libc.a(lib_a-reent.o)
 .text._reclaim_reent
                0x0000000000000000       0xd8 ../../newlib/libc.a(lib_a-reent.o)
 COMMON         0x0000000000000000        0x4 ../../newlib/libc.a(lib_a-reent.o)
 .text          0x0000000000000000        0x0 ../../newlib/libc.a(lib_a-stdio.o)
 .text.__sread  0x0000000000000000       0x28 ../../newlib/libc.a(lib_a-stdio.o)
 .text.__seofread
                0x0000000000000000        0x4 ../../newlib/libc.a(lib_a-stdio.o)
 .text.__swrite
                0x0000000000000000       0x38 ../../newlib/libc.a(lib_a-stdio.o)
 .text.__sseek  0x0000000000000000       0x2c ../../newlib/libc.a(lib_a-stdio.o)
 .text.__sclose
                0x0000000000000000        0xc ../../newlib/libc.a(lib_a-stdio.o)
 .text          0x0000000000000000        0x0 ../../newlib/libc.a(lib_a-wbuf.o)
 .text.__swbuf_r
                0x0000000000000000       0xc8 ../../newlib/libc.a(lib_a-wbuf.o)
 .text.__swbuf  0x0000000000000000       0x20 ../../newlib/libc.a(lib_a-wbuf.o)
 .text          0x0000000000000000        0x0 ../../newlib/libc.a(lib_a-writer.o)
 .text._write_r
                0x0000000000000000       0x34 ../../newlib/libc.a(lib_a-writer.o)
 .text          0x0000000000000000        0x0 ../../newlib/libc.a(lib_a-wsetup.o)
 .text.__swsetup_r
                0x0000000000000000      0x108 ../../newlib/libc.a(lib_a-wsetup.o)
 .text          0x0000000000000000        0x0 ../../newlib/libc.a(lib_a-closer.o)
 .text._close_r
                0x0000000000000000       0x30 ../../newlib/libc.a(lib_a-closer.o)
 .text          0x0000000000000000        0x0 ../../newlib/libc.a(lib_a-fflush.o)
 .text.__sflush_r
                0x0000000000000000      0x11c ../../newlib/libc.a(lib_a-fflush.o)
 .text._fflush_r
                0x0000000000000000       0x74 ../../newlib/libc.a(lib_a-fflush.o)
 .text.fflush   0x0000000000000000       0x40 ../../newlib/libc.a(lib_a-fflush.o)
 .text          0x0000000000000000        0x0 ../../newlib/libc.a(lib_a-fvwrite.o)
 .text.__sfvwrite_r
                0x0000000000000000      0x2c4 ../../newlib/libc.a(lib_a-fvwrite.o)
 .text          0x0000000000000000        0x0 ../../newlib/libc.a(lib_a-lseekr.o)
 .text._lseek_r
                0x0000000000000000       0x34 ../../newlib/libc.a(lib_a-lseekr.o)
 .text          0x0000000000000000        0x0 ../../newlib/libc.a(lib_a-makebuf.o)
 .text.__swhatbuf_r
                0x0000000000000000       0x50 ../../newlib/libc.a(lib_a-makebuf.o)
 .text.__smakebuf_r
                0x0000000000000000       0x98 ../../newlib/libc.a(lib_a-makebuf.o)
 .text          0x0000000000000000        0x0 ../../newlib/libc.a(lib_a-memchr-stub.o)
 .text.memchr   0x0000000000000000       0x16 ../../newlib/libc.a(lib_a-memchr-stub.o)
 .text          0x0000000000000000        0x0 ../../newlib/libc.a(lib_a-memmove.o)
 .text.memmove  0x0000000000000000       0x24 ../../newlib/libc.a(lib_a-memmove.o)
 .text          0x0000000000000000        0x0 ../../newlib/libc.a(lib_a-nano-reallocr.o)
 .text._realloc_r
                0x0000000000000000       0x4c ../../newlib/libc.a(lib_a-nano-reallocr.o)
 .text          0x0000000000000000        0x0 ../../newlib/libc.a(lib_a-nano-vfprintf_i.o)
 .text._printf_common
                0x0000000000000000       0xdc ../../newlib/libc.a(lib_a-nano-vfprintf_i.o)
 .text._printf_i
                0x0000000000000000      0x248 ../../newlib/libc.a(lib_a-nano-vfprintf_i.o)
 .rodata._printf_i.str1.1
                0x0000000000000000       0x22 ../../newlib/libc.a(lib_a-nano-vfprintf_i.o)
 .text          0x0000000000000000        0x0 ../../newlib/libc.a(lib_a-readr.o)
 .text._read_r  0x0000000000000000       0x34 ../../newlib/libc.a(lib_a-readr.o)
 .text          0x0000000000000000        0x0 ../../newlib/libc.a(lib_a-fstatr.o)
 .text._fstat_r
                0x0000000000000000       0x30 ../../newlib/libc.a(lib_a-fstatr.o)
 .text          0x0000000000000000        0x0 ../../newlib/libc.a(lib_a-isattyr.o)
 .text._isatty_r
                0x0000000000000000       0x30 ../../newlib/libc.a(lib_a-isattyr.o)
 .text          0x0000000000000000        0x0 ../../newlib/libc.a(lib_a-nano-msizer.o)
 .text._malloc_usable_size_r
                0x0000000000000000       0x10 ../../newlib/libc.a(lib_a-nano-msizer.o)
 .text          0x0000000000000000       0x14 ../../libc++/libgcc.a(_thumb1_case_uqi.o)
 .text          0x0000000000000000       0x9c ../../libc++/libgcc.a(_udivsi3.o)
 .text          0x0000000000000000       0xc0 ../../libc++/libgcc.a(_divsi3.o)
 .text          0x0000000000000000        0x4 ../../libc++/libgcc.a(_dvmd_tls.o)
 .text          0x0000000000000000        0x0 ../../libtock/build/cortex-m0/libtock.a(sys.o)
 .text._unlink  0x0000000000000000        0x6 ../../libtock/build/cortex-m0/libtock.a(sys.o)
 .text._isatty  0x0000000000000000        0x6 ../../libtock/build/cortex-m0/libtock.a(sys.o)
 .text._open    0x0000000000000000        0xa ../../libtock/build/cortex-m0/libtock.a(sys.o)
 .text._write   0x0000000000000000       0x10 ../../libtock/build/cortex-m0/libtock.a(sys.o)
 .text._close   0x0000000000000000        0x6 ../../libtock/build/cortex-m0/libtock.a(sys.o)
 .text._fstat   0x0000000000000000        0xa ../../libtock/build/cortex-m0/libtock.a(sys.o)
 .text._lseek   0x0000000000000000        0x4 ../../libtock/build/cortex-m0/libtock.a(sys.o)
 .text._read    0x0000000000000000        0x4 ../../libtock/build/cortex-m0/libtock.a(sys.o)
 .text._exit    0x0000000000000000        0x2 ../../libtock/build/cortex-m0/libtock.a(sys.o)
 .text._getpid  0x0000000000000000        0x4 ../../libtock/build/cortex-m0/libtock.a(sys.o)
 .text._kill    0x0000000000000000        0x6 ../../libtock/build/cortex-m0/libtock.a(sys.o)
 .text._sbrk    0x0000000000000000       0x1e ../../libtock/build/cortex-m0/libtock.a(sys.o)
 .text          0x0000000000000000        0x0 ../../newlib/libc.a(lib_a-errno.o)
 .text.__errno  0x0000000000000000       0x18 ../../newlib/libc.a(lib_a-errno.o)

Memory Configuration

Name             Origin             Length             Attributes
FLASH            0x0000000080000000 0x0000000000040000 xr
SRAM             0x0000000000000000 0x0000000000010000 xrw
*default*        0x0000000000000000 0xffffffffffffffff

Linker script and memory map

                0x0000000000000800                STACK_SIZE = 0x800
                0x0000000000000400                APP_HEAP_SIZE = 0x400
                0x0000000000000400                KERNEL_HEAP_SIZE = 0x400
START GROUP
LOAD build/cortex-m0/main.o
LOAD ../../libtock/build/cortex-m0/libtock.a
LOAD ../../newlib/libc.a
LOAD ../../newlib/libm.a
LOAD ../../libc++/libstdc++.a
LOAD ../../libc++/libsupc++.a
LOAD ../../libc++/libgcc.a
END GROUP
                0x0000000000040000                PROG_LENGTH = 0x40000
                0x0000000000010000                RAM_LENGTH = 0x10000

.crt0_header    0x0000000080000000       0x28
                0x0000000080000000                _beginning = .
                0x0000000080000000        0x4 LONG 0x22c (LOADADDR (.got) - _beginning)
                0x0000000080000004        0x4 LONG 0x0 _got
                0x0000000080000008        0x4 LONG 0x20 SIZEOF (.got)
                0x000000008000000c        0x4 LONG 0x24c (LOADADDR (.data) - _beginning)
                0x0000000080000010        0x4 LONG 0x20 _data
                0x0000000080000014        0x4 LONG 0x80 SIZEOF (.data)
                0x0000000080000018        0x4 LONG 0xa0 _bss
                0x000000008000001c        0x4 LONG 0x15c SIZEOF (.bss)
                0x0000000080000020        0x4 LONG 0x2cc (LOADADDR (.endflash) - _beginning)
                0x0000000080000024        0x4 LONG 0x800 STACK_SIZE

.wfr.app_state  0x0000000080000028        0x0
 *(.app_state)
                0x0000000080000028                . = ALIGN (0x4)

.text           0x0000000080000028      0x204
                0x0000000080000028                . = ALIGN (0x4)
                0x0000000080000028                _text = .
 *(.start)
 .start         0x0000000080000028       0xba ../../libtock/build/cortex-m0/libtock.a(crt0.o)
                0x0000000080000028                _start
 *(.text*)
 .text.nop      0x00000000800000e2        0x2 build/cortex-m0/main.o
 .text.startup.main
                0x00000000800000e4       0x24 build/cortex-m0/main.o
                0x00000000800000e4                main
 .text.yield    0x0000000080000108       0x5c ../../libtock/build/cortex-m0/libtock.a(tock.o)
                0x0000000080000108                yield
 .text.subscribe
                0x0000000080000164        0x4 ../../libtock/build/cortex-m0/libtock.a(tock.o)
                0x0000000080000164                subscribe
 .text.command  0x0000000080000168        0x4 ../../libtock/build/cortex-m0/libtock.a(tock.o)
                0x0000000080000168                command
 .text.allow    0x000000008000016c        0x4 ../../libtock/build/cortex-m0/libtock.a(tock.o)
                0x000000008000016c                allow
 .text.memop    0x0000000080000170        0x4 ../../libtock/build/cortex-m0/libtock.a(tock.o)
                0x0000000080000170                memop
 .text.putnstr_async
                0x0000000080000174       0x36 ../../libtock/build/cortex-m0/libtock.a(console.o)
                0x0000000080000174                putnstr_async
 .text.memcpy   0x00000000800001aa       0x12 ../../newlib/libc.a(lib_a-memcpy-stub.o)
                0x00000000800001aa                memcpy
 .text.memset   0x00000000800001bc       0x10 ../../newlib/libc.a(lib_a-memset.o)
                0x00000000800001bc                memset
 *(.rodata*)
 .rodata.__sf_fake_stderr
                0x00000000800001cc       0x20 ../../newlib/libc.a(lib_a-findfp.o)
                0x00000000800001cc                __sf_fake_stderr
 .rodata.__sf_fake_stdin
                0x00000000800001ec       0x20 ../../newlib/libc.a(lib_a-findfp.o)
                0x00000000800001ec                __sf_fake_stdin
 .rodata.__sf_fake_stdout
                0x000000008000020c       0x20 ../../newlib/libc.a(lib_a-findfp.o)
                0x000000008000020c                __sf_fake_stdout
 *(.syscalls)
                0x000000008000022c                _etext = .
 *(.ARM.extab*)
                0x000000008000022c                . = ALIGN (0x4)

.glue_7         0x000000008000022c        0x0
 .glue_7        0x000000008000022c        0x0 linker stubs

.glue_7t        0x000000008000022c        0x0
 .glue_7t       0x000000008000022c        0x0 linker stubs

.vfp11_veneer   0x000000008000022c        0x0
 .vfp11_veneer  0x000000008000022c        0x0 linker stubs

.v4_bx          0x000000008000022c        0x0
 .v4_bx         0x000000008000022c        0x0 linker stubs

.iplt           0x000000008000022c        0x0
 .iplt          0x000000008000022c        0x0 build/cortex-m0/main.o

.rel.dyn        0x000000008000022c        0x0
 .rel.iplt      0x000000008000022c        0x0 build/cortex-m0/main.o
 .rel.got       0x000000008000022c        0x0 build/cortex-m0/main.o

.got            0x0000000000000000       0x20 load address 0x000000008000022c
                0x0000000000000000                . = ALIGN (0x4)
                0x0000000000000000                _got = .
 *(.got*)
 .got           0x0000000000000000       0x14 build/cortex-m0/main.o
 .got.plt       0x0000000000000014        0xc build/cortex-m0/main.o
                0x0000000000000014                _GLOBAL_OFFSET_TABLE_
 *(.got.plt*)
                0x0000000000000020                . = ALIGN (0x4)

.data           0x0000000000000020       0x80 load address 0x000000008000024c
                0x0000000000000020                . = ALIGN (0x4)
                0x0000000000000020                _data = .
 *(.data*)
 .data          0x0000000000000020        0x0 build/cortex-m0/main.o
 .data.hello    0x0000000000000020        0xf build/cortex-m0/main.o
                0x0000000000000020                hello
 .data          0x000000000000002f        0x0 ../../libtock/build/cortex-m0/libtock.a(crt0.o)
 .data          0x000000000000002f        0x0 ../../libtock/build/cortex-m0/libtock.a(tock.o)
 .data          0x000000000000002f        0x0 ../../libtock/build/cortex-m0/libtock.a(console.o)
 *fill*         0x000000000000002f        0x1 
 .data.getnstr_data
                0x0000000000000030        0x8 ../../libtock/build/cortex-m0/libtock.a(console.o)
 .data          0x0000000000000038        0x0 ../../newlib/libc.a(lib_a-exit.o)
 .data          0x0000000000000038        0x0 ../../newlib/libc.a(lib_a-impure.o)
 .data.rel.impure_data
                0x0000000000000038       0x60 ../../newlib/libc.a(lib_a-impure.o)
 .data.rel.local._impure_ptr
                0x0000000000000098        0x4 ../../newlib/libc.a(lib_a-impure.o)
                0x0000000000000098                _impure_ptr
 .data.rel.ro.local._global_impure_ptr
                0x000000000000009c        0x4 ../../newlib/libc.a(lib_a-impure.o)
                0x000000000000009c                _global_impure_ptr
 .data          0x00000000000000a0        0x0 ../../newlib/libc.a(lib_a-malloc.o)
 .data          0x00000000000000a0        0x0 ../../newlib/libc.a(lib_a-memcpy-stub.o)
 .data          0x00000000000000a0        0x0 ../../newlib/libc.a(lib_a-memset.o)
 .data          0x00000000000000a0        0x0 ../../newlib/libc.a(lib_a-nano-freer.o)
 .data          0x00000000000000a0        0x0 ../../newlib/libc.a(lib_a-nano-mallocr.o)
 .data          0x00000000000000a0        0x0 ../../newlib/libc.a(lib_a-printf.o)
 .data          0x00000000000000a0        0x0 ../../newlib/libc.a(lib_a-sbrkr.o)
 .data          0x00000000000000a0        0x0 ../../newlib/libc.a(lib_a-strncpy.o)
 .data          0x00000000000000a0        0x0 ../../newlib/libc.a(lib_a-findfp.o)
 .data          0x00000000000000a0        0x0 ../../newlib/libc.a(lib_a-fwalk.o)
 .data          0x00000000000000a0        0x0 ../../newlib/libc.a(lib_a-mlock.o)
 .data          0x00000000000000a0        0x0 ../../newlib/libc.a(lib_a-nano-vfprintf.o)
 .data          0x00000000000000a0        0x0 ../../newlib/libc.a(lib_a-reent.o)
 .data          0x00000000000000a0        0x0 ../../newlib/libc.a(lib_a-stdio.o)
 .data          0x00000000000000a0        0x0 ../../newlib/libc.a(lib_a-wbuf.o)
 .data          0x00000000000000a0        0x0 ../../newlib/libc.a(lib_a-writer.o)
 .data          0x00000000000000a0        0x0 ../../newlib/libc.a(lib_a-wsetup.o)
 .data          0x00000000000000a0        0x0 ../../newlib/libc.a(lib_a-closer.o)
 .data          0x00000000000000a0        0x0 ../../newlib/libc.a(lib_a-fflush.o)
 .data          0x00000000000000a0        0x0 ../../newlib/libc.a(lib_a-fvwrite.o)
 .data          0x00000000000000a0        0x0 ../../newlib/libc.a(lib_a-lseekr.o)
 .data          0x00000000000000a0        0x0 ../../newlib/libc.a(lib_a-makebuf.o)
 .data          0x00000000000000a0        0x0 ../../newlib/libc.a(lib_a-memchr-stub.o)
 .data          0x00000000000000a0        0x0 ../../newlib/libc.a(lib_a-memmove.o)
 .data          0x00000000000000a0        0x0 ../../newlib/libc.a(lib_a-nano-reallocr.o)
 .data          0x00000000000000a0        0x0 ../../newlib/libc.a(lib_a-nano-vfprintf_i.o)
 .data          0x00000000000000a0        0x0 ../../newlib/libc.a(lib_a-readr.o)
 .data          0x00000000000000a0        0x0 ../../newlib/libc.a(lib_a-fstatr.o)
 .data          0x00000000000000a0        0x0 ../../newlib/libc.a(lib_a-isattyr.o)
 .data          0x00000000000000a0        0x0 ../../newlib/libc.a(lib_a-nano-msizer.o)
 .data          0x00000000000000a0        0x0 ../../libc++/libgcc.a(_thumb1_case_uqi.o)
 .data          0x00000000000000a0        0x0 ../../libc++/libgcc.a(_udivsi3.o)
 .data          0x00000000000000a0        0x0 ../../libc++/libgcc.a(_divsi3.o)
 .data          0x00000000000000a0        0x0 ../../libc++/libgcc.a(_dvmd_tls.o)
 .data          0x00000000000000a0        0x0 ../../libtock/build/cortex-m0/libtock.a(sys.o)
 .data          0x00000000000000a0        0x0 ../../newlib/libc.a(lib_a-errno.o)
                0x00000000000000a0                . = ALIGN (0x4)

.igot.plt       0x00000000000000a0        0x0 load address 0x00000000800002cc
 .igot.plt      0x00000000000000a0        0x0 build/cortex-m0/main.o

.bss            0x00000000000000a0      0x15c load address 0x00000000800002cc
                0x00000000000000a0                . = ALIGN (0x4)
                0x00000000000000a0                _bss = .
 *(.bss*)
 .bss           0x00000000000000a0        0x0 build/cortex-m0/main.o
 .bss           0x00000000000000a0        0x0 ../../libtock/build/cortex-m0/libtock.a(crt0.o)
 .bss           0x00000000000000a0        0x0 ../../libtock/build/cortex-m0/libtock.a(tock.o)
 .bss.task_cur  0x00000000000000a0        0x4 ../../libtock/build/cortex-m0/libtock.a(tock.o)
 .bss.task_last
                0x00000000000000a4        0x4 ../../libtock/build/cortex-m0/libtock.a(tock.o)
 .bss.task_queue
                0x00000000000000a8      0x140 ../../libtock/build/cortex-m0/libtock.a(tock.o)
 .bss           0x00000000000001e8        0x0 ../../libtock/build/cortex-m0/libtock.a(console.o)
 .bss.putstr_head
                0x00000000000001e8        0x4 ../../libtock/build/cortex-m0/libtock.a(console.o)
 .bss.putstr_tail
                0x00000000000001ec        0x4 ../../libtock/build/cortex-m0/libtock.a(console.o)
 .bss           0x00000000000001f0        0x0 ../../newlib/libc.a(lib_a-exit.o)
 .bss           0x00000000000001f0        0x0 ../../newlib/libc.a(lib_a-impure.o)
 .bss           0x00000000000001f0        0x0 ../../newlib/libc.a(lib_a-malloc.o)
 .bss           0x00000000000001f0        0x0 ../../newlib/libc.a(lib_a-memcpy-stub.o)
 .bss           0x00000000000001f0        0x0 ../../newlib/libc.a(lib_a-memset.o)
 .bss           0x00000000000001f0        0x0 ../../newlib/libc.a(lib_a-nano-freer.o)
 .bss           0x00000000000001f0        0x0 ../../newlib/libc.a(lib_a-nano-mallocr.o)
 .bss.__malloc_free_list
                0x00000000000001f0        0x4 ../../newlib/libc.a(lib_a-nano-mallocr.o)
                0x00000000000001f0                __malloc_free_list
 .bss.__malloc_sbrk_start
                0x00000000000001f4        0x4 ../../newlib/libc.a(lib_a-nano-mallocr.o)
                0x00000000000001f4                __malloc_sbrk_start
 .bss           0x00000000000001f8        0x0 ../../newlib/libc.a(lib_a-printf.o)
 .bss           0x00000000000001f8        0x0 ../../newlib/libc.a(lib_a-sbrkr.o)
 .bss           0x00000000000001f8        0x0 ../../newlib/libc.a(lib_a-strncpy.o)
 .bss           0x00000000000001f8        0x0 ../../newlib/libc.a(lib_a-findfp.o)
 .bss           0x00000000000001f8        0x0 ../../newlib/libc.a(lib_a-fwalk.o)
 .bss           0x00000000000001f8        0x0 ../../newlib/libc.a(lib_a-mlock.o)
 .bss           0x00000000000001f8        0x0 ../../newlib/libc.a(lib_a-nano-vfprintf.o)
 .bss           0x00000000000001f8        0x0 ../../newlib/libc.a(lib_a-reent.o)
 .bss           0x00000000000001f8        0x0 ../../newlib/libc.a(lib_a-stdio.o)
 .bss           0x00000000000001f8        0x0 ../../newlib/libc.a(lib_a-wbuf.o)
 .bss           0x00000000000001f8        0x0 ../../newlib/libc.a(lib_a-writer.o)
 .bss           0x00000000000001f8        0x0 ../../newlib/libc.a(lib_a-wsetup.o)
 .bss           0x00000000000001f8        0x0 ../../newlib/libc.a(lib_a-closer.o)
 .bss           0x00000000000001f8        0x0 ../../newlib/libc.a(lib_a-fflush.o)
 .bss           0x00000000000001f8        0x0 ../../newlib/libc.a(lib_a-fvwrite.o)
 .bss           0x00000000000001f8        0x0 ../../newlib/libc.a(lib_a-lseekr.o)
 .bss           0x00000000000001f8        0x0 ../../newlib/libc.a(lib_a-makebuf.o)
 .bss           0x00000000000001f8        0x0 ../../newlib/libc.a(lib_a-memchr-stub.o)
 .bss           0x00000000000001f8        0x0 ../../newlib/libc.a(lib_a-memmove.o)
 .bss           0x00000000000001f8        0x0 ../../newlib/libc.a(lib_a-nano-reallocr.o)
 .bss           0x00000000000001f8        0x0 ../../newlib/libc.a(lib_a-nano-vfprintf_i.o)
 .bss           0x00000000000001f8        0x0 ../../newlib/libc.a(lib_a-readr.o)
 .bss           0x00000000000001f8        0x0 ../../newlib/libc.a(lib_a-fstatr.o)
 .bss           0x00000000000001f8        0x0 ../../newlib/libc.a(lib_a-isattyr.o)
 .bss           0x00000000000001f8        0x0 ../../newlib/libc.a(lib_a-nano-msizer.o)
 .bss           0x00000000000001f8        0x0 ../../libc++/libgcc.a(_thumb1_case_uqi.o)
 .bss           0x00000000000001f8        0x0 ../../libc++/libgcc.a(_udivsi3.o)
 .bss           0x00000000000001f8        0x0 ../../libc++/libgcc.a(_divsi3.o)
 .bss           0x00000000000001f8        0x0 ../../libc++/libgcc.a(_dvmd_tls.o)
 .bss           0x00000000000001f8        0x0 ../../libtock/build/cortex-m0/libtock.a(sys.o)
 .bss.__dso_handle
                0x00000000000001f8        0x4 ../../libtock/build/cortex-m0/libtock.a(sys.o)
                0x00000000000001f8                __dso_handle
 .bss           0x00000000000001fc        0x0 ../../newlib/libc.a(lib_a-errno.o)
 *(COMMON)
                0x00000000000001fc                . = ALIGN (0x4)

.endflash       0x00000000800002cc        0x0
                [!provide]                        PROVIDE (__exidx_start = .)

.ARM.exidx
 *(.ARM.exidx* .gnu.linkonce.armexidx.*)
                [!provide]                        PROVIDE (__exidx_end = .)
OUTPUT(build/cortex-m0/cortex-m0.elf elf32-littlearm)

.GCC.command.line
                0x0000000000000000      0x581
 .GCC.command.line
                0x0000000000000000      0x459 build/cortex-m0/main.o
 .GCC.command.line
                0x0000000000000459       0x49 ../../libtock/build/cortex-m0/libtock.a(crt0.o)
                                        0x475 (size before relaxing)
 .GCC.command.line
                0x00000000000004a2       0x49 ../../libtock/build/cortex-m0/libtock.a(tock.o)
                                        0x475 (size before relaxing)
 .GCC.command.line
                0x00000000000004eb       0x4f ../../libtock/build/cortex-m0/libtock.a(console.o)
                                        0x47b (size before relaxing)
 .GCC.command.line
                0x000000000000053a       0x47 ../../libtock/build/cortex-m0/libtock.a(sys.o)
                                        0x473 (size before relaxing)

.comment        0x0000000000000000       0xa5
 .comment       0x0000000000000000       0x7f build/cortex-m0/main.o
                                         0x80 (size before relaxing)
 .comment       0x000000000000007f       0x80 ../../libtock/build/cortex-m0/libtock.a(crt0.o)
 .comment       0x000000000000007f       0x80 ../../libtock/build/cortex-m0/libtock.a(tock.o)
 .comment       0x000000000000007f       0x80 ../../libtock/build/cortex-m0/libtock.a(console.o)
 .comment       0x000000000000007f       0x26 ../../newlib/libc.a(lib_a-exit.o)
                                         0x27 (size before relaxing)
 .comment       0x00000000000000a5       0x27 ../../newlib/libc.a(lib_a-impure.o)
 .comment       0x00000000000000a5       0x27 ../../newlib/libc.a(lib_a-malloc.o)
 .comment       0x00000000000000a5       0x27 ../../newlib/libc.a(lib_a-memcpy-stub.o)
 .comment       0x00000000000000a5       0x27 ../../newlib/libc.a(lib_a-memset.o)
 .comment       0x00000000000000a5       0x27 ../../newlib/libc.a(lib_a-nano-freer.o)
 .comment       0x00000000000000a5       0x27 ../../newlib/libc.a(lib_a-nano-mallocr.o)
 .comment       0x00000000000000a5       0x27 ../../newlib/libc.a(lib_a-printf.o)
 .comment       0x00000000000000a5       0x27 ../../newlib/libc.a(lib_a-sbrkr.o)
 .comment       0x00000000000000a5       0x27 ../../newlib/libc.a(lib_a-strncpy.o)
 .comment       0x00000000000000a5       0x27 ../../newlib/libc.a(lib_a-findfp.o)
 .comment       0x00000000000000a5       0x27 ../../newlib/libc.a(lib_a-fwalk.o)
 .comment       0x00000000000000a5       0x27 ../../newlib/libc.a(lib_a-mlock.o)
 .comment       0x00000000000000a5       0x27 ../../newlib/libc.a(lib_a-nano-vfprintf.o)
 .comment       0x00000000000000a5       0x27 ../../newlib/libc.a(lib_a-reent.o)
 .comment       0x00000000000000a5       0x27 ../../newlib/libc.a(lib_a-stdio.o)
 .comment       0x00000000000000a5       0x27 ../../newlib/libc.a(lib_a-wbuf.o)
 .comment       0x00000000000000a5       0x27 ../../newlib/libc.a(lib_a-writer.o)
 .comment       0x00000000000000a5       0x27 ../../newlib/libc.a(lib_a-wsetup.o)
 .comment       0x00000000000000a5       0x27 ../../newlib/libc.a(lib_a-closer.o)
 .comment       0x00000000000000a5       0x27 ../../newlib/libc.a(lib_a-fflush.o)
 .comment       0x00000000000000a5       0x27 ../../newlib/libc.a(lib_a-fvwrite.o)
 .comment       0x00000000000000a5       0x27 ../../newlib/libc.a(lib_a-lseekr.o)
 .comment       0x00000000000000a5       0x27 ../../newlib/libc.a(lib_a-makebuf.o)
 .comment       0x00000000000000a5       0x27 ../../newlib/libc.a(lib_a-memchr-stub.o)
 .comment       0x00000000000000a5       0x27 ../../newlib/libc.a(lib_a-memmove.o)
 .comment       0x00000000000000a5       0x27 ../../newlib/libc.a(lib_a-nano-reallocr.o)
 .comment       0x00000000000000a5       0x27 ../../newlib/libc.a(lib_a-nano-vfprintf_i.o)
 .comment       0x00000000000000a5       0x27 ../../newlib/libc.a(lib_a-readr.o)
 .comment       0x00000000000000a5       0x27 ../../newlib/libc.a(lib_a-fstatr.o)
 .comment       0x00000000000000a5       0x27 ../../newlib/libc.a(lib_a-isattyr.o)
 .comment       0x00000000000000a5       0x27 ../../newlib/libc.a(lib_a-nano-msizer.o)
 .comment       0x00000000000000a5       0x80 ../../libtock/build/cortex-m0/libtock.a(sys.o)
 .comment       0x00000000000000a5       0x27 ../../newlib/libc.a(lib_a-errno.o)

.ARM.attributes
                0x0000000000000000       0x31
 .ARM.attributes
                0x0000000000000000       0x31 build/cortex-m0/main.o
 .ARM.attributes
                0x0000000000000031       0x31 ../../libtock/build/cortex-m0/libtock.a(crt0.o)
 .ARM.attributes
                0x0000000000000062       0x31 ../../libtock/build/cortex-m0/libtock.a(tock.o)
 .ARM.attributes
                0x0000000000000093       0x31 ../../libtock/build/cortex-m0/libtock.a(console.o)
 .ARM.attributes
                0x00000000000000c4       0x2c ../../newlib/libc.a(lib_a-exit.o)
 .ARM.attributes
                0x00000000000000f0       0x2c ../../newlib/libc.a(lib_a-impure.o)
 .ARM.attributes
                0x000000000000011c       0x2c ../../newlib/libc.a(lib_a-malloc.o)
 .ARM.attributes
                0x0000000000000148       0x2c ../../newlib/libc.a(lib_a-memcpy-stub.o)
 .ARM.attributes
                0x0000000000000174       0x2c ../../newlib/libc.a(lib_a-memset.o)
 .ARM.attributes
                0x00000000000001a0       0x2c ../../newlib/libc.a(lib_a-nano-freer.o)
 .ARM.attributes
                0x00000000000001cc       0x2c ../../newlib/libc.a(lib_a-nano-mallocr.o)
 .ARM.attributes
                0x00000000000001f8       0x2c ../../newlib/libc.a(lib_a-printf.o)
 .ARM.attributes
                0x0000000000000224       0x2c ../../newlib/libc.a(lib_a-sbrkr.o)
 .ARM.attributes
                0x0000000000000250       0x2c ../../newlib/libc.a(lib_a-strncpy.o)
 .ARM.attributes
                0x000000000000027c       0x2c ../../newlib/libc.a(lib_a-findfp.o)
 .ARM.attributes
                0x00000000000002a8       0x2c ../../newlib/libc.a(lib_a-fwalk.o)
 .ARM.attributes
                0x00000000000002d4       0x2c ../../newlib/libc.a(lib_a-mlock.o)
 .ARM.attributes
                0x0000000000000300       0x2c ../../newlib/libc.a(lib_a-nano-vfprintf.o)
 .ARM.attributes
                0x000000000000032c       0x2c ../../newlib/libc.a(lib_a-reent.o)
 .ARM.attributes
                0x0000000000000358       0x2c ../../newlib/libc.a(lib_a-stdio.o)
 .ARM.attributes
                0x0000000000000384       0x2c ../../newlib/libc.a(lib_a-wbuf.o)
 .ARM.attributes
                0x00000000000003b0       0x2c ../../newlib/libc.a(lib_a-writer.o)
 .ARM.attributes
                0x00000000000003dc       0x2c ../../newlib/libc.a(lib_a-wsetup.o)
 .ARM.attributes
                0x0000000000000408       0x2c ../../newlib/libc.a(lib_a-closer.o)
 .ARM.attributes
                0x0000000000000434       0x2c ../../newlib/libc.a(lib_a-fflush.o)
 .ARM.attributes
                0x0000000000000460       0x2c ../../newlib/libc.a(lib_a-fvwrite.o)
 .ARM.attributes
                0x000000000000048c       0x2c ../../newlib/libc.a(lib_a-lseekr.o)
 .ARM.attributes
                0x00000000000004b8       0x2c ../../newlib/libc.a(lib_a-makebuf.o)
 .ARM.attributes
                0x00000000000004e4       0x2c ../../newlib/libc.a(lib_a-memchr-stub.o)
 .ARM.attributes
                0x0000000000000510       0x2c ../../newlib/libc.a(lib_a-memmove.o)
 .ARM.attributes
                0x000000000000053c       0x2c ../../newlib/libc.a(lib_a-nano-reallocr.o)
 .ARM.attributes
                0x0000000000000568       0x2c ../../newlib/libc.a(lib_a-nano-vfprintf_i.o)
 .ARM.attributes
                0x0000000000000594       0x2c ../../newlib/libc.a(lib_a-readr.o)
 .ARM.attributes
                0x00000000000005c0       0x2c ../../newlib/libc.a(lib_a-fstatr.o)
 .ARM.attributes
                0x00000000000005ec       0x2c ../../newlib/libc.a(lib_a-isattyr.o)
 .ARM.attributes
                0x0000000000000618       0x2c ../../newlib/libc.a(lib_a-nano-msizer.o)
 .ARM.attributes
                0x0000000000000644       0x23 ../../libc++/libgcc.a(_thumb1_case_uqi.o)
 .ARM.attributes
                0x0000000000000667       0x23 ../../libc++/libgcc.a(_udivsi3.o)
 .ARM.attributes
                0x000000000000068a       0x23 ../../libc++/libgcc.a(_divsi3.o)
 .ARM.attributes
                0x00000000000006ad       0x23 ../../libc++/libgcc.a(_dvmd_tls.o)
 .ARM.attributes
                0x00000000000006d0       0x31 ../../libtock/build/cortex-m0/libtock.a(sys.o)
 .ARM.attributes
                0x0000000000000701       0x2c ../../newlib/libc.a(lib_a-errno.o)

.debug_info     0x0000000000000000    0x1c792
 .debug_info    0x0000000000000000      0xa81 build/cortex-m0/main.o
 .debug_info    0x0000000000000a81      0xcba ../../libtock/build/cortex-m0/libtock.a(crt0.o)
 .debug_info    0x000000000000173b     0x10d7 ../../libtock/build/cortex-m0/libtock.a(tock.o)
 .debug_info    0x0000000000002812     0x10f0 ../../libtock/build/cortex-m0/libtock.a(console.o)
 .debug_info    0x0000000000003902      0x959 ../../newlib/libc.a(lib_a-exit.o)
 .debug_info    0x000000000000425b      0x8ab ../../newlib/libc.a(lib_a-impure.o)
 .debug_info    0x0000000000004b06      0x928 ../../newlib/libc.a(lib_a-malloc.o)
 .debug_info    0x000000000000542e      0x916 ../../newlib/libc.a(lib_a-memcpy-stub.o)
 .debug_info    0x0000000000005d44      0xde0 ../../newlib/libc.a(lib_a-memset.o)
 .debug_info    0x0000000000006b24      0xb0c ../../newlib/libc.a(lib_a-nano-freer.o)
 .debug_info    0x0000000000007630      0xbb2 ../../newlib/libc.a(lib_a-nano-mallocr.o)
 .debug_info    0x00000000000081e2      0xbbb ../../newlib/libc.a(lib_a-printf.o)
 .debug_info    0x0000000000008d9d      0x960 ../../newlib/libc.a(lib_a-sbrkr.o)
 .debug_info    0x00000000000096fd      0x900 ../../newlib/libc.a(lib_a-strncpy.o)
 .debug_info    0x0000000000009ffd      0xf6d ../../newlib/libc.a(lib_a-findfp.o)
 .debug_info    0x000000000000af6a      0xbd6 ../../newlib/libc.a(lib_a-fwalk.o)
 .debug_info    0x000000000000bb40      0x8de ../../newlib/libc.a(lib_a-mlock.o)
 .debug_info    0x000000000000c41e     0x15cc ../../newlib/libc.a(lib_a-nano-vfprintf.o)
 .debug_info    0x000000000000d9ea      0xa67 ../../newlib/libc.a(lib_a-reent.o)
 .debug_info    0x000000000000e451      0xd5b ../../newlib/libc.a(lib_a-stdio.o)
 .debug_info    0x000000000000f1ac      0xbdb ../../newlib/libc.a(lib_a-wbuf.o)
 .debug_info    0x000000000000fd87      0x9a3 ../../newlib/libc.a(lib_a-writer.o)
 .debug_info    0x000000000001072a      0xb53 ../../newlib/libc.a(lib_a-wsetup.o)
 .debug_info    0x000000000001127d      0x956 ../../newlib/libc.a(lib_a-closer.o)
 .debug_info    0x0000000000011bd3      0xc9b ../../newlib/libc.a(lib_a-fflush.o)
 .debug_info    0x000000000001286e      0xe14 ../../newlib/libc.a(lib_a-fvwrite.o)
 .debug_info    0x0000000000013682      0x986 ../../newlib/libc.a(lib_a-lseekr.o)
 .debug_info    0x0000000000014008      0xe3f ../../newlib/libc.a(lib_a-makebuf.o)
 .debug_info    0x0000000000014e47      0x908 ../../newlib/libc.a(lib_a-memchr-stub.o)
 .debug_info    0x000000000001574f      0xdfe ../../newlib/libc.a(lib_a-memmove.o)
 .debug_info    0x000000000001654d      0xabe ../../newlib/libc.a(lib_a-nano-reallocr.o)
 .debug_info    0x000000000001700b     0x1447 ../../newlib/libc.a(lib_a-nano-vfprintf_i.o)
 .debug_info    0x0000000000018452      0x99c ../../newlib/libc.a(lib_a-readr.o)
 .debug_info    0x0000000000018dee      0xb68 ../../newlib/libc.a(lib_a-fstatr.o)
 .debug_info    0x0000000000019956      0x956 ../../newlib/libc.a(lib_a-isattyr.o)
 .debug_info    0x000000000001a2ac      0xa02 ../../newlib/libc.a(lib_a-nano-msizer.o)
 .debug_info    0x000000000001acae       0xae ../../libc++/libgcc.a(_thumb1_case_uqi.o)
 .debug_info    0x000000000001ad5c       0xae ../../libc++/libgcc.a(_udivsi3.o)
 .debug_info    0x000000000001ae0a       0xae ../../libc++/libgcc.a(_divsi3.o)
 .debug_info    0x000000000001aeb8       0xae ../../libc++/libgcc.a(_dvmd_tls.o)
 .debug_info    0x000000000001af66      0xf5a ../../libtock/build/cortex-m0/libtock.a(sys.o)
 .debug_info    0x000000000001bec0      0x8d2 ../../newlib/libc.a(lib_a-errno.o)

.debug_abbrev   0x0000000000000000     0x4f8e
 .debug_abbrev  0x0000000000000000      0x1f0 build/cortex-m0/main.o
 .debug_abbrev  0x00000000000001f0      0x25a ../../libtock/build/cortex-m0/libtock.a(crt0.o)
 .debug_abbrev  0x000000000000044a      0x2a1 ../../libtock/build/cortex-m0/libtock.a(tock.o)
 .debug_abbrev  0x00000000000006eb      0x2d3 ../../libtock/build/cortex-m0/libtock.a(console.o)
 .debug_abbrev  0x00000000000009be      0x1cd ../../newlib/libc.a(lib_a-exit.o)
 .debug_abbrev  0x0000000000000b8b      0x15c ../../newlib/libc.a(lib_a-impure.o)
 .debug_abbrev  0x0000000000000ce7      0x1c6 ../../newlib/libc.a(lib_a-malloc.o)
 .debug_abbrev  0x0000000000000ead      0x1ac ../../newlib/libc.a(lib_a-memcpy-stub.o)
 .debug_abbrev  0x0000000000001059      0x197 ../../newlib/libc.a(lib_a-memset.o)
 .debug_abbrev  0x00000000000011f0      0x275 ../../newlib/libc.a(lib_a-nano-freer.o)
 .debug_abbrev  0x0000000000001465      0x2c7 ../../newlib/libc.a(lib_a-nano-mallocr.o)
 .debug_abbrev  0x000000000000172c      0x24d ../../newlib/libc.a(lib_a-printf.o)
 .debug_abbrev  0x0000000000001979      0x1df ../../newlib/libc.a(lib_a-sbrkr.o)
 .debug_abbrev  0x0000000000001b58      0x196 ../../newlib/libc.a(lib_a-strncpy.o)
 .debug_abbrev  0x0000000000001cee      0x32c ../../newlib/libc.a(lib_a-findfp.o)
 .debug_abbrev  0x000000000000201a      0x1ef ../../newlib/libc.a(lib_a-fwalk.o)
 .debug_abbrev  0x0000000000002209      0x19d ../../newlib/libc.a(lib_a-mlock.o)
 .debug_abbrev  0x00000000000023a6      0x2c2 ../../newlib/libc.a(lib_a-nano-vfprintf.o)
 .debug_abbrev  0x0000000000002668      0x221 ../../newlib/libc.a(lib_a-reent.o)
 .debug_abbrev  0x0000000000002889      0x225 ../../newlib/libc.a(lib_a-stdio.o)
 .debug_abbrev  0x0000000000002aae      0x233 ../../newlib/libc.a(lib_a-wbuf.o)
 .debug_abbrev  0x0000000000002ce1      0x1e1 ../../newlib/libc.a(lib_a-writer.o)
 .debug_abbrev  0x0000000000002ec2      0x208 ../../newlib/libc.a(lib_a-wsetup.o)
 .debug_abbrev  0x00000000000030ca      0x1da ../../newlib/libc.a(lib_a-closer.o)
 .debug_abbrev  0x00000000000032a4      0x29d ../../newlib/libc.a(lib_a-fflush.o)
 .debug_abbrev  0x0000000000003541      0x237 ../../newlib/libc.a(lib_a-fvwrite.o)
 .debug_abbrev  0x0000000000003778      0x1eb ../../newlib/libc.a(lib_a-lseekr.o)
 .debug_abbrev  0x0000000000003963      0x2a3 ../../newlib/libc.a(lib_a-makebuf.o)
 .debug_abbrev  0x0000000000003c06      0x1a5 ../../newlib/libc.a(lib_a-memchr-stub.o)
 .debug_abbrev  0x0000000000003dab      0x19c ../../newlib/libc.a(lib_a-memmove.o)
 .debug_abbrev  0x0000000000003f47      0x1f4 ../../newlib/libc.a(lib_a-nano-reallocr.o)
 .debug_abbrev  0x000000000000413b      0x2aa ../../newlib/libc.a(lib_a-nano-vfprintf_i.o)
 .debug_abbrev  0x00000000000043e5      0x1dc ../../newlib/libc.a(lib_a-readr.o)
 .debug_abbrev  0x00000000000045c1      0x1e9 ../../newlib/libc.a(lib_a-fstatr.o)
 .debug_abbrev  0x00000000000047aa      0x1da ../../newlib/libc.a(lib_a-isattyr.o)
 .debug_abbrev  0x0000000000004984      0x1b4 ../../newlib/libc.a(lib_a-nano-msizer.o)
 .debug_abbrev  0x0000000000004b38       0x14 ../../libc++/libgcc.a(_thumb1_case_uqi.o)
 .debug_abbrev  0x0000000000004b4c       0x14 ../../libc++/libgcc.a(_udivsi3.o)
 .debug_abbrev  0x0000000000004b60       0x14 ../../libc++/libgcc.a(_divsi3.o)
 .debug_abbrev  0x0000000000004b74       0x14 ../../libc++/libgcc.a(_dvmd_tls.o)
 .debug_abbrev  0x0000000000004b88      0x28e ../../libtock/build/cortex-m0/libtock.a(sys.o)
 .debug_abbrev  0x0000000000004e16      0x178 ../../newlib/libc.a(lib_a-errno.o)

.debug_loc      0x0000000000000000     0x3b80
 .debug_loc     0x0000000000000000       0x20 build/cortex-m0/main.o
 .debug_loc     0x0000000000000020      0x256 ../../libtock/build/cortex-m0/libtock.a(crt0.o)
 .debug_loc     0x0000000000000276      0x529 ../../libtock/build/cortex-m0/libtock.a(tock.o)
 .debug_loc     0x000000000000079f      0x645 ../../libtock/build/cortex-m0/libtock.a(console.o)
 .debug_loc     0x0000000000000de4       0x1e ../../newlib/libc.a(lib_a-exit.o)
 .debug_loc     0x0000000000000e02       0x58 ../../newlib/libc.a(lib_a-malloc.o)
 .debug_loc     0x0000000000000e5a       0xbe ../../newlib/libc.a(lib_a-memcpy-stub.o)
 .debug_loc     0x0000000000000f18       0x72 ../../newlib/libc.a(lib_a-memset.o)
 .debug_loc     0x0000000000000f8a       0xe8 ../../newlib/libc.a(lib_a-nano-freer.o)
 .debug_loc     0x0000000000001072      0x222 ../../newlib/libc.a(lib_a-nano-mallocr.o)
 .debug_loc     0x0000000000001294       0x3f ../../newlib/libc.a(lib_a-printf.o)
 .debug_loc     0x00000000000012d3       0x4d ../../newlib/libc.a(lib_a-sbrkr.o)
 .debug_loc     0x0000000000001320      0x10f ../../newlib/libc.a(lib_a-strncpy.o)
 .debug_loc     0x000000000000142f      0x211 ../../newlib/libc.a(lib_a-findfp.o)
 .debug_loc     0x0000000000001640      0x199 ../../newlib/libc.a(lib_a-fwalk.o)
 .debug_loc     0x00000000000017d9      0x556 ../../newlib/libc.a(lib_a-nano-vfprintf.o)
 .debug_loc     0x0000000000001d2f       0xcb ../../newlib/libc.a(lib_a-reent.o)
 .debug_loc     0x0000000000001dfa      0x302 ../../newlib/libc.a(lib_a-stdio.o)
 .debug_loc     0x00000000000020fc      0x128 ../../newlib/libc.a(lib_a-wbuf.o)
 .debug_loc     0x0000000000002224       0xa5 ../../newlib/libc.a(lib_a-writer.o)
 .debug_loc     0x00000000000022c9       0x7e ../../newlib/libc.a(lib_a-wsetup.o)
 .debug_loc     0x0000000000002347       0x4d ../../newlib/libc.a(lib_a-closer.o)
 .debug_loc     0x0000000000002394      0x2ab ../../newlib/libc.a(lib_a-fflush.o)
 .debug_loc     0x000000000000263f      0x5f2 ../../newlib/libc.a(lib_a-fvwrite.o)
 .debug_loc     0x0000000000002c31       0xa5 ../../newlib/libc.a(lib_a-lseekr.o)
 .debug_loc     0x0000000000002cd6      0x213 ../../newlib/libc.a(lib_a-makebuf.o)
 .debug_loc     0x0000000000002ee9       0xb4 ../../newlib/libc.a(lib_a-memchr-stub.o)
 .debug_loc     0x0000000000002f9d       0xe7 ../../newlib/libc.a(lib_a-memmove.o)
 .debug_loc     0x0000000000003084      0x13c ../../newlib/libc.a(lib_a-nano-reallocr.o)
 .debug_loc     0x00000000000031c0      0x5bb ../../newlib/libc.a(lib_a-nano-vfprintf_i.o)
 .debug_loc     0x000000000000377b       0xa5 ../../newlib/libc.a(lib_a-readr.o)
 .debug_loc     0x0000000000003820       0x79 ../../newlib/libc.a(lib_a-fstatr.o)
 .debug_loc     0x0000000000003899       0x4d ../../newlib/libc.a(lib_a-isattyr.o)
 .debug_loc     0x00000000000038e6       0x7d ../../newlib/libc.a(lib_a-nano-msizer.o)
 .debug_loc     0x0000000000003963      0x21d ../../libtock/build/cortex-m0/libtock.a(sys.o)

.debug_aranges  0x0000000000000000      0x728
 .debug_aranges
                0x0000000000000000       0x28 build/cortex-m0/main.o
 .debug_aranges
                0x0000000000000028       0x20 ../../libtock/build/cortex-m0/libtock.a(crt0.o)
 .debug_aranges
                0x0000000000000048       0xa8 ../../libtock/build/cortex-m0/libtock.a(tock.o)
 .debug_aranges
                0x00000000000000f0       0x58 ../../libtock/build/cortex-m0/libtock.a(console.o)
 .debug_aranges
                0x0000000000000148       0x20 ../../newlib/libc.a(lib_a-exit.o)
 .debug_aranges
                0x0000000000000168       0x18 ../../newlib/libc.a(lib_a-impure.o)
 .debug_aranges
                0x0000000000000180       0x28 ../../newlib/libc.a(lib_a-malloc.o)
 .debug_aranges
                0x00000000000001a8       0x20 ../../newlib/libc.a(lib_a-memcpy-stub.o)
 .debug_aranges
                0x00000000000001c8       0x20 ../../newlib/libc.a(lib_a-memset.o)
 .debug_aranges
                0x00000000000001e8       0x20 ../../newlib/libc.a(lib_a-nano-freer.o)
 .debug_aranges
                0x0000000000000208       0x20 ../../newlib/libc.a(lib_a-nano-mallocr.o)
 .debug_aranges
                0x0000000000000228       0x28 ../../newlib/libc.a(lib_a-printf.o)
 .debug_aranges
                0x0000000000000250       0x20 ../../newlib/libc.a(lib_a-sbrkr.o)
 .debug_aranges
                0x0000000000000270       0x20 ../../newlib/libc.a(lib_a-strncpy.o)
 .debug_aranges
                0x0000000000000290       0x68 ../../newlib/libc.a(lib_a-findfp.o)
 .debug_aranges
                0x00000000000002f8       0x28 ../../newlib/libc.a(lib_a-fwalk.o)
 .debug_aranges
                0x0000000000000320       0x20 ../../newlib/libc.a(lib_a-mlock.o)
 .debug_aranges
                0x0000000000000340       0x40 ../../newlib/libc.a(lib_a-nano-vfprintf.o)
 .debug_aranges
                0x0000000000000380       0x28 ../../newlib/libc.a(lib_a-reent.o)
 .debug_aranges
                0x00000000000003a8       0x40 ../../newlib/libc.a(lib_a-stdio.o)
 .debug_aranges
                0x00000000000003e8       0x28 ../../newlib/libc.a(lib_a-wbuf.o)
 .debug_aranges
                0x0000000000000410       0x20 ../../newlib/libc.a(lib_a-writer.o)
 .debug_aranges
                0x0000000000000430       0x20 ../../newlib/libc.a(lib_a-wsetup.o)
 .debug_aranges
                0x0000000000000450       0x20 ../../newlib/libc.a(lib_a-closer.o)
 .debug_aranges
                0x0000000000000470       0x30 ../../newlib/libc.a(lib_a-fflush.o)
 .debug_aranges
                0x00000000000004a0       0x20 ../../newlib/libc.a(lib_a-fvwrite.o)
 .debug_aranges
                0x00000000000004c0       0x20 ../../newlib/libc.a(lib_a-lseekr.o)
 .debug_aranges
                0x00000000000004e0       0x28 ../../newlib/libc.a(lib_a-makebuf.o)
 .debug_aranges
                0x0000000000000508       0x20 ../../newlib/libc.a(lib_a-memchr-stub.o)
 .debug_aranges
                0x0000000000000528       0x20 ../../newlib/libc.a(lib_a-memmove.o)
 .debug_aranges
                0x0000000000000548       0x20 ../../newlib/libc.a(lib_a-nano-reallocr.o)
 .debug_aranges
                0x0000000000000568       0x28 ../../newlib/libc.a(lib_a-nano-vfprintf_i.o)
 .debug_aranges
                0x0000000000000590       0x20 ../../newlib/libc.a(lib_a-readr.o)
 .debug_aranges
                0x00000000000005b0       0x20 ../../newlib/libc.a(lib_a-fstatr.o)
 .debug_aranges
                0x00000000000005d0       0x20 ../../newlib/libc.a(lib_a-isattyr.o)
 .debug_aranges
                0x00000000000005f0       0x20 ../../newlib/libc.a(lib_a-nano-msizer.o)
 .debug_aranges
                0x0000000000000610       0x20 ../../libc++/libgcc.a(_thumb1_case_uqi.o)
 .debug_aranges
                0x0000000000000630       0x20 ../../libc++/libgcc.a(_udivsi3.o)
 .debug_aranges
                0x0000000000000650       0x20 ../../libc++/libgcc.a(_divsi3.o)
 .debug_aranges
                0x0000000000000670       0x20 ../../libc++/libgcc.a(_dvmd_tls.o)
 .debug_aranges
                0x0000000000000690       0x78 ../../libtock/build/cortex-m0/libtock.a(sys.o)
 .debug_aranges
                0x0000000000000708       0x20 ../../newlib/libc.a(lib_a-errno.o)

.debug_ranges   0x0000000000000000      0x6c8
 .debug_ranges  0x0000000000000000       0x18 build/cortex-m0/main.o
 .debug_ranges  0x0000000000000018       0x68 ../../libtock/build/cortex-m0/libtock.a(crt0.o)
 .debug_ranges  0x0000000000000080       0x98 ../../libtock/build/cortex-m0/libtock.a(tock.o)
 .debug_ranges  0x0000000000000118       0x48 ../../libtock/build/cortex-m0/libtock.a(console.o)
 .debug_ranges  0x0000000000000160       0x10 ../../newlib/libc.a(lib_a-exit.o)
 .debug_ranges  0x0000000000000170       0x18 ../../newlib/libc.a(lib_a-malloc.o)
 .debug_ranges  0x0000000000000188       0x10 ../../newlib/libc.a(lib_a-memcpy-stub.o)
 .debug_ranges  0x0000000000000198       0x10 ../../newlib/libc.a(lib_a-memset.o)
 .debug_ranges  0x00000000000001a8       0x28 ../../newlib/libc.a(lib_a-nano-freer.o)
 .debug_ranges  0x00000000000001d0       0x60 ../../newlib/libc.a(lib_a-nano-mallocr.o)
 .debug_ranges  0x0000000000000230       0x18 ../../newlib/libc.a(lib_a-printf.o)
 .debug_ranges  0x0000000000000248       0x10 ../../newlib/libc.a(lib_a-sbrkr.o)
 .debug_ranges  0x0000000000000258       0x10 ../../newlib/libc.a(lib_a-strncpy.o)
 .debug_ranges  0x0000000000000268       0x58 ../../newlib/libc.a(lib_a-findfp.o)
 .debug_ranges  0x00000000000002c0       0x18 ../../newlib/libc.a(lib_a-fwalk.o)
 .debug_ranges  0x00000000000002d8       0x10 ../../newlib/libc.a(lib_a-mlock.o)
 .debug_ranges  0x00000000000002e8       0x48 ../../newlib/libc.a(lib_a-nano-vfprintf.o)
 .debug_ranges  0x0000000000000330       0x48 ../../newlib/libc.a(lib_a-reent.o)
 .debug_ranges  0x0000000000000378       0x30 ../../newlib/libc.a(lib_a-stdio.o)
 .debug_ranges  0x00000000000003a8       0x30 ../../newlib/libc.a(lib_a-wbuf.o)
 .debug_ranges  0x00000000000003d8       0x10 ../../newlib/libc.a(lib_a-writer.o)
 .debug_ranges  0x00000000000003e8       0x40 ../../newlib/libc.a(lib_a-wsetup.o)
 .debug_ranges  0x0000000000000428       0x28 ../../newlib/libc.a(lib_a-closer.o)
 .debug_ranges  0x0000000000000450       0x68 ../../newlib/libc.a(lib_a-fflush.o)
 .debug_ranges  0x00000000000004b8       0x30 ../../newlib/libc.a(lib_a-fvwrite.o)
 .debug_ranges  0x00000000000004e8       0x10 ../../newlib/libc.a(lib_a-lseekr.o)
 .debug_ranges  0x00000000000004f8       0x30 ../../newlib/libc.a(lib_a-makebuf.o)
 .debug_ranges  0x0000000000000528       0x10 ../../newlib/libc.a(lib_a-memchr-stub.o)
 .debug_ranges  0x0000000000000538       0x10 ../../newlib/libc.a(lib_a-memmove.o)
 .debug_ranges  0x0000000000000548       0x10 ../../newlib/libc.a(lib_a-nano-reallocr.o)
 .debug_ranges  0x0000000000000558       0x88 ../../newlib/libc.a(lib_a-nano-vfprintf_i.o)
 .debug_ranges  0x00000000000005e0       0x10 ../../newlib/libc.a(lib_a-readr.o)
 .debug_ranges  0x00000000000005f0       0x28 ../../newlib/libc.a(lib_a-fstatr.o)
 .debug_ranges  0x0000000000000618       0x28 ../../newlib/libc.a(lib_a-isattyr.o)
 .debug_ranges  0x0000000000000640       0x10 ../../newlib/libc.a(lib_a-nano-msizer.o)
 .debug_ranges  0x0000000000000650       0x68 ../../libtock/build/cortex-m0/libtock.a(sys.o)
 .debug_ranges  0x00000000000006b8       0x10 ../../newlib/libc.a(lib_a-errno.o)

.debug_line     0x0000000000000000     0x4e30
 .debug_line    0x0000000000000000      0x10b build/cortex-m0/main.o
 .debug_line    0x000000000000010b      0x161 ../../libtock/build/cortex-m0/libtock.a(crt0.o)
 .debug_line    0x000000000000026c      0x2be ../../libtock/build/cortex-m0/libtock.a(tock.o)
 .debug_line    0x000000000000052a      0x1e0 ../../libtock/build/cortex-m0/libtock.a(console.o)
 .debug_line    0x000000000000070a      0x1a4 ../../newlib/libc.a(lib_a-exit.o)
 .debug_line    0x00000000000008ae      0x119 ../../newlib/libc.a(lib_a-impure.o)
 .debug_line    0x00000000000009c7      0x1be ../../newlib/libc.a(lib_a-malloc.o)
 .debug_line    0x0000000000000b85      0x1b1 ../../newlib/libc.a(lib_a-memcpy-stub.o)
 .debug_line    0x0000000000000d36      0x216 ../../newlib/libc.a(lib_a-memset.o)
 .debug_line    0x0000000000000f4c      0x17a ../../newlib/libc.a(lib_a-nano-freer.o)
 .debug_line    0x00000000000010c6      0x1f3 ../../newlib/libc.a(lib_a-nano-mallocr.o)
 .debug_line    0x00000000000012b9      0x205 ../../newlib/libc.a(lib_a-printf.o)
 .debug_line    0x00000000000014be      0x1ab ../../newlib/libc.a(lib_a-sbrkr.o)
 .debug_line    0x0000000000001669      0x1a1 ../../newlib/libc.a(lib_a-strncpy.o)
 .debug_line    0x000000000000180a      0x303 ../../newlib/libc.a(lib_a-findfp.o)
 .debug_line    0x0000000000001b0d      0x22b ../../newlib/libc.a(lib_a-fwalk.o)
 .debug_line    0x0000000000001d38      0x129 ../../newlib/libc.a(lib_a-mlock.o)
 .debug_line    0x0000000000001e61      0x443 ../../newlib/libc.a(lib_a-nano-vfprintf.o)
 .debug_line    0x00000000000022a4      0x1d5 ../../newlib/libc.a(lib_a-reent.o)
 .debug_line    0x0000000000002479      0x235 ../../newlib/libc.a(lib_a-stdio.o)
 .debug_line    0x00000000000026ae      0x241 ../../newlib/libc.a(lib_a-wbuf.o)
 .debug_line    0x00000000000028ef      0x1a8 ../../newlib/libc.a(lib_a-writer.o)
 .debug_line    0x0000000000002a97      0x234 ../../newlib/libc.a(lib_a-wsetup.o)
 .debug_line    0x0000000000002ccb      0x1ac ../../newlib/libc.a(lib_a-closer.o)
 .debug_line    0x0000000000002e77      0x2b2 ../../newlib/libc.a(lib_a-fflush.o)
 .debug_line    0x0000000000003129      0x2c3 ../../newlib/libc.a(lib_a-fvwrite.o)
 .debug_line    0x00000000000033ec      0x1a8 ../../newlib/libc.a(lib_a-lseekr.o)
 .debug_line    0x0000000000003594      0x2be ../../newlib/libc.a(lib_a-makebuf.o)
 .debug_line    0x0000000000003852      0x1b1 ../../newlib/libc.a(lib_a-memchr-stub.o)
 .debug_line    0x0000000000003a03      0x226 ../../newlib/libc.a(lib_a-memmove.o)
 .debug_line    0x0000000000003c29      0x1b9 ../../newlib/libc.a(lib_a-nano-reallocr.o)
 .debug_line    0x0000000000003de2      0x439 ../../newlib/libc.a(lib_a-nano-vfprintf_i.o)
 .debug_line    0x000000000000421b      0x1a7 ../../newlib/libc.a(lib_a-readr.o)
 .debug_line    0x00000000000043c2      0x24f ../../newlib/libc.a(lib_a-fstatr.o)
 .debug_line    0x0000000000004611      0x1ad ../../newlib/libc.a(lib_a-isattyr.o)
 .debug_line    0x00000000000047be      0x13f ../../newlib/libc.a(lib_a-nano-msizer.o)
 .debug_line    0x00000000000048fd       0x69 ../../libc++/libgcc.a(_thumb1_case_uqi.o)
 .debug_line    0x0000000000004966       0x78 ../../libc++/libgcc.a(_udivsi3.o)
 .debug_line    0x00000000000049de       0x86 ../../libc++/libgcc.a(_divsi3.o)
 .debug_line    0x0000000000004a64       0x61 ../../libc++/libgcc.a(_dvmd_tls.o)
 .debug_line    0x0000000000004ac5      0x235 ../../libtock/build/cortex-m0/libtock.a(sys.o)
 .debug_line    0x0000000000004cfa      0x136 ../../newlib/libc.a(lib_a-errno.o)

.debug_str      0x0000000000000000     0x20c6
 .debug_str     0x0000000000000000      0x540 build/cortex-m0/main.o
                                        0x61b (size before relaxing)
 .debug_str     0x0000000000000540      0x10a ../../libtock/build/cortex-m0/libtock.a(crt0.o)
                                        0x72e (size before relaxing)
 .debug_str     0x000000000000064a      0x201 ../../libtock/build/cortex-m0/libtock.a(tock.o)
                                        0x848 (size before relaxing)
 .debug_str     0x000000000000084b       0xe6 ../../libtock/build/cortex-m0/libtock.a(console.o)
                                        0x751 (size before relaxing)
 .debug_str     0x0000000000000931      0x21d ../../newlib/libc.a(lib_a-exit.o)
                                        0x67f (size before relaxing)
 .debug_str     0x0000000000000b4e       0xc3 ../../newlib/libc.a(lib_a-impure.o)
                                        0x633 (size before relaxing)
 .debug_str     0x0000000000000c11       0x62 ../../newlib/libc.a(lib_a-malloc.o)
                                        0x664 (size before relaxing)
 .debug_str     0x0000000000000c73       0xdf ../../newlib/libc.a(lib_a-memcpy-stub.o)
                                        0x65d (size before relaxing)
 .debug_str     0x0000000000000d52      0x324 ../../newlib/libc.a(lib_a-memset.o)
                                        0x94c (size before relaxing)
 .debug_str     0x0000000000001076      0x147 ../../newlib/libc.a(lib_a-nano-freer.o)
                                        0x763 (size before relaxing)
 .debug_str     0x00000000000011bd       0x32 ../../newlib/libc.a(lib_a-nano-mallocr.o)
                                        0x77a (size before relaxing)
 .debug_str     0x00000000000011ef      0x1ed ../../newlib/libc.a(lib_a-printf.o)
                                        0x7ad (size before relaxing)
 .debug_str     0x00000000000013dc       0x57 ../../newlib/libc.a(lib_a-sbrkr.o)
                                        0x676 (size before relaxing)
 .debug_str     0x0000000000001433       0x51 ../../newlib/libc.a(lib_a-strncpy.o)
                                        0x655 (size before relaxing)
 .debug_str     0x0000000000001484      0x165 ../../newlib/libc.a(lib_a-findfp.o)
                                        0x8d7 (size before relaxing)
 .debug_str     0x00000000000015e9       0x51 ../../newlib/libc.a(lib_a-fwalk.o)
                                        0x7a9 (size before relaxing)
 .debug_str     0x000000000000163a       0x5c ../../newlib/libc.a(lib_a-mlock.o)
                                        0x65f (size before relaxing)
 .debug_str     0x0000000000001696      0x1d3 ../../newlib/libc.a(lib_a-nano-vfprintf.o)
                                        0xc94 (size before relaxing)
 .debug_str     0x0000000000001869       0x6e ../../newlib/libc.a(lib_a-reent.o)
                                        0x66f (size before relaxing)
 .debug_str     0x00000000000018d7       0xa2 ../../newlib/libc.a(lib_a-stdio.o)
                                        0x7fd (size before relaxing)
 .debug_str     0x0000000000001979       0x53 ../../newlib/libc.a(lib_a-wbuf.o)
                                        0x7bc (size before relaxing)
 .debug_str     0x00000000000019cc       0x43 ../../newlib/libc.a(lib_a-writer.o)
                                        0x673 (size before relaxing)
 .debug_str     0x0000000000001a0f       0x50 ../../newlib/libc.a(lib_a-wsetup.o)
                                        0x7b7 (size before relaxing)
 .debug_str     0x0000000000001a5f       0x43 ../../newlib/libc.a(lib_a-closer.o)
                                        0x663 (size before relaxing)
 .debug_str     0x0000000000001aa2       0x66 ../../newlib/libc.a(lib_a-fflush.o)
                                        0x7e5 (size before relaxing)
 .debug_str     0x0000000000001b08       0x75 ../../newlib/libc.a(lib_a-fvwrite.o)
                                        0x836 (size before relaxing)
 .debug_str     0x0000000000001b7d       0x4a ../../newlib/libc.a(lib_a-lseekr.o)
                                        0x671 (size before relaxing)
 .debug_str     0x0000000000001bc7      0x16a ../../newlib/libc.a(lib_a-makebuf.o)
                                        0x923 (size before relaxing)
 .debug_str     0x0000000000001d31       0x61 ../../newlib/libc.a(lib_a-memchr-stub.o)
                                        0x659 (size before relaxing)
 .debug_str     0x0000000000001d92       0x4e ../../newlib/libc.a(lib_a-memmove.o)
                                        0x967 (size before relaxing)
 .debug_str     0x0000000000001de0       0x23 ../../newlib/libc.a(lib_a-nano-reallocr.o)
                                        0x760 (size before relaxing)
 .debug_str     0x0000000000001e03       0xa4 ../../newlib/libc.a(lib_a-nano-vfprintf_i.o)
                                        0xc1a (size before relaxing)
 .debug_str     0x0000000000001ea7       0x42 ../../newlib/libc.a(lib_a-readr.o)
                                        0x671 (size before relaxing)
 .debug_str     0x0000000000001ee9       0x50 ../../newlib/libc.a(lib_a-fstatr.o)
                                        0x7ca (size before relaxing)
 .debug_str     0x0000000000001f39       0x4c ../../newlib/libc.a(lib_a-isattyr.o)
                                        0x66d (size before relaxing)
 .debug_str     0x0000000000001f85        0xf ../../newlib/libc.a(lib_a-nano-msizer.o)
                                        0x73e (size before relaxing)
 .debug_str     0x0000000000001f94       0x7c ../../libtock/build/cortex-m0/libtock.a(sys.o)
                                        0x83c (size before relaxing)
 .debug_str     0x0000000000002010       0xb6 ../../newlib/libc.a(lib_a-errno.o)
                                        0x645 (size before relaxing)

.debug_frame    0x0000000000000000      0xd50
 .debug_frame   0x0000000000000000       0x38 build/cortex-m0/main.o
 .debug_frame   0x0000000000000038       0x30 ../../libtock/build/cortex-m0/libtock.a(crt0.o)
 .debug_frame   0x0000000000000068      0x1cc ../../libtock/build/cortex-m0/libtock.a(tock.o)
 .debug_frame   0x0000000000000234       0xfc ../../libtock/build/cortex-m0/libtock.a(console.o)
 .debug_frame   0x0000000000000330       0x34 ../../newlib/libc.a(lib_a-exit.o)
 .debug_frame   0x0000000000000364       0x40 ../../newlib/libc.a(lib_a-malloc.o)
 .debug_frame   0x00000000000003a4       0x28 ../../newlib/libc.a(lib_a-memcpy-stub.o)
 .debug_frame   0x00000000000003cc       0x20 ../../newlib/libc.a(lib_a-memset.o)
 .debug_frame   0x00000000000003ec       0x30 ../../newlib/libc.a(lib_a-nano-freer.o)
 .debug_frame   0x000000000000041c       0x34 ../../newlib/libc.a(lib_a-nano-mallocr.o)
 .debug_frame   0x0000000000000450       0x54 ../../newlib/libc.a(lib_a-printf.o)
 .debug_frame   0x00000000000004a4       0x30 ../../newlib/libc.a(lib_a-sbrkr.o)
 .debug_frame   0x00000000000004d4       0x2c ../../newlib/libc.a(lib_a-strncpy.o)
 .debug_frame   0x0000000000000500      0x168 ../../newlib/libc.a(lib_a-findfp.o)
 .debug_frame   0x0000000000000668       0x50 ../../newlib/libc.a(lib_a-fwalk.o)
 .debug_frame   0x00000000000006b8       0x30 ../../newlib/libc.a(lib_a-mlock.o)
 .debug_frame   0x00000000000006e8       0xa8 ../../newlib/libc.a(lib_a-nano-vfprintf.o)
 .debug_frame   0x0000000000000790       0x50 ../../newlib/libc.a(lib_a-reent.o)
 .debug_frame   0x00000000000007e0       0x90 ../../newlib/libc.a(lib_a-stdio.o)
 .debug_frame   0x0000000000000870       0x50 ../../newlib/libc.a(lib_a-wbuf.o)
 .debug_frame   0x00000000000008c0       0x30 ../../newlib/libc.a(lib_a-writer.o)
 .debug_frame   0x00000000000008f0       0x38 ../../newlib/libc.a(lib_a-wsetup.o)
 .debug_frame   0x0000000000000928       0x30 ../../newlib/libc.a(lib_a-closer.o)
 .debug_frame   0x0000000000000958       0x70 ../../newlib/libc.a(lib_a-fflush.o)
 .debug_frame   0x00000000000009c8       0x30 ../../newlib/libc.a(lib_a-fvwrite.o)
 .debug_frame   0x00000000000009f8       0x30 ../../newlib/libc.a(lib_a-lseekr.o)
 .debug_frame   0x0000000000000a28       0x58 ../../newlib/libc.a(lib_a-makebuf.o)
 .debug_frame   0x0000000000000a80       0x20 ../../newlib/libc.a(lib_a-memchr-stub.o)
 .debug_frame   0x0000000000000aa0       0x28 ../../newlib/libc.a(lib_a-memmove.o)
 .debug_frame   0x0000000000000ac8       0x30 ../../newlib/libc.a(lib_a-nano-reallocr.o)
 .debug_frame   0x0000000000000af8       0x58 ../../newlib/libc.a(lib_a-nano-vfprintf_i.o)
 .debug_frame   0x0000000000000b50       0x30 ../../newlib/libc.a(lib_a-readr.o)
 .debug_frame   0x0000000000000b80       0x30 ../../newlib/libc.a(lib_a-fstatr.o)
 .debug_frame   0x0000000000000bb0       0x30 ../../newlib/libc.a(lib_a-isattyr.o)
 .debug_frame   0x0000000000000be0       0x20 ../../newlib/libc.a(lib_a-nano-msizer.o)
 .debug_frame   0x0000000000000c00       0x20 ../../libc++/libgcc.a(_udivsi3.o)
 .debug_frame   0x0000000000000c20       0x20 ../../libc++/libgcc.a(_divsi3.o)
 .debug_frame   0x0000000000000c40       0xe4 ../../libtock/build/cortex-m0/libtock.a(sys.o)
 .debug_frame   0x0000000000000d24       0x2c ../../newlib/libc.a(lib_a-errno.o)
